Archive member included to satisfy reference by file (symbol)

comm/libcomm.a(comm_main.c.obj)
                              main/CMakeFiles/cvirtos.elf.dir/src/main.c.obj (main_cvirtos)
rgn/librgn.a(rgn_main.c.obj)  comm/libcomm.a(comm_main.c.obj) (prvRGNRunTask)
audio/libaudio.a(audio_main.c.obj)
                              comm/libcomm.a(comm_main.c.obj) (prvAudioRunTask)
audio/libaudio.a(cviaudio_algo_interface.c.obj)
                              audio/libaudio.a(audio_main.c.obj) (CviAud_Algo_Init)
audio/libaudio.a(cvi_ssp_interface.c.obj)
                              audio/libaudio.a(cviaudio_algo_interface.c.obj) (audio_ssp_init)
audio/libaudio.a(dc.c.obj)    audio/libaudio.a(cvi_ssp_interface.c.obj) (DC_remover_init)
audio/libaudio.a(delay.c.obj)
                              audio/libaudio.a(cvi_ssp_interface.c.obj) (delay_para)
audio/libaudio.a(dg.c.obj)    audio/libaudio.a(cvi_ssp_interface.c.obj) (DG_para)
audio/libaudio.a(eq.c.obj)    audio/libaudio.a(cvi_ssp_interface.c.obj) (equalizer_para)
audio/libaudio.a(lpaec.c.obj)
                              audio/libaudio.a(cvi_ssp_interface.c.obj) (LP_AEC_para)
audio/libaudio.a(lpaec_subfun.c.obj)
                              audio/libaudio.a(lpaec.c.obj) (DC_filter)
audio/libaudio.a(mmse.c.obj)  audio/libaudio.a(cvi_ssp_interface.c.obj) (NR)
audio/libaudio.a(mmse_init.c.obj)
                              audio/libaudio.a(cvi_ssp_interface.c.obj) (NR_para)
audio/libaudio.a(nlpaes.c.obj)
                              audio/libaudio.a(cvi_ssp_interface.c.obj) (NLP_AES_para)
audio/libaudio.a(nlpaes_subfun.c.obj)
                              audio/libaudio.a(nlpaes.c.obj) (filterbank_create)
audio/libaudio.a(notch.c.obj)
                              audio/libaudio.a(cvi_ssp_interface.c.obj) (notch_para)
audio/libaudio.a(packfft.c.obj)
                              audio/libaudio.a(lpaec.c.obj) (speech_fft_init)
audio/libaudio.a(power.c.obj)
                              audio/libaudio.a(mmse.c.obj) (c_power)
audio/libaudio.a(slope_detection.c.obj)
                              audio/libaudio.a(mmse.c.obj) (slope_detection)
audio/libaudio.a(sum.c.obj)   audio/libaudio.a(mmse.c.obj) (c_sum)
audio/libaudio.a(abs.c.obj)   audio/libaudio.a(mmse.c.obj) (a_abs)
audio/libaudio.a(agc.c.obj)   audio/libaudio.a(cvi_ssp_interface.c.obj) (AGC)
audio/libaudio.a(agc_init.c.obj)
                              audio/libaudio.a(cvi_ssp_interface.c.obj) (AGC_init)
audio/libaudio.a(agc_subfun.c.obj)
                              audio/libaudio.a(agc.c.obj) (envelope)
audio/libaudio.a(bessel.c.obj)
                              audio/libaudio.a(mmse.c.obj) (bessel_function)
audio/libaudio.a(db2linear.c.obj)
                              audio/libaudio.a(agc_init.c.obj) (db_to_linear)
audio/libaudio.a(dr_detection.c.obj)
                              audio/libaudio.a(mmse.c.obj) (dr_detection)
audio/libaudio.a(fftcore.c.obj)
                              audio/libaudio.a(packfft.c.obj) (core_drft_forward)
audio/libaudio.a(log.c.obj)   audio/libaudio.a(mmse.c.obj) (b_log)
audio/libaudio.a(mmse_rtwutil.c.obj)
                              audio/libaudio.a(abs.c.obj) (rt_hypotf)
/root/.jenkins/workspace/cr1821_v3.0.0_release_build/freertos/cvitek/install/lib/libarch.a(cache.c.obj)
                              audio/libaudio.a(audio_main.c.obj) (inv_dcache_range)
/root/.jenkins/workspace/cr1821_v3.0.0_release_build/freertos/cvitek/install/lib/libarch.a(start.S.obj)
                              (_start)
/root/.jenkins/workspace/cr1821_v3.0.0_release_build/freertos/cvitek/install/lib/libcommon.a(memset.c.obj)
                              audio/libaudio.a(cviaudio_algo_interface.c.obj) (memset)
/root/.jenkins/workspace/cr1821_v3.0.0_release_build/freertos/cvitek/install/lib/libcommon.a(printf.c.obj)
                              main/CMakeFiles/cvirtos.elf.dir/src/main.c.obj (printf)
/root/.jenkins/workspace/cr1821_v3.0.0_release_build/freertos/cvitek/install/lib/libcommon.a(memcpy.S.obj)
                              audio/libaudio.a(cvi_ssp_interface.c.obj) (memcpy)
/root/.jenkins/workspace/cr1821_v3.0.0_release_build/freertos/cvitek/install/lib/libcommon.a(sleep.c.obj)
                              audio/libaudio.a(audio_main.c.obj) (usleep)
/root/.jenkins/workspace/cr1821_v3.0.0_release_build/freertos/cvitek/install/lib/libcommon.a(snprintf.c.obj)
                              /root/.jenkins/workspace/cr1821_v3.0.0_release_build/freertos/cvitek/install/lib/libcommon.a(printf.c.obj) (vsnprintf)
/root/.jenkins/workspace/cr1821_v3.0.0_release_build/freertos/cvitek/install/lib/libcommon.a(time.c.obj)
                              /root/.jenkins/workspace/cr1821_v3.0.0_release_build/freertos/cvitek/install/lib/libcommon.a(printf.c.obj) (gettimeofday)
/root/.jenkins/workspace/cr1821_v3.0.0_release_build/freertos/cvitek/install/lib/libdriver.a(system.c.obj)
                              main/CMakeFiles/cvirtos.elf.dir/src/main.c.obj (post_system_init)
[...]
Memory Configuration

Name             Origin             Length             Attributes
psu_ddr_0_MEM_0  0x000000009fe00000 0x0000000000200000
*default*        0x0000000000000000 0xffffffffffffffff

Linker script and memory map

LOAD main/CMakeFiles/cvirtos.elf.dir/src/FreeRTOS_tick_config.c.obj
LOAD main/CMakeFiles/cvirtos.elf.dir/src/main.c.obj
START GROUP
LOAD comm/libcomm.a
LOAD rgn/librgn.a
LOAD audio/libaudio.a
LOAD /root/.jenkins/workspace/cr1821_v3.0.0_release_build/freertos/cvitek/install/lib/libarch.a
LOAD /root/.jenkins/workspace/cr1821_v3.0.0_release_build/freertos/cvitek/install/lib/libaudio.a
LOAD /root/.jenkins/workspace/cr1821_v3.0.0_release_build/freertos/cvitek/install/lib/libcomm.a
LOAD /root/.jenkins/workspace/cr1821_v3.0.0_release_build/freertos/cvitek/install/lib/libcommon.a
LOAD /root/.jenkins/workspace/cr1821_v3.0.0_release_build/freertos/cvitek/install/lib/libdriver.a
LOAD /root/.jenkins/workspace/cr1821_v3.0.0_release_build/freertos/cvitek/install/lib/libhal.a
LOAD /root/.jenkins/workspace/cr1821_v3.0.0_release_build/freertos/cvitek/install/lib/libkernel.a
LOAD /root/.jenkins/workspace/cr1821_v3.0.0_release_build/freertos/cvitek/install/lib/librgn.a
LOAD /root/.jenkins/workspace/cr1821_v3.0.0_release_build/host-tools/gcc/riscv64-elf-x86_64/bin/../lib/gcc/riscv64-unknown-elf/10.2.0/../../../../riscv64-unknown-elf/lib/rv64imafdc/lp64d/libm.a
LOAD /root/.jenkins/workspace/cr1821_v3.0.0_release_build/host-tools/gcc/riscv64-elf-x86_64/bin/../lib/gcc/riscv64-unknown-elf/10.2.0/../../../../riscv64-unknown-elf/lib/rv64imafdc/lp64d/libc.a
LOAD /root/.jenkins/workspace/cr1821_v3.0.0_release_build/host-tools/gcc/riscv64-elf-x86_64/bin/../lib/gcc/riscv64-unknown-elf/10.2.0/rv64imafdc/lp64d/libgcc.a
LOAD /root/.jenkins/workspace/cr1821_v3.0.0_release_build/host-tools/gcc/riscv64-elf-x86_64/bin/../lib/gcc/riscv64-unknown-elf/10.2.0/../../../../riscv64-unknown-elf/lib/rv64imafdc/lp64d/libsim.a
END GROUP
                0x0000000080200000                CONFIG_SYS_TEXT_BASE = 0x80200000
                0x0000000000080000                CVIMMAP_ATF_SIZE = 0x80000
                0x000000009b13e000                CVIMMAP_BOOTLOGO_ADDR = 0x9b13e000
                0x00000000001c2000                CVIMMAP_BOOTLOGO_SIZE = 0x1c2000
                0x0000000082800000                CVIMMAP_CONFIG_SYS_INIT_SP_ADDR = 0x82800000
                0x00000000817ffc00                CVIMMAP_CVI_UPDATE_HEADER_ADDR = 0x817ffc00
                0x0000000000000400                CVIMMAP_CVI_UPDATE_HEADER_SIZE = 0x400
                0x0000000080000000                CVIMMAP_DRAM_BASE = 0x80000000
                0x0000000020000000                CVIMMAP_DRAM_SIZE = 0x20000000
                0x000000009b13e000                CVIMMAP_FRAMEBUFFER_ADDR = 0x9b13e000
                0x00000000001c2000                CVIMMAP_FRAMEBUFFER_SIZE = 0x1c2000
                0x000000009fe00000                CVIMMAP_FREERTOS_ADDR = 0x9fe00000
                0x0000000001600000                CVIMMAP_FREERTOS_RESERVED_ION_SIZE = 0x1600000
                0x0000000000200000                CVIMMAP_FREERTOS_SIZE = 0x200000
                0x000000009fe00000                CVIMMAP_FSBL_C906L_START_ADDR = 0x9fe00000
                0x0000000081800000                CVIMMAP_FSBL_UNZIP_ADDR = 0x81800000
                0x0000000001000000                CVIMMAP_FSBL_UNZIP_SIZE = 0x1000000
                0x000000009b300000                CVIMMAP_H26X_BITSTREAM_ADDR = 0x9b300000
                0x0000000000200000                CVIMMAP_H26X_BITSTREAM_SIZE = 0x200000
                0x000000009b500000                CVIMMAP_H26X_ENC_BUFF_ADDR = 0x9b500000
                0x0000000000000000                CVIMMAP_H26X_ENC_BUFF_SIZE = 0x0
                0x000000009b300000                CVIMMAP_ION_ADDR = 0x9b300000
                0x0000000004b00000                CVIMMAP_ION_SIZE = 0x4b00000
                0x000000009b500000                CVIMMAP_ISP_MEM_BASE_ADDR = 0x9b500000
                0x0000000001400000                CVIMMAP_ISP_MEM_BASE_SIZE = 0x1400000
                0x0000000080000000                CVIMMAP_KERNEL_MEMORY_ADDR = 0x80000000
                0x000000001fe00000                CVIMMAP_KERNEL_MEMORY_SIZE = 0x1fe00000
                0x0000000080000000                CVIMMAP_MONITOR_ADDR = 0x80000000
                0x0000000080080000                CVIMMAP_OPENSBI_FDT_ADDR = 0x80080000
                0x0000000000080000                CVIMMAP_OPENSBI_SIZE = 0x80000
                0x0000000081800000                CVIMMAP_UIMAG_ADDR = 0x81800000
                0x0000000001000000                CVIMMAP_UIMAG_SIZE = 0x1000000
                0x0000000000020000                _STACK_SIZE = DEFINED (_STACK_SIZE)?_STACK_SIZE:0x20000
                0x0000000000000400                _EL0_STACK_SIZE = DEFINED (_EL0_STACK_SIZE)?_EL0_STACK_SIZE:0x400
                0x0000000000000800                _EL1_STACK_SIZE = DEFINED (_EL1_STACK_SIZE)?_EL1_STACK_SIZE:0x800
                0x0000000000000400                _EL2_STACK_SIZE = DEFINED (_EL2_STACK_SIZE)?_EL2_STACK_SIZE:0x400

.text           0x000000009fe00000    0x100fa
 *(.vectors)
 .vectors       0x000000009fe00000      0x100 /root/.jenkins/workspace/cr1821_v3.0.0_release_build/freertos/cvitek/install/lib/libarch.a(start.S.obj)
                0x000000009fe00000                _start
 *(.boot)
 *(.text)
 .text          0x000000009fe00100       0xf6 /root/.jenkins/workspace/cr1821_v3.0.0_release_build/freertos/cvitek/install/lib/libcommon.a(memcpy.S.obj)
                0x000000009fe00100                memcpy
 *fill*         0x000000009fe001f6        0xa 
 .text          0x000000009fe00200      0x390 /root/.jenkins/workspace/cr1821_v3.0.0_release_build/freertos/cvitek/install/lib/libkernel.a(portASM.S.obj)
                0x000000009fe00200                freertos_risc_v_trap_handler
                0x000000009fe00400                xPortStartFirstTask
                0x000000009fe00500                pxPortInitialiseStack
 .text          0x000000009fe00590      0x20a /root/.jenkins/workspace/cr1821_v3.0.0_release_build/host-tools/gcc/riscv64-elf-x86_64/bin/../lib/gcc/riscv64-unknown-elf/10.2.0/../../../../riscv64-unknown-elf/lib/rv64imafdc/lp64d/libm.a(lib_a-s_atan.o)
                0x000000009fe00590                atan
 .text          0x000000009fe0079a      0x138 /root/.jenkins/workspace/cr1821_v3.0.0_release_build/host-tools/gcc/riscv64-elf-x86_64/bin/../lib/gcc/riscv64-unknown-elf/10.2.0/../../../../riscv64-unknown-elf/lib/rv64imafdc/lp64d/libm.a(lib_a-s_ceil.o)
                0x000000009fe0079a                ceil
 .text          0x000000009fe008d2       0x76 /root/.jenkins/workspace/cr1821_v3.0.0_release_build/host-tools/gcc/riscv64-elf-x86_64/bin/../lib/gcc/riscv64-unknown-elf/10.2.0/../../../../riscv64-unknown-elf/lib/rv64imafdc/lp64d/libm.a(lib_a-s_cos.o)
                0x000000009fe008d2                cos
 .text          0x000000009fe00948       0x1a /root/.jenkins/workspace/cr1821_v3.0.0_release_build/host-tools/gcc/riscv64-elf-x86_64/bin/../lib/gcc/riscv64-unknown-elf/10.2.0/../../../../riscv64-unknown-elf/lib/rv64imafdc/lp64d/libm.a(lib_a-s_fabs.o)
                0x000000009fe00948                fabs
 .text          0x000000009fe00962      0x13e /root/.jenkins/workspace/cr1821_v3.0.0_release_build/host-tools/gcc/riscv64-elf-x86_64/bin/../lib/gcc/riscv64-unknown-elf/10.2.0/../../../../riscv64-unknown-elf/lib/rv64imafdc/lp64d/libm.a(lib_a-s_floor.o)
                0x000000009fe00962                floor
 .text          0x000000009fe00aa0       0xc6 /root/.jenkins/workspace/cr1821_v3.0.0_release_build/host-tools/gcc/riscv64-elf-x86_64/bin/../lib/gcc/riscv64-unknown-elf/10.2.0/../../../../riscv64-unknown-elf/lib/rv64imafdc/lp64d/libm.a(lib_a-s_round.o)
                0x000000009fe00aa0                round
 .text          0x000000009fe00b66       0x78 /root/.jenkins/workspace/cr1821_v3.0.0_release_build/host-tools/gcc/riscv64-elf-x86_64/bin/../lib/gcc/riscv64-unknown-elf/10.2.0/../../../../riscv64-unknown-elf/lib/rv64imafdc/lp64d/libm.a(lib_a-s_sin.o)
                0x000000009fe00b66                sin
 .text          0x000000009fe00bde        0x2 /root/.jenkins/workspace/cr1821_v3.0.0_release_build/host-tools/gcc/riscv64-elf-x86_64/bin/../lib/gcc/riscv64-unknown-elf/10.2.0/../../../../riscv64-unknown-elf/lib/rv64imafdc/lp64d/libm.a(lib_a-w_atan2.o)
                0x000000009fe00bde                atan2
 .text          0x000000009fe00be0       0x7a /root/.jenkins/workspace/cr1821_v3.0.0_release_build/host-tools/gcc/riscv64-elf-x86_64/bin/../lib/gcc/riscv64-unknown-elf/10.2.0/../../../../riscv64-unknown-elf/lib/rv64imafdc/lp64d/libm.a(lib_a-w_exp.o)
                0x000000009fe00be0                exp
 .text          0x000000009fe00c5a       0x68 /root/.jenkins/workspace/cr1821_v3.0.0_release_build/host-tools/gcc/riscv64-elf-x86_64/bin/../lib/gcc/riscv64-unknown-elf/10.2.0/../../../../riscv64-unknown-elf/lib/rv64imafdc/lp64d/libm.a(lib_a-w_log.o)
                0x000000009fe00c5a                log
 .text          0x000000009fe00cc2      0x130 /root/.jenkins/workspace/cr1821_v3.0.0_release_build/host-tools/gcc/riscv64-elf-x86_64/bin/../lib/gcc/riscv64-unknown-elf/10.2.0/../../../../riscv64-unknown-elf/lib/rv64imafdc/lp64d/libm.a(lib_a-w_pow.o)
                0x000000009fe00cc2                pow
 .text          0x000000009fe00df2       0x50 /root/.jenkins/workspace/cr1821_v3.0.0_release_build/host-tools/gcc/riscv64-elf-x86_64/bin/../lib/gcc/riscv64-unknown-elf/10.2.0/../../../../riscv64-unknown-elf/lib/rv64imafdc/lp64d/libm.a(lib_a-w_sqrt.o)
                0x000000009fe00df2                sqrt
 .text          0x000000009fe00e42      0x1ea /root/.jenkins/workspace/cr1821_v3.0.0_release_build/host-tools/gcc/riscv64-elf-x86_64/bin/../lib/gcc/riscv64-unknown-elf/10.2.0/../../../../riscv64-unknown-elf/lib/rv64imafdc/lp64d/libm.a(lib_a-e_atan2.o)
                0x000000009fe00e42                __ieee754_atan2
 .text          0x000000009fe0102c      0x27e /root/.jenkins/workspace/cr1821_v3.0.0_release_build/host-tools/gcc/riscv64-elf-x86_64/bin/../lib/gcc/riscv64-unknown-elf/10.2.0/../../../../riscv64-unknown-elf/lib/rv64imafdc/lp64d/libm.a(lib_a-e_exp.o)
                0x000000009fe0102c                __ieee754_exp
 .text          0x000000009fe012aa      0x250 /root/.jenkins/workspace/cr1821_v3.0.0_release_build/host-tools/gcc/riscv64-elf-x86_64/bin/../lib/gcc/riscv64-unknown-elf/10.2.0/../../../../riscv64-unknown-elf/lib/rv64imafdc/lp64d/libm.a(lib_a-e_log.o)
                0x000000009fe012aa                __ieee754_log
 .text          0x000000009fe014fa      0x774 /root/.jenkins/workspace/cr1821_v3.0.0_release_build/host-tools/gcc/riscv64-elf-x86_64/bin/../lib/gcc/riscv64-unknown-elf/10.2.0/../../../../riscv64-unknown-elf/lib/rv64imafdc/lp64d/libm.a(lib_a-e_pow.o)
                0x000000009fe014fa                __ieee754_pow
 .text          0x000000009fe01c6e      0x2c6 /root/.jenkins/workspace/cr1821_v3.0.0_release_build/host-tools/gcc/riscv64-elf-x86_64/bin/../lib/gcc/riscv64-unknown-elf/10.2.0/../../../../riscv64-unknown-elf/lib/rv64imafdc/lp64d/libm.a(lib_a-e_rem_pio2.o)
                0x000000009fe01c6e                __ieee754_rem_pio2
 .text          0x000000009fe01f34      0x1dc /root/.jenkins/workspace/cr1821_v3.0.0_release_build/host-tools/gcc/riscv64-elf-x86_64/bin/../lib/gcc/riscv64-unknown-elf/10.2.0/../../../../riscv64-unknown-elf/lib/rv64imafdc/lp64d/libm.a(lib_a-e_sqrt.o)
                0x000000009fe01f34                __ieee754_sqrt
 .text          0x000000009fe02110      0x148 /root/.jenkins/workspace/cr1821_v3.0.0_release_build/host-tools/gcc/riscv64-elf-x86_64/bin/../lib/gcc/riscv64-unknown-elf/10.2.0/../../../../riscv64-unknown-elf/lib/rv64imafdc/lp64d/libm.a(lib_a-k_cos.o)
                0x000000009fe02110                __kernel_cos
 .text          0x000000009fe02258      0x758 /root/.jenkins/workspace/cr1821_v3.0.0_release_build/host-tools/gcc/riscv64-elf-x86_64/bin/../lib/gcc/riscv64-unknown-elf/10.2.0/../../../../riscv64-unknown-elf/lib/rv64imafdc/lp64d/libm.a(lib_a-k_rem_pio2.o)
                0x000000009fe02258                __kernel_rem_pio2
 .text          0x000000009fe029b0       0xa4 /root/.jenkins/workspace/cr1821_v3.0.0_release_build/host-tools/gcc/riscv64-elf-x86_64/bin/../lib/gcc/riscv64-unknown-elf/10.2.0/../../../../riscv64-unknown-elf/lib/rv64imafdc/lp64d/libm.a(lib_a-k_sin.o)
                0x000000009fe029b0                __kernel_sin
 .text          0x000000009fe02a54       0x14 /root/.jenkins/workspace/cr1821_v3.0.0_release_build/host-tools/gcc/riscv64-elf-x86_64/bin/../lib/gcc/riscv64-unknown-elf/10.2.0/../../../../riscv64-unknown-elf/lib/rv64imafdc/lp64d/libm.a(lib_a-s_finite.o)
                0x000000009fe02a54                finite
 .text          0x000000009fe02a68        0xa /root/.jenkins/workspace/cr1821_v3.0.0_release_build/host-tools/gcc/riscv64-elf-x86_64/bin/../lib/gcc/riscv64-unknown-elf/10.2.0/../../../../riscv64-unknown-elf/lib/rv64imafdc/lp64d/libm.a(lib_a-s_nan.o)
                0x000000009fe02a68                nan
 .text          0x000000009fe02a72      0x16a /root/.jenkins/workspace/cr1821_v3.0.0_release_build/host-tools/gcc/riscv64-elf-x86_64/bin/../lib/gcc/riscv64-unknown-elf/10.2.0/../../../../riscv64-unknown-elf/lib/rv64imafdc/lp64d/libm.a(lib_a-s_rint.o)
                0x000000009fe02a72                rint
 .text          0x000000009fe02bdc      0x12a /root/.jenkins/workspace/cr1821_v3.0.0_release_build/host-tools/gcc/riscv64-elf-x86_64/bin/../lib/gcc/riscv64-unknown-elf/10.2.0/../../../../riscv64-unknown-elf/lib/rv64imafdc/lp64d/libm.a(lib_a-s_scalbn.o)
                0x000000009fe02bdc                scalbn
 .text          0x000000009fe02d06        0xa /root/.jenkins/workspace/cr1821_v3.0.0_release_build/host-tools/gcc/riscv64-elf-x86_64/bin/../lib/gcc/riscv64-unknown-elf/10.2.0/../../../../riscv64-unknown-elf/lib/rv64imafdc/lp64d/libc.a(lib_a-abs.o)
                0x000000009fe02d06                abs
 .text          0x000000009fe02d10        0xa /root/.jenkins/workspace/cr1821_v3.0.0_release_build/host-tools/gcc/riscv64-elf-x86_64/bin/../lib/gcc/riscv64-unknown-elf/10.2.0/../../../../riscv64-unknown-elf/lib/rv64imafdc/lp64d/libc.a(lib_a-errno.o)
                0x000000009fe02d10                __errno
 .text          0x000000009fe02d1a       0xd6 /root/.jenkins/workspace/cr1821_v3.0.0_release_build/host-tools/gcc/riscv64-elf-x86_64/bin/../lib/gcc/riscv64-unknown-elf/10.2.0/../../../../riscv64-unknown-elf/lib/rv64imafdc/lp64d/libc.a(lib_a-memmove-stub.o)
                0x000000009fe02d1a                memmove
 .text          0x000000009fe02df0       0x30 /root/.jenkins/workspace/cr1821_v3.0.0_release_build/host-tools/gcc/riscv64-elf-x86_64/bin/../lib/gcc/riscv64-unknown-elf/10.2.0/rv64imafdc/lp64d/libgcc.a(_clzsi2.o)
                0x000000009fe02df0                __clzdi2
 *(.text.*)
 .text.startup.main
                0x000000009fe02e20       0x34 main/CMakeFiles/cvirtos.elf.dir/src/main.c.obj
                0x000000009fe02e20                main
 .text.vApplicationMallocFailedHook
                0x000000009fe02e54       0x1a main/CMakeFiles/cvirtos.elf.dir/src/main.c.obj
                0x000000009fe02e54                vApplicationMallocFailedHook
 .text.vApplicationStackOverflowHook
                0x000000009fe02e6e       0x28 main/CMakeFiles/cvirtos.elf.dir/src/main.c.obj
                0x000000009fe02e6e                vApplicationStackOverflowHook
 .text.vApplicationTickHook
                0x000000009fe02e96        0x2 main/CMakeFiles/cvirtos.elf.dir/src/main.c.obj
                0x000000009fe02e96                vApplicationTickHook
 .text.vApplicationGetIdleTaskMemory
                0x000000009fe02e98       0x1c main/CMakeFiles/cvirtos.elf.dir/src/main.c.obj
                0x000000009fe02e98                vApplicationGetIdleTaskMemory
 .text.vApplicationGetTimerTaskMemory
                0x000000009fe02eb4       0x1e main/CMakeFiles/cvirtos.elf.dir/src/main.c.obj
                0x000000009fe02eb4                vApplicationGetTimerTaskMemory
 .text.prvCmdQuRunTask
                0x000000009fe02ed2      0x298 comm/libcomm.a(comm_main.c.obj)
                0x000000009fe02ed2                prvCmdQuRunTask
 .text.prvQueueISR
                0x000000009fe0316a      0x186 comm/libcomm.a(comm_main.c.obj)
                0x000000009fe0316a                prvQueueISR
 .text.main_GetMODHandle
                0x000000009fe032f0       0x24 comm/libcomm.a(comm_main.c.obj)
                0x000000009fe032f0                main_GetMODHandle
 .text.main_create_tasks
                0x000000009fe03314       0x4e comm/libcomm.a(comm_main.c.obj)
                0x000000009fe03314                main_create_tasks
 .text.main_cvirtos
                0x000000009fe03362       0x36 comm/libcomm.a(comm_main.c.obj)
                0x000000009fe03362                main_cvirtos
 .text.prvRGNRunTask
                0x000000009fe03398      0x398 rgn/librgn.a(rgn_main.c.obj)
                0x000000009fe03398                prvRGNRunTask
 .text.cvi_audio_init_test
                0x000000009fe03730       0x56 audio/libaudio.a(audio_main.c.obj)
                0x000000009fe03730                cvi_audio_init_test
 .text.prvAudioRunTask
                0x000000009fe03786      0x876 audio/libaudio.a(audio_main.c.obj)
                0x000000009fe03786                prvAudioRunTask
 .text.CviAud_Algo_Init
                0x000000009fe03ffc       0xa4 audio/libaudio.a(cviaudio_algo_interface.c.obj)
                0x000000009fe03ffc                CviAud_Algo_Init
 .text.CviAud_Algo_Process
                0x000000009fe040a0       0x6c audio/libaudio.a(cviaudio_algo_interface.c.obj)
                0x000000009fe040a0                CviAud_Algo_Process
 .text.CviAud_Algo_DeInit
                0x000000009fe0410c       0x38 audio/libaudio.a(cviaudio_algo_interface.c.obj)
                0x000000009fe0410c                CviAud_Algo_DeInit
 .text.audio_ssp_init
                0x000000009fe04144      0x37a audio/libaudio.a(cvi_ssp_interface.c.obj)
                0x000000009fe04144                audio_ssp_init
 .text.audio_ssp_process
                0x000000009fe044be      0x4e4 audio/libaudio.a(cvi_ssp_interface.c.obj)
                0x000000009fe044be                audio_ssp_process
 .text.audio_ssp_deinit
                0x000000009fe049a2       0xde audio/libaudio.a(cvi_ssp_interface.c.obj)
                0x000000009fe049a2                audio_ssp_deinit
 .text.DC_remover_init
                0x000000009fe04a80       0x46 audio/libaudio.a(dc.c.obj)
                0x000000009fe04a80                DC_remover_init
 .text.DC_remover
                0x000000009fe04ac6      0x106 audio/libaudio.a(dc.c.obj)
                0x000000009fe04ac6                DC_remover
 .text.delay_para
                0x000000009fe04bcc       0x26 audio/libaudio.a(delay.c.obj)
                0x000000009fe04bcc                delay_para
 .text.delay_init
                0x000000009fe04bf2       0x82 audio/libaudio.a(delay.c.obj)
                0x000000009fe04bf2                delay_init
 .text.delay_free
                0x000000009fe04c74       0x1a audio/libaudio.a(delay.c.obj)
                0x000000009fe04c74                delay_free
 .text.delay_ref
                0x000000009fe04c8e       0x52 audio/libaudio.a(delay.c.obj)
                0x000000009fe04c8e                delay_ref
 .text.DG_para  0x000000009fe04ce0       0x58 audio/libaudio.a(dg.c.obj)
                0x000000009fe04ce0                DG_para
 .text.apply_DG
                0x000000009fe04d38       0x88 audio/libaudio.a(dg.c.obj)
                0x000000009fe04d38                apply_DG
 .text.compen_DG
                0x000000009fe04dc0       0xbc audio/libaudio.a(dg.c.obj)
                0x000000009fe04dc0                compen_DG
 .text.LP_AEC_para
                0x000000009fe04e7c       0x42 audio/libaudio.a(lpaec.c.obj)
                0x000000009fe04e7c                LP_AEC_para
 .text.LP_AEC_init
                0x000000009fe04ebe      0x4d8 audio/libaudio.a(lpaec.c.obj)
                0x000000009fe04ebe                LP_AEC_init
 .text.echo_state_reset
                0x000000009fe05396      0x12c audio/libaudio.a(lpaec.c.obj)
                0x000000009fe05396                echo_state_reset
 .text.LP_AEC_free
                0x000000009fe054c2       0xb8 audio/libaudio.a(lpaec.c.obj)
                0x000000009fe054c2                LP_AEC_free
 .text.LP_AEC   0x000000009fe0557a      0xcd8 audio/libaudio.a(lpaec.c.obj)
                0x000000009fe0557a                LP_AEC
 .text.DC_filter
                0x000000009fe06252       0x78 audio/libaudio.a(lpaec_subfun.c.obj)
                0x000000009fe06252                DC_filter
 .text.inner_prod
                0x000000009fe062ca       0x46 audio/libaudio.a(lpaec_subfun.c.obj)
                0x000000009fe062ca                inner_prod
 .text.bin_power_spectrum
                0x000000009fe06310       0x7e audio/libaudio.a(lpaec_subfun.c.obj)
                0x000000009fe06310                bin_power_spectrum
 .text.accum_power_spectrum
                0x000000009fe0638e       0x92 audio/libaudio.a(lpaec_subfun.c.obj)
                0x000000009fe0638e                accum_power_spectrum
 .text.accum_spectral_mul
                0x000000009fe06420       0xf0 audio/libaudio.a(lpaec_subfun.c.obj)
                0x000000009fe06420                accum_spectral_mul
 .text.weighted_gradient_phi
                0x000000009fe06510       0xd2 audio/libaudio.a(lpaec_subfun.c.obj)
                0x000000009fe06510                weighted_gradient_phi
 .text.aec_adjust_prop
                0x000000009fe065e2      0x114 audio/libaudio.a(lpaec_subfun.c.obj)
                0x000000009fe065e2                aec_adjust_prop
 .text.NR       0x000000009fe066f6      0xccc audio/libaudio.a(mmse.c.obj)
                0x000000009fe066f6                NR
 .text.NR_para  0x000000009fe073c2      0x11c audio/libaudio.a(mmse_init.c.obj)
                0x000000009fe073c2                NR_para
 .text.NR_init  0x000000009fe074de      0x2da audio/libaudio.a(mmse_init.c.obj)
                0x000000009fe074de                NR_init
 .text.NR_free  0x000000009fe077b8       0x62 audio/libaudio.a(mmse_init.c.obj)
                0x000000009fe077b8                NR_free
 .text.NLP_AES_para
                0x000000009fe0781a       0x76 audio/libaudio.a(nlpaes.c.obj)
                0x000000009fe0781a                NLP_AES_para
 .text.NLP_AES_init
                0x000000009fe07890      0x2ba audio/libaudio.a(nlpaes.c.obj)
                0x000000009fe07890                NLP_AES_init
 .text.NLP_AES_free
                0x000000009fe07b4a       0x86 audio/libaudio.a(nlpaes.c.obj)
                0x000000009fe07b4a                NLP_AES_free
 .text.std_residual_echo
                0x000000009fe07bd0      0x328 audio/libaudio.a(nlpaes.c.obj)
                0x000000009fe07bd0                std_residual_echo
 .text.NLP_AES  0x000000009fe07ef8      0x86c audio/libaudio.a(nlpaes.c.obj)
                0x000000009fe07ef8                NLP_AES
 .text.filterbank_create
                0x000000009fe08764      0x20c audio/libaudio.a(nlpaes_subfun.c.obj)
                0x000000009fe08764                filterbank_create
 .text.filterbank_free
                0x000000009fe08970       0x2c audio/libaudio.a(nlpaes_subfun.c.obj)
                0x000000009fe08970                filterbank_free
 .text.filterbank_linear2sb
                0x000000009fe0899c       0x7c audio/libaudio.a(nlpaes_subfun.c.obj)
                0x000000009fe0899c                filterbank_linear2sb
 .text.filterbank_sb2linear
                0x000000009fe08a18       0x58 audio/libaudio.a(nlpaes_subfun.c.obj)
                0x000000009fe08a18                filterbank_sb2linear
 .text.aes_conj_window
                0x000000009fe08a70      0x132 audio/libaudio.a(nlpaes_subfun.c.obj)
                0x000000009fe08a70                aes_conj_window
 .text.aes_hypergeom_gain
                0x000000009fe08ba2       0xc6 audio/libaudio.a(nlpaes_subfun.c.obj)
                0x000000009fe08ba2                aes_hypergeom_gain
 .text.aes_qcurve
                0x000000009fe08c68       0x1e audio/libaudio.a(nlpaes_subfun.c.obj)
                0x000000009fe08c68                aes_qcurve
 .text.aes_gain_floor
                0x000000009fe08c86       0x98 audio/libaudio.a(nlpaes_subfun.c.obj)
                0x000000009fe08c86                aes_gain_floor
 .text.aes_analysis
                0x000000009fe08d1e      0x16c audio/libaudio.a(nlpaes_subfun.c.obj)
                0x000000009fe08d1e                aes_analysis
 .text.notch_para
                0x000000009fe08e8a       0x48 audio/libaudio.a(notch.c.obj)
                0x000000009fe08e8a                notch_para
 .text.notch_init
                0x000000009fe08ed2       0x1a audio/libaudio.a(notch.c.obj)
                0x000000009fe08ed2                notch_init
 .text.notch_filter
                0x000000009fe08eec      0x16a audio/libaudio.a(notch.c.obj)
                0x000000009fe08eec                notch_filter
 .text.speech_fft_init
                0x000000009fe09056       0x2e audio/libaudio.a(packfft.c.obj)
                0x000000009fe09056                speech_fft_init
 .text.speech_fft_free
                0x000000009fe09084       0x18 audio/libaudio.a(packfft.c.obj)
                0x000000009fe09084                speech_fft_free
 .text.speech_fft
                0x000000009fe0909c       0x6c audio/libaudio.a(packfft.c.obj)
                0x000000009fe0909c                speech_fft
 .text.speech_ifft
                0x000000009fe09108       0x2c audio/libaudio.a(packfft.c.obj)
                0x000000009fe09108                speech_ifft
 .text.c_power  0x000000009fe09134       0x2c audio/libaudio.a(power.c.obj)
                0x000000009fe09134                c_power
 .text.d_power  0x000000009fe09160       0x3a audio/libaudio.a(power.c.obj)
                0x000000009fe09160                d_power
 .text.slope_detection
                0x000000009fe0919a       0xbc audio/libaudio.a(slope_detection.c.obj)
                0x000000009fe0919a                slope_detection
 .text.c_sum    0x000000009fe09256       0x2e audio/libaudio.a(sum.c.obj)
                0x000000009fe09256                c_sum
 .text.a_abs    0x000000009fe09284       0x4a audio/libaudio.a(abs.c.obj)
                0x000000009fe09284                a_abs
 .text.AGC      0x000000009fe092ce      0x462 audio/libaudio.a(agc.c.obj)
                0x000000009fe092ce                AGC
 .text.AGC_init
                0x000000009fe09730       0x8e audio/libaudio.a(agc_init.c.obj)
                0x000000009fe09730                AGC_init
 .text.AGC_para
                0x000000009fe097be      0x1f4 audio/libaudio.a(agc_init.c.obj)
                0x000000009fe097be                AGC_para
 .text.envelope
                0x000000009fe099b2       0x56 audio/libaudio.a(agc_subfun.c.obj)
                0x000000009fe099b2                envelope
 .text.update_gain
                0x000000009fe09a08       0x42 audio/libaudio.a(agc_subfun.c.obj)
                0x000000009fe09a08                update_gain
 .text.bessel_function
                0x000000009fe09a4a      0x11e audio/libaudio.a(bessel.c.obj)
                0x000000009fe09a4a                bessel_function
 .text.db_to_linear
                0x000000009fe09b68       0x3e audio/libaudio.a(db2linear.c.obj)
                0x000000009fe09b68                db_to_linear
 .text.dr_detection
                0x000000009fe09ba6      0x18c audio/libaudio.a(dr_detection.c.obj)
                0x000000009fe09ba6                dr_detection
 .text.dradf2   0x000000009fe09d32      0x174 audio/libaudio.a(fftcore.c.obj)
 .text.dradf4   0x000000009fe09ea6      0x30a audio/libaudio.a(fftcore.c.obj)
 .text.dradb2   0x000000009fe0a1b0      0x174 audio/libaudio.a(fftcore.c.obj)
 .text.dradb3   0x000000009fe0a324      0x1cc audio/libaudio.a(fftcore.c.obj)
 .text.dradb4   0x000000009fe0a4f0      0x302 audio/libaudio.a(fftcore.c.obj)
 .text.dradfg   0x000000009fe0a7f2      0x8f6 audio/libaudio.a(fftcore.c.obj)
 .text.dradbg   0x000000009fe0b0e8      0x7fc audio/libaudio.a(fftcore.c.obj)
 .text.core_drft_forward
                0x000000009fe0b8e4      0x174 audio/libaudio.a(fftcore.c.obj)
                0x000000009fe0b8e4                core_drft_forward
 .text.core_drft_backward
                0x000000009fe0ba58      0x190 audio/libaudio.a(fftcore.c.obj)
                0x000000009fe0ba58                core_drft_backward
 .text.core_drft_init
                0x000000009fe0bbe8      0x20a audio/libaudio.a(fftcore.c.obj)
                0x000000009fe0bbe8                core_drft_init
 .text.core_drft_clear
                0x000000009fe0bdf2       0x2a audio/libaudio.a(fftcore.c.obj)
                0x000000009fe0bdf2                core_drft_clear
 .text.b_log    0x000000009fe0be1c       0x32 audio/libaudio.a(log.c.obj)
                0x000000009fe0be1c                b_log
 .text.rt_hypotf
                0x000000009fe0be4e       0xc2 audio/libaudio.a(mmse_rtwutil.c.obj)
                0x000000009fe0be4e                rt_hypotf
 .text.inv_dcache_range
                0x000000009fe0bf10       0x24 /root/.jenkins/workspace/cr1821_v3.0.0_release_build/freertos/cvitek/install/lib/libarch.a(cache.c.obj)
                0x000000009fe0bf10                inv_dcache_range
 .text.clean_dcache_range
                0x000000009fe0bf34       0x24 /root/.jenkins/workspace/cr1821_v3.0.0_release_build/freertos/cvitek/install/lib/libarch.a(cache.c.obj)
                0x000000009fe0bf34                clean_dcache_range
 .text.flush_dcache_range
                0x000000009fe0bf58       0x24 /root/.jenkins/workspace/cr1821_v3.0.0_release_build/freertos/cvitek/install/lib/libarch.a(cache.c.obj)
                0x000000009fe0bf58                flush_dcache_range
 .text.memset   0x000000009fe0bf7c       0x18 /root/.jenkins/workspace/cr1821_v3.0.0_release_build/freertos/cvitek/install/lib/libcommon.a(memset.c.obj)
                0x000000009fe0bf7c                memset
 .text.printf   0x000000009fe0bf94       0x62 /root/.jenkins/workspace/cr1821_v3.0.0_release_build/freertos/cvitek/install/lib/libcommon.a(printf.c.obj)
                0x000000009fe0bf94                printf
 .text.usleep   0x000000009fe0bff6        0x4 /root/.jenkins/workspace/cr1821_v3.0.0_release_build/freertos/cvitek/install/lib/libcommon.a(sleep.c.obj)
                0x000000009fe0bff6                usleep
 .text.vsnprintf
                0x000000009fe0bffa      0x276 /root/.jenkins/workspace/cr1821_v3.0.0_release_build/freertos/cvitek/install/lib/libcommon.a(snprintf.c.obj)
                0x000000009fe0bffa                vsnprintf
 .text.snprintf
                0x000000009fe0c270       0x20 /root/.jenkins/workspace/cr1821_v3.0.0_release_build/freertos/cvitek/install/lib/libcommon.a(snprintf.c.obj)
                0x000000009fe0c270                snprintf
 .text.gettimeofday
                0x000000009fe0c290       0x36 /root/.jenkins/workspace/cr1821_v3.0.0_release_build/freertos/cvitek/install/lib/libcommon.a(time.c.obj)
                0x000000009fe0c290                gettimeofday
 .text.plic_ack_irq
                0x000000009fe0c2c6        0xe /root/.jenkins/workspace/cr1821_v3.0.0_release_build/freertos/cvitek/install/lib/libdriver.a(system.c.obj)
 .text.plic_eoi_irq
                0x000000009fe0c2d4        0xc /root/.jenkins/workspace/cr1821_v3.0.0_release_build/freertos/cvitek/install/lib/libdriver.a(system.c.obj)
 .text.plic_set_priority_irq
                0x000000009fe0c2e0       0x12 /root/.jenkins/workspace/cr1821_v3.0.0_release_build/freertos/cvitek/install/lib/libdriver.a(system.c.obj)
 .text.plic_set_threshold
                0x000000009fe0c2f2        0xc /root/.jenkins/workspace/cr1821_v3.0.0_release_build/freertos/cvitek/install/lib/libdriver.a(system.c.obj)
 .text.plic_unmask_irq
                0x000000009fe0c2fe       0x48 /root/.jenkins/workspace/cr1821_v3.0.0_release_build/freertos/cvitek/install/lib/libdriver.a(system.c.obj)
 .text.GetCommInfo
                0x000000009fe0c346       0xc0 /root/.jenkins/workspace/cr1821_v3.0.0_release_build/freertos/cvitek/install/lib/libdriver.a(system.c.obj)
                0x000000009fe0c346                GetCommInfo
 .text.post_system_init
                0x000000009fe0c406       0x18 /root/.jenkins/workspace/cr1821_v3.0.0_release_build/freertos/cvitek/install/lib/libdriver.a(system.c.obj)
                0x000000009fe0c406                post_system_init
 .text.irq_init
                0x000000009fe0c41e       0x68 /root/.jenkins/workspace/cr1821_v3.0.0_release_build/freertos/cvitek/install/lib/libdriver.a(system.c.obj)
                0x000000009fe0c41e                irq_init
 .text.pre_system_init
                0x000000009fe0c486       0x20 /root/.jenkins/workspace/cr1821_v3.0.0_release_build/freertos/cvitek/install/lib/libdriver.a(system.c.obj)
                0x000000009fe0c486                pre_system_init
 .text.request_irq
                0x000000009fe0c4a6       0x74 /root/.jenkins/workspace/cr1821_v3.0.0_release_build/freertos/cvitek/install/lib/libdriver.a(system.c.obj)
                0x000000009fe0c4a6                request_irq
 .text.do_irq   0x000000009fe0c51a       0x60 /root/.jenkins/workspace/cr1821_v3.0.0_release_build/freertos/cvitek/install/lib/libdriver.a(system.c.obj)
                0x000000009fe0c51a                do_irq
 .text.pinmux_init
                0x000000009fe0c57a        0x2 /root/.jenkins/workspace/cr1821_v3.0.0_release_build/freertos/cvitek/install/lib/libdriver.a(pinmux.c.obj)
                0x000000009fe0c57a                pinmux_init
 .text.uart_init
                0x000000009fe0c57c       0x14 /root/.jenkins/workspace/cr1821_v3.0.0_release_build/freertos/cvitek/install/lib/libdriver.a(uart.c.obj)
                0x000000009fe0c57c                uart_init
 .text.uart_puts
                0x000000009fe0c590       0x4a /root/.jenkins/workspace/cr1821_v3.0.0_release_build/freertos/cvitek/install/lib/libdriver.a(uart.c.obj)
                0x000000009fe0c590                uart_puts
 .text.dump_uart_init
                0x000000009fe0c5da       0xde /root/.jenkins/workspace/cr1821_v3.0.0_release_build/freertos/cvitek/install/lib/libdriver.a(uart.c.obj)
                0x000000009fe0c5da                dump_uart_init
 .text.dump_uart_enable
                0x000000009fe0c6b8       0x18 /root/.jenkins/workspace/cr1821_v3.0.0_release_build/freertos/cvitek/install/lib/libdriver.a(uart.c.obj)
                0x000000009fe0c6b8                dump_uart_enable
 .text.dump_uart_disable
                0x000000009fe0c6d0       0x18 /root/.jenkins/workspace/cr1821_v3.0.0_release_build/freertos/cvitek/install/lib/libdriver.a(uart.c.obj)
                0x000000009fe0c6d0                dump_uart_disable
 .text.dump_uart_msg
                0x000000009fe0c6e8       0x66 /root/.jenkins/workspace/cr1821_v3.0.0_release_build/freertos/cvitek/install/lib/libdriver.a(uart.c.obj)
                0x000000009fe0c6e8                dump_uart_msg
 .text.uart_put_buff
                0x000000009fe0c74e      0x392 /root/.jenkins/workspace/cr1821_v3.0.0_release_build/freertos/cvitek/install/lib/libdriver.a(uart.c.obj)
                0x000000009fe0c74e                uart_put_buff
 .text.cvi_spinlock_init
                0x000000009fe0cae0       0x58 /root/.jenkins/workspace/cr1821_v3.0.0_release_build/freertos/cvitek/install/lib/libdriver.a(cvi_spinlock.c.obj)
                0x000000009fe0cae0                cvi_spinlock_init
 .text.hw_spin_lock
                0x000000009fe0cb38       0xdc /root/.jenkins/workspace/cr1821_v3.0.0_release_build/freertos/cvitek/install/lib/libdriver.a(cvi_spinlock.c.obj)
                0x000000009fe0cb38                hw_spin_lock
 .text._hw_raw_spin_lock_irqsave
                0x000000009fe0cc14       0x66 /root/.jenkins/workspace/cr1821_v3.0.0_release_build/freertos/cvitek/install/lib/libdriver.a(cvi_spinlock.c.obj)
                0x000000009fe0cc14                _hw_raw_spin_lock_irqsave
 .text._hw_raw_spin_unlock_irqrestore
                0x000000009fe0cc7a       0x6c /root/.jenkins/workspace/cr1821_v3.0.0_release_build/freertos/cvitek/install/lib/libdriver.a(cvi_spinlock.c.obj)
                0x000000009fe0cc7a                _hw_raw_spin_unlock_irqrestore
 .text.CVI_OSDC_EstCmprCanvasSize
                0x000000009fe0cce6        0x4 /root/.jenkins/workspace/cr1821_v3.0.0_release_build/freertos/cvitek/install/lib/libdriver.a(cvi_osdc.c.obj)
                0x000000009fe0cce6                CVI_OSDC_EstCmprCanvasSize
 .text.CVI_OSDC_DrawCmprCanvas
                0x000000009fe0ccea        0x4 /root/.jenkins/workspace/cr1821_v3.0.0_release_build/freertos/cvitek/install/lib/libdriver.a(cvi_osdc.c.obj)
                0x000000009fe0ccea                CVI_OSDC_DrawCmprCanvas
 .text.CVI_OSDC_SetRectObjAttr
                0x000000009fe0ccee        0x8 /root/.jenkins/workspace/cr1821_v3.0.0_release_build/freertos/cvitek/install/lib/libdriver.a(cvi_osdc.c.obj)
                0x000000009fe0ccee                CVI_OSDC_SetRectObjAttr
 .text.CVI_OSDC_SetBitmapObjAttr
                0x000000009fe0ccf6        0x4 /root/.jenkins/workspace/cr1821_v3.0.0_release_build/freertos/cvitek/install/lib/libdriver.a(cvi_osdc.c.obj)
                0x000000009fe0ccf6                CVI_OSDC_SetBitmapObjAttr
 .text.CVI_OSDC_SetLineObjAttr
                0x000000009fe0ccfa        0x4 /root/.jenkins/workspace/cr1821_v3.0.0_release_build/freertos/cvitek/install/lib/libdriver.a(cvi_osdc.c.obj)
                0x000000009fe0ccfa                CVI_OSDC_SetLineObjAttr
 .text.recycle_obj_slices
                0x000000009fe0ccfe       0x78 /root/.jenkins/workspace/cr1821_v3.0.0_release_build/freertos/cvitek/install/lib/libdriver.a(cmpr_canvas.c.obj)
                0x000000009fe0ccfe                recycle_obj_slices
 .text.recycle_draw_obj
                0x000000009fe0cd76       0x78 /root/.jenkins/workspace/cr1821_v3.0.0_release_build/freertos/cvitek/install/lib/libdriver.a(cmpr_canvas.c.obj)
                0x000000009fe0cd76                recycle_draw_obj
 .text.obj_project_on_line
                0x000000009fe0cdee      0x3b0 /root/.jenkins/workspace/cr1821_v3.0.0_release_build/freertos/cvitek/install/lib/libdriver.a(cmpr_canvas.c.obj)
                0x000000009fe0cdee                obj_project_on_line
 .text.draw_cmpr_init
                0x000000009fe0d19e       0xa0 /root/.jenkins/workspace/cr1821_v3.0.0_release_build/freertos/cvitek/install/lib/libdriver.a(cmpr_canvas.c.obj)
                0x000000009fe0d19e                draw_cmpr_init
 .text.draw_cmpr_pixel
                0x000000009fe0d23e       0x84 /root/.jenkins/workspace/cr1821_v3.0.0_release_build/freertos/cvitek/install/lib/libdriver.a(cmpr_canvas.c.obj)
                0x000000009fe0d23e                draw_cmpr_pixel
 .text.draw_cmpr_canvas_line
                0x000000009fe0d2c2      0x1c4 /root/.jenkins/workspace/cr1821_v3.0.0_release_build/freertos/cvitek/install/lib/libdriver.a(cmpr_canvas.c.obj)
                0x000000009fe0d2c2                draw_cmpr_canvas_line
 .text.plot_segments_on_line
                0x000000009fe0d486      0x318 /root/.jenkins/workspace/cr1821_v3.0.0_release_build/freertos/cvitek/install/lib/libdriver.a(cmpr_canvas.c.obj)
                0x000000009fe0d486                plot_segments_on_line
 .text.draw_cmpr_canvas
                0x000000009fe0d79e      0x1b4 /root/.jenkins/workspace/cr1821_v3.0.0_release_build/freertos/cvitek/install/lib/libdriver.a(cmpr_canvas.c.obj)
                0x000000009fe0d79e                draw_cmpr_canvas
 .text.set_rect_position
                0x000000009fe0d952       0x68 /root/.jenkins/workspace/cr1821_v3.0.0_release_build/freertos/cvitek/install/lib/libdriver.a(cmpr_canvas.c.obj)
                0x000000009fe0d952                set_rect_position
 .text.set_line_obj_attr
                0x000000009fe0d9ba      0x31a /root/.jenkins/workspace/cr1821_v3.0.0_release_build/freertos/cvitek/install/lib/libdriver.a(cmpr_canvas.c.obj)
                0x000000009fe0d9ba                set_line_obj_attr
 .text.CVI_OSDC_est_cmpr_canvas_size
                0x000000009fe0dcd4       0x20 /root/.jenkins/workspace/cr1821_v3.0.0_release_build/freertos/cvitek/install/lib/libdriver.a(cmpr_canvas.c.obj)
                0x000000009fe0dcd4                CVI_OSDC_est_cmpr_canvas_size
 .text.CVI_OSDC_draw_cmpr_canvas
                0x000000009fe0dcf4        0x4 /root/.jenkins/workspace/cr1821_v3.0.0_release_build/freertos/cvitek/install/lib/libdriver.a(cmpr_canvas.c.obj)
                0x000000009fe0dcf4                CVI_OSDC_draw_cmpr_canvas
 .text.CVI_OSDC_set_rect_obj_attr
                0x000000009fe0dcf8       0x6c /root/.jenkins/workspace/cr1821_v3.0.0_release_build/freertos/cvitek/install/lib/libdriver.a(cmpr_canvas.c.obj)
                0x000000009fe0dcf8                CVI_OSDC_set_rect_obj_attr
 .text.CVI_OSDC_set_bitmap_obj_attr
                0x000000009fe0dd64       0x4c /root/.jenkins/workspace/cr1821_v3.0.0_release_build/freertos/cvitek/install/lib/libdriver.a(cmpr_canvas.c.obj)
                0x000000009fe0dd64                CVI_OSDC_set_bitmap_obj_attr
 .text.CVI_OSDC_set_line_obj_attr
                0x000000009fe0ddb0        0xa /root/.jenkins/workspace/cr1821_v3.0.0_release_build/freertos/cvitek/install/lib/libdriver.a(cmpr_canvas.c.obj)
                0x000000009fe0ddb0                CVI_OSDC_set_line_obj_attr
 .text.clip     0x000000009fe0ddba       0x1c /root/.jenkins/workspace/cr1821_v3.0.0_release_build/freertos/cvitek/install/lib/libdriver.a(osd_cmpr.c.obj)
                0x000000009fe0ddba                clip
 .text.init_stream
                0x000000009fe0ddd6       0x1a /root/.jenkins/workspace/cr1821_v3.0.0_release_build/freertos/cvitek/install/lib/libdriver.a(osd_cmpr.c.obj)
                0x000000009fe0ddd6                init_stream
 .text.write_stream
                0x000000009fe0ddf0       0x8c /root/.jenkins/workspace/cr1821_v3.0.0_release_build/freertos/cvitek/install/lib/libdriver.a(osd_cmpr.c.obj)
                0x000000009fe0ddf0                write_stream
 .text.get_color
                0x000000009fe0de7c       0x96 /root/.jenkins/workspace/cr1821_v3.0.0_release_build/freertos/cvitek/install/lib/libdriver.a(osd_cmpr.c.obj)
                0x000000009fe0de7c                get_color
 .text.palette_cache_init
                0x000000009fe0df12       0x76 /root/.jenkins/workspace/cr1821_v3.0.0_release_build/freertos/cvitek/install/lib/libdriver.a(osd_cmpr.c.obj)
                0x000000009fe0df12                palette_cache_init
 .text.palette_cache_lookup_color
                0x000000009fe0df88       0x92 /root/.jenkins/workspace/cr1821_v3.0.0_release_build/freertos/cvitek/install/lib/libdriver.a(osd_cmpr.c.obj)
                0x000000009fe0df88                palette_cache_lookup_color
 .text.enc_literal
                0x000000009fe0e01a       0xa8 /root/.jenkins/workspace/cr1821_v3.0.0_release_build/freertos/cvitek/install/lib/libdriver.a(osd_cmpr.c.obj)
                0x000000009fe0e01a                enc_literal
 .text.enc_mode_syntax
                0x000000009fe0e0c2      0x108 /root/.jenkins/workspace/cr1821_v3.0.0_release_build/freertos/cvitek/install/lib/libdriver.a(osd_cmpr.c.obj)
                0x000000009fe0e0c2                enc_mode_syntax
 .text.osd_cmpr_enc_header
                0x000000009fe0e1ca       0xd4 /root/.jenkins/workspace/cr1821_v3.0.0_release_build/freertos/cvitek/install/lib/libdriver.a(osd_cmpr.c.obj)
                0x000000009fe0e1ca                osd_cmpr_enc_header
 .text.osd_cmpr_enc_followed_run
                0x000000009fe0e29e       0x90 /root/.jenkins/workspace/cr1821_v3.0.0_release_build/freertos/cvitek/install/lib/libdriver.a(osd_cmpr.c.obj)
                0x000000009fe0e29e                osd_cmpr_enc_followed_run
 .text.osd_cmpr_enc_const_pixel
                0x000000009fe0e32e       0xdc /root/.jenkins/workspace/cr1821_v3.0.0_release_build/freertos/cvitek/install/lib/libdriver.a(osd_cmpr.c.obj)
                0x000000009fe0e32e                osd_cmpr_enc_const_pixel
 .text.osd_cmpr_frame_init
                0x000000009fe0e40a       0x64 /root/.jenkins/workspace/cr1821_v3.0.0_release_build/freertos/cvitek/install/lib/libdriver.a(osd_cmpr.c.obj)
                0x000000009fe0e40a                osd_cmpr_frame_init
 .text.osd_cmpr_get_pixel_sz
                0x000000009fe0e46e       0x10 /root/.jenkins/workspace/cr1821_v3.0.0_release_build/freertos/cvitek/install/lib/libdriver.a(osd_cmpr.c.obj)
                0x000000009fe0e46e                osd_cmpr_get_pixel_sz
 .text.osd_cmpr_get_header_sz
                0x000000009fe0e47e        0x4 /root/.jenkins/workspace/cr1821_v3.0.0_release_build/freertos/cvitek/install/lib/libdriver.a(osd_cmpr.c.obj)
                0x000000009fe0e47e                osd_cmpr_get_header_sz
 .text.hal_uart_init
                0x000000009fe0e482       0x8e /root/.jenkins/workspace/cr1821_v3.0.0_release_build/freertos/cvitek/install/lib/libhal.a(hal_uart_dw.c.obj)
                0x000000009fe0e482                hal_uart_init
 .text.hal_uart_putc
                0x000000009fe0e510       0x16 /root/.jenkins/workspace/cr1821_v3.0.0_release_build/freertos/cvitek/install/lib/libhal.a(hal_uart_dw.c.obj)
                0x000000009fe0e510                hal_uart_putc
 .text.prvInsertBlockIntoFreeList
                0x000000009fe0e526       0x50 /root/.jenkins/workspace/cr1821_v3.0.0_release_build/freertos/cvitek/install/lib/libkernel.a(heap_4.c.obj)
 .text.pvPortMalloc
                0x000000009fe0e576      0x166 /root/.jenkins/workspace/cr1821_v3.0.0_release_build/freertos/cvitek/install/lib/libkernel.a(heap_4.c.obj)
                0x000000009fe0e576                pvPortMalloc
 .text.vPortFree
                0x000000009fe0e6dc       0x60 /root/.jenkins/workspace/cr1821_v3.0.0_release_build/freertos/cvitek/install/lib/libkernel.a(heap_4.c.obj)
                0x000000009fe0e6dc                vPortFree
 .text.prvCopyDataToQueue
                0x000000009fe0e73c       0xa8 /root/.jenkins/workspace/cr1821_v3.0.0_release_build/freertos/cvitek/install/lib/libkernel.a(queue.c.obj)
 .text.prvUnlockQueue
                0x000000009fe0e7e4       0xc6 /root/.jenkins/workspace/cr1821_v3.0.0_release_build/freertos/cvitek/install/lib/libkernel.a(queue.c.obj)
 .text.xQueueGenericReset
                0x000000009fe0e8aa       0x8a /root/.jenkins/workspace/cr1821_v3.0.0_release_build/freertos/cvitek/install/lib/libkernel.a(queue.c.obj)
                0x000000009fe0e8aa                xQueueGenericReset
 .text.xQueueGenericCreateStatic
                0x000000009fe0e934       0x98 /root/.jenkins/workspace/cr1821_v3.0.0_release_build/freertos/cvitek/install/lib/libkernel.a(queue.c.obj)
                0x000000009fe0e934                xQueueGenericCreateStatic
 .text.xQueueGenericCreate
                0x000000009fe0e9cc       0x6c /root/.jenkins/workspace/cr1821_v3.0.0_release_build/freertos/cvitek/install/lib/libkernel.a(queue.c.obj)
                0x000000009fe0e9cc                xQueueGenericCreate
 .text.xQueueGenericSend
                0x000000009fe0ea38      0x120 /root/.jenkins/workspace/cr1821_v3.0.0_release_build/freertos/cvitek/install/lib/libkernel.a(queue.c.obj)
                0x000000009fe0ea38                xQueueGenericSend
 .text.xQueueGenericSendFromISR
                0x000000009fe0eb58       0x84 /root/.jenkins/workspace/cr1821_v3.0.0_release_build/freertos/cvitek/install/lib/libkernel.a(queue.c.obj)
                0x000000009fe0eb58                xQueueGenericSendFromISR
 .text.xQueueGiveFromISR
                0x000000009fe0ebdc       0x5c /root/.jenkins/workspace/cr1821_v3.0.0_release_build/freertos/cvitek/install/lib/libkernel.a(queue.c.obj)
                0x000000009fe0ebdc                xQueueGiveFromISR
 .text.xQueueReceive
                0x000000009fe0ec38      0x132 /root/.jenkins/workspace/cr1821_v3.0.0_release_build/freertos/cvitek/install/lib/libkernel.a(queue.c.obj)
                0x000000009fe0ec38                xQueueReceive
 .text.xQueueReceiveFromISR
                0x000000009fe0ed6a       0xa8 /root/.jenkins/workspace/cr1821_v3.0.0_release_build/freertos/cvitek/install/lib/libkernel.a(queue.c.obj)
                0x000000009fe0ed6a                xQueueReceiveFromISR
 .text.vQueueAddToRegistry
                0x000000009fe0ee12       0x7e /root/.jenkins/workspace/cr1821_v3.0.0_release_build/freertos/cvitek/install/lib/libkernel.a(queue.c.obj)
                0x000000009fe0ee12                vQueueAddToRegistry
 .text.vQueueWaitForMessageRestricted
                0x000000009fe0ee90       0x74 /root/.jenkins/workspace/cr1821_v3.0.0_release_build/freertos/cvitek/install/lib/libkernel.a(queue.c.obj)
                0x000000009fe0ee90                vQueueWaitForMessageRestricted
 .text.prvAddCurrentTaskToDelayedList
                0x000000009fe0ef04       0xec /root/.jenkins/workspace/cr1821_v3.0.0_release_build/freertos/cvitek/install/lib/libkernel.a(tasks.c.obj)
 .text.vTaskSwitchContext.part.0
                0x000000009fe0eff0       0xb0 /root/.jenkins/workspace/cr1821_v3.0.0_release_build/freertos/cvitek/install/lib/libkernel.a(tasks.c.obj)
 .text.prvInitialiseNewTask.constprop.0
                0x000000009fe0f0a0       0xe8 /root/.jenkins/workspace/cr1821_v3.0.0_release_build/freertos/cvitek/install/lib/libkernel.a(tasks.c.obj)
 .text.prvIdleTask
                0x000000009fe0f188       0xd4 /root/.jenkins/workspace/cr1821_v3.0.0_release_build/freertos/cvitek/install/lib/libkernel.a(tasks.c.obj)
 .text.xTaskIncrementTick.part.0
                0x000000009fe0f25c      0x1cc /root/.jenkins/workspace/cr1821_v3.0.0_release_build/freertos/cvitek/install/lib/libkernel.a(tasks.c.obj)
 .text.vTaskSuspendAll
                0x000000009fe0f428       0x10 /root/.jenkins/workspace/cr1821_v3.0.0_release_build/freertos/cvitek/install/lib/libkernel.a(tasks.c.obj)
                0x000000009fe0f428                vTaskSuspendAll
 .text.xTaskGetTickCount
                0x000000009fe0f438        0xa /root/.jenkins/workspace/cr1821_v3.0.0_release_build/freertos/cvitek/install/lib/libkernel.a(tasks.c.obj)
                0x000000009fe0f438                xTaskGetTickCount
 .text.xTaskIncrementTick
                0x000000009fe0f442       0x2c /root/.jenkins/workspace/cr1821_v3.0.0_release_build/freertos/cvitek/install/lib/libkernel.a(tasks.c.obj)
                0x000000009fe0f442                xTaskIncrementTick
 .text.vTaskSwitchContext
                0x000000009fe0f46e       0x1a /root/.jenkins/workspace/cr1821_v3.0.0_release_build/freertos/cvitek/install/lib/libkernel.a(tasks.c.obj)
                0x000000009fe0f46e                vTaskSwitchContext
 .text.vTaskPlaceOnEventList
                0x000000009fe0f488       0x26 /root/.jenkins/workspace/cr1821_v3.0.0_release_build/freertos/cvitek/install/lib/libkernel.a(tasks.c.obj)
                0x000000009fe0f488                vTaskPlaceOnEventList
 .text.vTaskPlaceOnEventListRestricted
                0x000000009fe0f4ae       0x48 /root/.jenkins/workspace/cr1821_v3.0.0_release_build/freertos/cvitek/install/lib/libkernel.a(tasks.c.obj)
                0x000000009fe0f4ae                vTaskPlaceOnEventListRestricted
 .text.xTaskRemoveFromEventList
                0x000000009fe0f4f6       0xe6 /root/.jenkins/workspace/cr1821_v3.0.0_release_build/freertos/cvitek/install/lib/libkernel.a(tasks.c.obj)
                0x000000009fe0f4f6                xTaskRemoveFromEventList
 .text.vTaskInternalSetTimeOutState
                0x000000009fe0f5dc       0x16 /root/.jenkins/workspace/cr1821_v3.0.0_release_build/freertos/cvitek/install/lib/libkernel.a(tasks.c.obj)
                0x000000009fe0f5dc                vTaskInternalSetTimeOutState
 .text.vTaskMissedYield
                0x000000009fe0f5f2        0xc /root/.jenkins/workspace/cr1821_v3.0.0_release_build/freertos/cvitek/install/lib/libkernel.a(tasks.c.obj)
                0x000000009fe0f5f2                vTaskMissedYield
 .text.xTaskPriorityDisinherit
                0x000000009fe0f5fe       0xaa /root/.jenkins/workspace/cr1821_v3.0.0_release_build/freertos/cvitek/install/lib/libkernel.a(tasks.c.obj)
                0x000000009fe0f5fe                xTaskPriorityDisinherit
 .text.vTaskEnterCritical
                0x000000009fe0f6a8       0x22 /root/.jenkins/workspace/cr1821_v3.0.0_release_build/freertos/cvitek/install/lib/libkernel.a(tasks.c.obj)
                0x000000009fe0f6a8                vTaskEnterCritical
 .text.vTaskExitCritical
                0x000000009fe0f6ca       0x2c /root/.jenkins/workspace/cr1821_v3.0.0_release_build/freertos/cvitek/install/lib/libkernel.a(tasks.c.obj)
                0x000000009fe0f6ca                vTaskExitCritical
 .text.prvAddNewTaskToReadyList
                0x000000009fe0f6f6      0x17a /root/.jenkins/workspace/cr1821_v3.0.0_release_build/freertos/cvitek/install/lib/libkernel.a(tasks.c.obj)
 .text.xTaskCreateStatic
                0x000000009fe0f870       0x3c /root/.jenkins/workspace/cr1821_v3.0.0_release_build/freertos/cvitek/install/lib/libkernel.a(tasks.c.obj)
                0x000000009fe0f870                xTaskCreateStatic
 .text.xTaskCreate
                0x000000009fe0f8ac       0x7c /root/.jenkins/workspace/cr1821_v3.0.0_release_build/freertos/cvitek/install/lib/libkernel.a(tasks.c.obj)
                0x000000009fe0f8ac                xTaskCreate
 .text.vTaskStartScheduler
                0x000000009fe0f928       0x88 /root/.jenkins/workspace/cr1821_v3.0.0_release_build/freertos/cvitek/install/lib/libkernel.a(tasks.c.obj)
                0x000000009fe0f928                vTaskStartScheduler
 .text.xTaskResumeAll
                0x000000009fe0f9b0      0x1cc /root/.jenkins/workspace/cr1821_v3.0.0_release_build/freertos/cvitek/install/lib/libkernel.a(tasks.c.obj)
                0x000000009fe0f9b0                xTaskResumeAll
 .text.vTaskDelay
                0x000000009fe0fb7c       0x30 /root/.jenkins/workspace/cr1821_v3.0.0_release_build/freertos/cvitek/install/lib/libkernel.a(tasks.c.obj)
                0x000000009fe0fb7c                vTaskDelay
 .text.xTaskCheckForTimeOut
                0x000000009fe0fbac       0xb2 /root/.jenkins/workspace/cr1821_v3.0.0_release_build/freertos/cvitek/install/lib/libkernel.a(tasks.c.obj)
                0x000000009fe0fbac                xTaskCheckForTimeOut
 .text.prvCheckForValidListAndQueue
                0x000000009fe0fc5e       0x82 /root/.jenkins/workspace/cr1821_v3.0.0_release_build/freertos/cvitek/install/lib/libkernel.a(timers.c.obj)
 .text.prvReloadTimer
                0x000000009fe0fce0       0x66 /root/.jenkins/workspace/cr1821_v3.0.0_release_build/freertos/cvitek/install/lib/libkernel.a(timers.c.obj)
 .text.prvProcessExpiredTimer
                0x000000009fe0fd46       0x4e /root/.jenkins/workspace/cr1821_v3.0.0_release_build/freertos/cvitek/install/lib/libkernel.a(timers.c.obj)
 .text.prvTimerTask
                0x000000009fe0fd94      0x1fa /root/.jenkins/workspace/cr1821_v3.0.0_release_build/freertos/cvitek/install/lib/libkernel.a(timers.c.obj)
 .text.xTimerCreateTimerTask
                0x000000009fe0ff8e       0x52 /root/.jenkins/workspace/cr1821_v3.0.0_release_build/freertos/cvitek/install/lib/libkernel.a(timers.c.obj)
                0x000000009fe0ff8e                xTimerCreateTimerTask
 .text.vListInitialise
                0x000000009fe0ffe0       0x14 /root/.jenkins/workspace/cr1821_v3.0.0_release_build/freertos/cvitek/install/lib/libkernel.a(list.c.obj)
                0x000000009fe0ffe0                vListInitialise
 .text.vListInitialiseItem
                0x000000009fe0fff4        0x6 /root/.jenkins/workspace/cr1821_v3.0.0_release_build/freertos/cvitek/install/lib/libkernel.a(list.c.obj)
                0x000000009fe0fff4                vListInitialiseItem
 .text.vListInsert
                0x000000009fe0fffa       0x2e /root/.jenkins/workspace/cr1821_v3.0.0_release_build/freertos/cvitek/install/lib/libkernel.a(list.c.obj)
                0x000000009fe0fffa                vListInsert
 .text.uxListRemove
                0x000000009fe10028       0x32 /root/.jenkins/workspace/cr1821_v3.0.0_release_build/freertos/cvitek/install/lib/libkernel.a(list.c.obj)
                0x000000009fe10028                uxListRemove
 .text.vPortSetupTimerInterrupt
                0x000000009fe1005a       0x68 /root/.jenkins/workspace/cr1821_v3.0.0_release_build/freertos/cvitek/install/lib/libkernel.a(port.c.obj)
                0x000000009fe1005a                vPortSetupTimerInterrupt
 .text.xPortStartScheduler
                0x000000009fe100c2       0x1e /root/.jenkins/workspace/cr1821_v3.0.0_release_build/freertos/cvitek/install/lib/libkernel.a(port.c.obj)
                0x000000009fe100c2                xPortStartScheduler
 .text.arch_usleep
                0x000000009fe100e0       0x1a /root/.jenkins/workspace/cr1821_v3.0.0_release_build/freertos/cvitek/install/lib/libarch.a(arch_sleep.c.obj)
                0x000000009fe100e0                arch_usleep
 *(.gnu.linkonce.t.*)
 *(.plt)
 *(.gnu_warning)
 *(.gcc_execpt_table)
 *(.glue_7)
 *(.glue_7t)
 *(.ARM.extab)
 *(.gnu.linkonce.armextab.*)

.init
 *(.init)

.fini
 *(.fini)

.interp
 *(.interp)

.note-ABI-tag
 *(.note-ABI-tag)

.rodata         0x000000009fe10100     0x2638
                0x000000009fe10100                . = ALIGN (0x40)
 *fill*         0x000000009fe10100        0x0 
                0x000000009fe10100                __rodata_start = .
 *(.rodata)
 .rodata        0x000000009fe10100      0x891 audio/libaudio.a(audio_main.c.obj)
 *fill*         0x000000009fe10991        0x7 
 .rodata        0x000000009fe10998       0x40 /root/.jenkins/workspace/cr1821_v3.0.0_release_build/host-tools/gcc/riscv64-elf-x86_64/bin/../lib/gcc/riscv64-unknown-elf/10.2.0/../../../../riscv64-unknown-elf/lib/rv64imafdc/lp64d/libm.a(lib_a-s_atan.o)
 .rodata        0x000000009fe109d8       0x30 /root/.jenkins/workspace/cr1821_v3.0.0_release_build/host-tools/gcc/riscv64-elf-x86_64/bin/../lib/gcc/riscv64-unknown-elf/10.2.0/../../../../riscv64-unknown-elf/lib/rv64imafdc/lp64d/libm.a(lib_a-e_atan2.o)
 .rodata        0x000000009fe10a08       0x30 /root/.jenkins/workspace/cr1821_v3.0.0_release_build/host-tools/gcc/riscv64-elf-x86_64/bin/../lib/gcc/riscv64-unknown-elf/10.2.0/../../../../riscv64-unknown-elf/lib/rv64imafdc/lp64d/libm.a(lib_a-e_exp.o)
 .rodata        0x000000009fe10a38      0x188 /root/.jenkins/workspace/cr1821_v3.0.0_release_build/host-tools/gcc/riscv64-elf-x86_64/bin/../lib/gcc/riscv64-unknown-elf/10.2.0/../../../../riscv64-unknown-elf/lib/rv64imafdc/lp64d/libm.a(lib_a-e_rem_pio2.o)
 .rodata        0x000000009fe10bc0       0x50 /root/.jenkins/workspace/cr1821_v3.0.0_release_build/host-tools/gcc/riscv64-elf-x86_64/bin/../lib/gcc/riscv64-unknown-elf/10.2.0/../../../../riscv64-unknown-elf/lib/rv64imafdc/lp64d/libm.a(lib_a-k_rem_pio2.o)
 .rodata        0x000000009fe10c10       0x10 /root/.jenkins/workspace/cr1821_v3.0.0_release_build/host-tools/gcc/riscv64-elf-x86_64/bin/../lib/gcc/riscv64-unknown-elf/10.2.0/../../../../riscv64-unknown-elf/lib/rv64imafdc/lp64d/libm.a(lib_a-s_rint.o)
 .rodata        0x000000009fe10c20      0x100 /root/.jenkins/workspace/cr1821_v3.0.0_release_build/host-tools/gcc/riscv64-elf-x86_64/bin/../lib/gcc/riscv64-unknown-elf/10.2.0/rv64imafdc/lp64d/libgcc.a(_clz.o)
                0x000000009fe10c20                __clz_tab
 *(.rodata.*)
 .rodata.main.str1.8
                0x000000009fe10d20       0x44 main/CMakeFiles/cvirtos.elf.dir/src/main.c.obj
 *fill*         0x000000009fe10d64        0x4 
 .rodata.vApplicationMallocFailedHook.str1.8
                0x000000009fe10d68       0x1e main/CMakeFiles/cvirtos.elf.dir/src/main.c.obj
 *fill*         0x000000009fe10d86        0x2 
 .rodata.vApplicationStackOverflowHook.str1.8
                0x000000009fe10d88        0x7 main/CMakeFiles/cvirtos.elf.dir/src/main.c.obj
 *fill*         0x000000009fe10d8f        0x1 
 .rodata.__func__.4
                0x000000009fe10d90       0x1e main/CMakeFiles/cvirtos.elf.dir/src/main.c.obj
 *fill*         0x000000009fe10dae        0x2 
 .rodata.prvCmdQuRunTask.str1.8
                0x000000009fe10db0       0xaf comm/libcomm.a(comm_main.c.obj)
 *fill*         0x000000009fe10e5f        0x1 
 .rodata.prvCmdQuRunTask
                0x000000009fe10e60       0x2c comm/libcomm.a(comm_main.c.obj)
 *fill*         0x000000009fe10e8c        0x4 
 .rodata.prvQueueISR.str1.8
                0x000000009fe10e90       0x4b comm/libcomm.a(comm_main.c.obj)
 *fill*         0x000000009fe10edb        0x1 
 .rodata.prvQueueISR
                0x000000009fe10edc       0x20 comm/libcomm.a(comm_main.c.obj)
 *fill*         0x000000009fe10efc        0x4 
 .rodata.main_cvirtos.str1.8
                0x000000009fe10f00       0x20 comm/libcomm.a(comm_main.c.obj)
 .rodata.prvAudioRunTask
                0x000000009fe10f20       0x38 audio/libaudio.a(audio_main.c.obj)
 .rodata.__func__.0
                0x000000009fe10f58       0x26 audio/libaudio.a(audio_main.c.obj)
 *fill*         0x000000009fe10f7e        0x2 
 .rodata.__func__.1
                0x000000009fe10f80       0x10 audio/libaudio.a(audio_main.c.obj)
 .rodata.CviAud_Algo_Process.str1.8
                0x000000009fe10f90       0x6a audio/libaudio.a(cviaudio_algo_interface.c.obj)
 *fill*         0x000000009fe10ffa        0x6 
 .rodata.CviAud_Algo_DeInit.str1.8
                0x000000009fe11000       0x29 audio/libaudio.a(cviaudio_algo_interface.c.obj)
 *fill*         0x000000009fe11029        0x7 
 .rodata.__func__.2
                0x000000009fe11030       0x13 audio/libaudio.a(cviaudio_algo_interface.c.obj)
 *fill*         0x000000009fe11043        0x5 
 .rodata.__func__.3
                0x000000009fe11048       0x14 audio/libaudio.a(cviaudio_algo_interface.c.obj)
 *fill*         0x000000009fe1105c        0x4 
 .rodata.audio_ssp_init.str1.8
                0x000000009fe11060      0x2e6 audio/libaudio.a(cvi_ssp_interface.c.obj)
 *fill*         0x000000009fe11346        0x2 
 .rodata.audio_ssp_process.str1.8
                0x000000009fe11348       0xba audio/libaudio.a(cvi_ssp_interface.c.obj)
 *fill*         0x000000009fe11402        0x6 
 .rodata.audio_ssp_deinit.str1.8
                0x000000009fe11408       0x5b audio/libaudio.a(cvi_ssp_interface.c.obj)
 *fill*         0x000000009fe11463        0x5 
 .rodata.__func__.3
                0x000000009fe11468       0x11 audio/libaudio.a(cvi_ssp_interface.c.obj)
 *fill*         0x000000009fe11479        0x7 
 .rodata.__func__.4
                0x000000009fe11480        0xf audio/libaudio.a(cvi_ssp_interface.c.obj)
 *fill*         0x000000009fe1148f        0x1 
 .rodata.dg_boost_tab.0
                0x000000009fe11490       0x30 audio/libaudio.a(dg.c.obj)
 .rodata.dg_cut_tab.1
                0x000000009fe114c0       0x30 audio/libaudio.a(dg.c.obj)
 .rodata.fv0.1  0x000000009fe114f0      0x500 audio/libaudio.a(mmse_init.c.obj)
 .rodata.fv1.0  0x000000009fe119f0      0x500 audio/libaudio.a(mmse_init.c.obj)
 .rodata.table.0
                0x000000009fe11ef0       0x54 audio/libaudio.a(nlpaes_subfun.c.obj)
 *fill*         0x000000009fe11f44        0x4 
 .rodata.agc_gain_table.0
                0x000000009fe11f48        0xe audio/libaudio.a(agc_init.c.obj)
 *fill*         0x000000009fe11f56        0x2 
 .rodata.ntryh.1
                0x000000009fe11f58       0x10 audio/libaudio.a(fftcore.c.obj)
 .rodata.printf.str1.8
                0x000000009fe11f68        0x9 /root/.jenkins/workspace/cr1821_v3.0.0_release_build/freertos/cvitek/install/lib/libcommon.a(printf.c.obj)
 *fill*         0x000000009fe11f71        0x3 
 .rodata.vsnprintf
                0x000000009fe11f74       0x58 /root/.jenkins/workspace/cr1821_v3.0.0_release_build/freertos/cvitek/install/lib/libcommon.a(snprintf.c.obj)
 *fill*         0x000000009fe11fcc        0x4 
 .rodata.plic_unmask_irq.str1.8
                0x000000009fe11fd0       0x16 /root/.jenkins/workspace/cr1821_v3.0.0_release_build/freertos/cvitek/install/lib/libdriver.a(system.c.obj)
 *fill*         0x000000009fe11fe6        0x2 
 .rodata.GetCommInfo.str1.8
                0x000000009fe11fe8       0x33 /root/.jenkins/workspace/cr1821_v3.0.0_release_build/freertos/cvitek/install/lib/libdriver.a(system.c.obj)
 *fill*         0x000000009fe1201b        0x5 
 .rodata.post_system_init.str1.8
                0x000000009fe12020       0x17 /root/.jenkins/workspace/cr1821_v3.0.0_release_build/freertos/cvitek/install/lib/libdriver.a(system.c.obj)
 *fill*         0x000000009fe12037        0x1 
 .rodata.pre_system_init.str1.8
                0x000000009fe12038       0x16 /root/.jenkins/workspace/cr1821_v3.0.0_release_build/freertos/cvitek/install/lib/libdriver.a(system.c.obj)
 *fill*         0x000000009fe1204e        0x2 
 .rodata.do_irq.str1.8
                0x000000009fe12050       0x16 /root/.jenkins/workspace/cr1821_v3.0.0_release_build/freertos/cvitek/install/lib/libdriver.a(system.c.obj)
 *fill*         0x000000009fe12066        0x2 
 .rodata.dump_uart_init.str1.8
                0x000000009fe12068       0x60 /root/.jenkins/workspace/cr1821_v3.0.0_release_build/freertos/cvitek/install/lib/libdriver.a(uart.c.obj)
 .rodata.uart_put_buff.str1.8
                0x000000009fe120c8        0x5 /root/.jenkins/workspace/cr1821_v3.0.0_release_build/freertos/cvitek/install/lib/libdriver.a(uart.c.obj)
 *fill*         0x000000009fe120cd        0x3 
 .rodata.cvi_spinlock_init.str1.8
                0x000000009fe120d0       0x2f /root/.jenkins/workspace/cr1821_v3.0.0_release_build/freertos/cvitek/install/lib/libdriver.a(cvi_spinlock.c.obj)
 *fill*         0x000000009fe120ff        0x1 
 .rodata.hw_spin_lock.str1.8
                0x000000009fe12100       0x18 /root/.jenkins/workspace/cr1821_v3.0.0_release_build/freertos/cvitek/install/lib/libdriver.a(cvi_spinlock.c.obj)
 .rodata._hw_raw_spin_lock_irqsave.str1.8
                0x000000009fe12118       0x30 /root/.jenkins/workspace/cr1821_v3.0.0_release_build/freertos/cvitek/install/lib/libdriver.a(cvi_spinlock.c.obj)
 .rodata._hw_raw_spin_unlock_irqrestore.str1.8
                0x000000009fe12148       0x32 /root/.jenkins/workspace/cr1821_v3.0.0_release_build/freertos/cvitek/install/lib/libdriver.a(cvi_spinlock.c.obj)
 *fill*         0x000000009fe1217a        0x6 
 .rodata.__func__.0
                0x000000009fe12180       0x12 /root/.jenkins/workspace/cr1821_v3.0.0_release_build/freertos/cvitek/install/lib/libdriver.a(cvi_spinlock.c.obj)
 *fill*         0x000000009fe12192        0x6 
 .rodata.osd_cmpr_frame_init.str1.8
                0x000000009fe12198       0x19 /root/.jenkins/workspace/cr1821_v3.0.0_release_build/freertos/cvitek/install/lib/libdriver.a(osd_cmpr.c.obj)
 *fill*         0x000000009fe121b1        0x7 
 .rodata.__func__.1
                0x000000009fe121b8       0x14 /root/.jenkins/workspace/cr1821_v3.0.0_release_build/freertos/cvitek/install/lib/libdriver.a(osd_cmpr.c.obj)
 *fill*         0x000000009fe121cc        0x4 
 .rodata.vTaskStartScheduler.str1.8
                0x000000009fe121d0        0x5 /root/.jenkins/workspace/cr1821_v3.0.0_release_build/freertos/cvitek/install/lib/libkernel.a(tasks.c.obj)
 *fill*         0x000000009fe121d5        0x3 
 .rodata.prvCheckForValidListAndQueue.str1.8
                0x000000009fe121d8        0x5 /root/.jenkins/workspace/cr1821_v3.0.0_release_build/freertos/cvitek/install/lib/libkernel.a(timers.c.obj)
 *fill*         0x000000009fe121dd        0x3 
 .rodata.prvTimerTask
                0x000000009fe121e0       0x28 /root/.jenkins/workspace/cr1821_v3.0.0_release_build/freertos/cvitek/install/lib/libkernel.a(timers.c.obj)
 .rodata.xTimerCreateTimerTask.str1.8
                0x000000009fe12208        0x8 /root/.jenkins/workspace/cr1821_v3.0.0_release_build/freertos/cvitek/install/lib/libkernel.a(timers.c.obj)
 .rodata.str1.8
                0x000000009fe12210        0x8 /root/.jenkins/workspace/cr1821_v3.0.0_release_build/host-tools/gcc/riscv64-elf-x86_64/bin/../lib/gcc/riscv64-unknown-elf/10.2.0/../../../../riscv64-unknown-elf/lib/rv64imafdc/lp64d/libm.a(lib_a-w_log.o)
                                          0x1 (size before relaxing)
 .rodata.str1.8
                0x000000009fe12210        0x1 /root/.jenkins/workspace/cr1821_v3.0.0_release_build/host-tools/gcc/riscv64-elf-x86_64/bin/../lib/gcc/riscv64-unknown-elf/10.2.0/../../../../riscv64-unknown-elf/lib/rv64imafdc/lp64d/libm.a(lib_a-e_pow.o)
 *(.srodata*)
 .srodata.cst4  0x000000009fe12210       0x30 audio/libaudio.a(cvi_ssp_interface.c.obj)
 .srodata.cst4  0x000000009fe12240       0x18 audio/libaudio.a(dc.c.obj)
                                         0x1c (size before relaxing)
 .srodata.cst8  0x000000009fe12258        0x8 audio/libaudio.a(dc.c.obj)
 .srodata.cst4  0x000000009fe12260       0x1c audio/libaudio.a(dg.c.obj)
 .srodata.cst4  0x000000009fe12260       0x44 audio/libaudio.a(lpaec.c.obj)
                                         0x64 (size before relaxing)
 *fill*         0x000000009fe122a4        0x4 
 .srodata.cst8  0x000000009fe122a8       0x40 audio/libaudio.a(lpaec.c.obj)
                                         0x48 (size before relaxing)
 .srodata.cst4  0x000000009fe122e8        0x8 audio/libaudio.a(lpaec_subfun.c.obj)
                                         0x14 (size before relaxing)
 .srodata.cst8  0x000000009fe122f0        0x8 audio/libaudio.a(lpaec_subfun.c.obj)
 .srodata.cst4  0x000000009fe122f0       0x2c audio/libaudio.a(mmse.c.obj)
                                         0x40 (size before relaxing)
 *fill*         0x000000009fe1231c        0x4 
 .srodata.cst8  0x000000009fe12320       0x48 audio/libaudio.a(mmse_init.c.obj)
 .srodata.cst4  0x000000009fe12368       0x10 audio/libaudio.a(mmse_init.c.obj)
                                         0x18 (size before relaxing)
 .srodata.cst4  0x000000009fe12378       0x28 audio/libaudio.a(nlpaes.c.obj)
                                         0x74 (size before relaxing)
 .srodata.cst8  0x000000009fe123a0        0x8 audio/libaudio.a(nlpaes.c.obj)
 .srodata.cst4  0x000000009fe123a0       0x14 audio/libaudio.a(nlpaes_subfun.c.obj)
                                         0x2c (size before relaxing)
 *fill*         0x000000009fe123b4        0x4 
 .srodata.cst8  0x000000009fe123b8       0x20 audio/libaudio.a(nlpaes_subfun.c.obj)
                                         0x28 (size before relaxing)
 .srodata.cst4  0x000000009fe123d8        0x4 audio/libaudio.a(notch.c.obj)
 .srodata.cst8  0x000000009fe123d8        0x8 audio/libaudio.a(packfft.c.obj)
 .srodata.cst4  0x000000009fe123d8        0x4 audio/libaudio.a(slope_detection.c.obj)
                                         0x18 (size before relaxing)
 .srodata.cst4  0x000000009fe123dc        0x4 audio/libaudio.a(bessel.c.obj)
                                          0xc (size before relaxing)
 .srodata.cst8  0x000000009fe123e0       0x10 audio/libaudio.a(bessel.c.obj)
 .srodata.cst4  0x000000009fe123f0       0x20 audio/libaudio.a(dr_detection.c.obj)
                                         0x38 (size before relaxing)
 .srodata.cst4  0x000000009fe12410       0x18 audio/libaudio.a(fftcore.c.obj)
                                         0x24 (size before relaxing)
 .srodata.cst4  0x000000009fe12428        0x8 audio/libaudio.a(mmse_rtwutil.c.obj)
 .srodata.cst8  0x000000009fe12428       0x18 /root/.jenkins/workspace/cr1821_v3.0.0_release_build/freertos/cvitek/install/lib/libdriver.a(system.c.obj)
 .srodata.cst8  0x000000009fe12440       0x10 /root/.jenkins/workspace/cr1821_v3.0.0_release_build/freertos/cvitek/install/lib/libdriver.a(cmpr_canvas.c.obj)
 .srodata.cst4  0x000000009fe12440        0x4 /root/.jenkins/workspace/cr1821_v3.0.0_release_build/freertos/cvitek/install/lib/libdriver.a(cmpr_canvas.c.obj)
 *fill*         0x000000009fe12444        0x4 
 .srodata.uxTimerIncrementsForOneTick
                0x000000009fe12448        0x8 /root/.jenkins/workspace/cr1821_v3.0.0_release_build/freertos/cvitek/install/lib/libkernel.a(port.c.obj)
                0x000000009fe12448                uxTimerIncrementsForOneTick
 .srodata.xISRStackTop
                0x000000009fe12450        0x8 /root/.jenkins/workspace/cr1821_v3.0.0_release_build/freertos/cvitek/install/lib/libkernel.a(port.c.obj)
                0x000000009fe12450                xISRStackTop
 .srodata.cst8  0x000000009fe12458       0x80 /root/.jenkins/workspace/cr1821_v3.0.0_release_build/host-tools/gcc/riscv64-elf-x86_64/bin/../lib/gcc/riscv64-unknown-elf/10.2.0/../../../../riscv64-unknown-elf/lib/rv64imafdc/lp64d/libm.a(lib_a-s_atan.o)
                                         0x90 (size before relaxing)
 .srodata.cst8  0x000000009fe124d8        0x8 /root/.jenkins/workspace/cr1821_v3.0.0_release_build/host-tools/gcc/riscv64-elf-x86_64/bin/../lib/gcc/riscv64-unknown-elf/10.2.0/../../../../riscv64-unknown-elf/lib/rv64imafdc/lp64d/libm.a(lib_a-s_ceil.o)
 .srodata.cst8  0x000000009fe124d8        0x8 /root/.jenkins/workspace/cr1821_v3.0.0_release_build/host-tools/gcc/riscv64-elf-x86_64/bin/../lib/gcc/riscv64-unknown-elf/10.2.0/../../../../riscv64-unknown-elf/lib/rv64imafdc/lp64d/libm.a(lib_a-s_floor.o)
 .srodata.cst8  0x000000009fe124d8       0x18 /root/.jenkins/workspace/cr1821_v3.0.0_release_build/host-tools/gcc/riscv64-elf-x86_64/bin/../lib/gcc/riscv64-unknown-elf/10.2.0/../../../../riscv64-unknown-elf/lib/rv64imafdc/lp64d/libm.a(lib_a-w_exp.o)
 .srodata.cst8  0x000000009fe124f0        0x8 /root/.jenkins/workspace/cr1821_v3.0.0_release_build/host-tools/gcc/riscv64-elf-x86_64/bin/../lib/gcc/riscv64-unknown-elf/10.2.0/../../../../riscv64-unknown-elf/lib/rv64imafdc/lp64d/libm.a(lib_a-w_log.o)
 .srodata.cst8  0x000000009fe124f8       0x18 /root/.jenkins/workspace/cr1821_v3.0.0_release_build/host-tools/gcc/riscv64-elf-x86_64/bin/../lib/gcc/riscv64-unknown-elf/10.2.0/../../../../riscv64-unknown-elf/lib/rv64imafdc/lp64d/libm.a(lib_a-w_pow.o)
 .srodata.cst8  0x000000009fe124f8       0x20 /root/.jenkins/workspace/cr1821_v3.0.0_release_build/host-tools/gcc/riscv64-elf-x86_64/bin/../lib/gcc/riscv64-unknown-elf/10.2.0/../../../../riscv64-unknown-elf/lib/rv64imafdc/lp64d/libm.a(lib_a-e_atan2.o)
                                         0x30 (size before relaxing)
 .srodata.cst8  0x000000009fe12518       0x48 /root/.jenkins/workspace/cr1821_v3.0.0_release_build/host-tools/gcc/riscv64-elf-x86_64/bin/../lib/gcc/riscv64-unknown-elf/10.2.0/../../../../riscv64-unknown-elf/lib/rv64imafdc/lp64d/libm.a(lib_a-e_exp.o)
                                         0x70 (size before relaxing)
 .srodata.cst8  0x000000009fe12560       0x50 /root/.jenkins/workspace/cr1821_v3.0.0_release_build/host-tools/gcc/riscv64-elf-x86_64/bin/../lib/gcc/riscv64-unknown-elf/10.2.0/../../../../riscv64-unknown-elf/lib/rv64imafdc/lp64d/libm.a(lib_a-e_log.o)
                                         0x78 (size before relaxing)
 .srodata.cst8  0x000000009fe125b0       0xa0 /root/.jenkins/workspace/cr1821_v3.0.0_release_build/host-tools/gcc/riscv64-elf-x86_64/bin/../lib/gcc/riscv64-unknown-elf/10.2.0/../../../../riscv64-unknown-elf/lib/rv64imafdc/lp64d/libm.a(lib_a-e_pow.o)
                                        0x110 (size before relaxing)
 .srodata.cst8  0x000000009fe12650       0x40 /root/.jenkins/workspace/cr1821_v3.0.0_release_build/host-tools/gcc/riscv64-elf-x86_64/bin/../lib/gcc/riscv64-unknown-elf/10.2.0/../../../../riscv64-unknown-elf/lib/rv64imafdc/lp64d/libm.a(lib_a-e_rem_pio2.o)
                                         0x48 (size before relaxing)
 .srodata.cst8  0x000000009fe12690       0x40 /root/.jenkins/workspace/cr1821_v3.0.0_release_build/host-tools/gcc/riscv64-elf-x86_64/bin/../lib/gcc/riscv64-unknown-elf/10.2.0/../../../../riscv64-unknown-elf/lib/rv64imafdc/lp64d/libm.a(lib_a-k_cos.o)
                                         0x50 (size before relaxing)
 .srodata.cst8  0x000000009fe126d0       0x20 /root/.jenkins/workspace/cr1821_v3.0.0_release_build/host-tools/gcc/riscv64-elf-x86_64/bin/../lib/gcc/riscv64-unknown-elf/10.2.0/../../../../riscv64-unknown-elf/lib/rv64imafdc/lp64d/libm.a(lib_a-k_rem_pio2.o)
                                         0x38 (size before relaxing)
 .srodata.cst8  0x000000009fe126f0       0x38 /root/.jenkins/workspace/cr1821_v3.0.0_release_build/host-tools/gcc/riscv64-elf-x86_64/bin/../lib/gcc/riscv64-unknown-elf/10.2.0/../../../../riscv64-unknown-elf/lib/rv64imafdc/lp64d/libm.a(lib_a-k_sin.o)
                                         0x40 (size before relaxing)
 .srodata.cst8  0x000000009fe12728        0x8 /root/.jenkins/workspace/cr1821_v3.0.0_release_build/host-tools/gcc/riscv64-elf-x86_64/bin/../lib/gcc/riscv64-unknown-elf/10.2.0/../../../../riscv64-unknown-elf/lib/rv64imafdc/lp64d/libm.a(lib_a-s_nan.o)
 .srodata.cst8  0x000000009fe12730        0x8 /root/.jenkins/workspace/cr1821_v3.0.0_release_build/host-tools/gcc/riscv64-elf-x86_64/bin/../lib/gcc/riscv64-unknown-elf/10.2.0/../../../../riscv64-unknown-elf/lib/rv64imafdc/lp64d/libm.a(lib_a-s_scalbn.o)
                                         0x20 (size before relaxing)
 *(.gnu.linkonce.r.*)
                0x000000009fe12738                __rodata_end = .

.rela.dyn       0x000000009fe12738        0x0
 .rela.vectors  0x000000009fe12738        0x0 main/CMakeFiles/cvirtos.elf.dir/src/main.c.obj
 .rela.text.xPortStartScheduler
                0x000000009fe12738        0x0 main/CMakeFiles/cvirtos.elf.dir/src/main.c.obj

.rodata1        0x000000009fe12738        0x8
                0x000000009fe12740                . = ALIGN (0x40)
 *fill*         0x000000009fe12738        0x8 
                0x000000009fe12740                __rodata1_start = .
 *(.rodata1)
 *(.rodata1.*)
                0x000000009fe12740                __rodata1_end = .

.data           0x000000009fe12740      0xa60
                0x000000009fe12740                . = ALIGN (0x40)
                0x000000009fe12740                _data = .
 *(.data)
 .data          0x000000009fe12740      0x748 /root/.jenkins/workspace/cr1821_v3.0.0_release_build/host-tools/gcc/riscv64-elf-x86_64/bin/../lib/gcc/riscv64-unknown-elf/10.2.0/../../../../riscv64-unknown-elf/lib/rv64imafdc/lp64d/libc.a(lib_a-impure.o)
 *(.data.*)
 .data.gTaskCtx
                0x000000009fe12e88      0x1f8 comm/libcomm.a(comm_main.c.obj)
                0x000000009fe12e88                gTaskCtx
 .data.nb_notch_coef.1
                0x000000009fe13080       0x18 audio/libaudio.a(notch.c.obj)
 .data.wb_notch_coef.0
                0x000000009fe13098       0x18 audio/libaudio.a(notch.c.obj)
 .data.bessel_v0_d.2
                0x000000009fe130b0       0x28 audio/libaudio.a(bessel.c.obj)
 .data.bessel_v0_f.3
                0x000000009fe130d8       0x34 audio/libaudio.a(bessel.c.obj)
 *fill*         0x000000009fe1310c        0x4 
 .data.bessel_v1_d.0
                0x000000009fe13110       0x28 audio/libaudio.a(bessel.c.obj)
 .data.bessel_v1_f.1
                0x000000009fe13138       0x34 audio/libaudio.a(bessel.c.obj)
 *(.sdata)
 *fill*         0x000000009fe1316c        0x4 
 .sdata         0x000000009fe13170        0x8 /root/.jenkins/workspace/cr1821_v3.0.0_release_build/host-tools/gcc/riscv64-elf-x86_64/bin/../lib/gcc/riscv64-unknown-elf/10.2.0/../../../../riscv64-unknown-elf/lib/rv64imafdc/lp64d/libc.a(lib_a-impure.o)
                0x000000009fe13170                _impure_ptr
 *(.sdata.*)
 .sdata.mailbox_lock
                0x000000009fe13178        0x4 comm/libcomm.a(comm_main.c.obj)
                0x000000009fe13178                mailbox_lock
 .sdata.notch_dbglevel
                0x000000009fe1317c        0x4 audio/libaudio.a(cviaudio_algo_interface.c.obj)
                0x000000009fe1317c                notch_dbglevel
 .sdata.cviaud_dbg
                0x000000009fe13180        0x4 audio/libaudio.a(cvi_ssp_interface.c.obj)
                0x000000009fe13180                cviaud_dbg
 .sdata.uart_putc_enable
                0x000000009fe13184        0x4 /root/.jenkins/workspace/cr1821_v3.0.0_release_build/freertos/cvitek/install/lib/libdriver.a(uart.c.obj)
                0x000000009fe13184                uart_putc_enable
 .sdata.reg_base
                0x000000009fe13188        0x8 /root/.jenkins/workspace/cr1821_v3.0.0_release_build/freertos/cvitek/install/lib/libdriver.a(cvi_spinlock.c.obj)
 .sdata.uxTopUsedPriority
                0x000000009fe13190        0x8 /root/.jenkins/workspace/cr1821_v3.0.0_release_build/freertos/cvitek/install/lib/libkernel.a(tasks.c.obj)
                0x000000009fe13190                uxTopUsedPriority
 .sdata.pullNextTime
                0x000000009fe13198        0x8 /root/.jenkins/workspace/cr1821_v3.0.0_release_build/freertos/cvitek/install/lib/libkernel.a(port.c.obj)
                0x000000009fe13198                pullNextTime
 *(.gnu.linkonce.d.*)
 *(.jcr)
 *(.got)
 *(.got.plt)
                0x000000009fe131a0                _edata = .

.data1          0x000000009fe131a0       0x20
                0x000000009fe131c0                . = ALIGN (0x40)
 *fill*         0x000000009fe131a0       0x20 
                0x000000009fe131c0                __data1_start = .
 *(.data1)
 *(.data1.*)
                0x000000009fe131c0                __data1_end = .

.got
 *(.got)

.got1
 *(.got1)

.got2
 *(.got2)

.ctors          0x000000009fe131c0        0x0
                0x000000009fe131c0                . = ALIGN (0x40)
                0x000000009fe131c0                __CTOR_LIST__ = .
                0x000000009fe131c0                ___CTORS_LIST___ = .
 *crtbegin.o(.ctors)
 *(EXCLUDE_FILE(*crtend.o) .ctors)
 *(SORT_BY_NAME(.ctors.*))
 *(.ctors)
                0x000000009fe131c0                __CTOR_END__ = .
                0x000000009fe131c0                ___CTORS_END___ = .

.dtors          0x000000009fe131c0        0x0
                0x000000009fe131c0                . = ALIGN (0x40)
                0x000000009fe131c0                __DTOR_LIST__ = .
                0x000000009fe131c0                ___DTORS_LIST___ = .
 *crtbegin.o(.dtors)
 *(EXCLUDE_FILE(*crtend.o) .dtors)
 *(SORT_BY_NAME(.dtors.*))
 *(.dtors)
                0x000000009fe131c0                __DTOR_END__ = .
                0x000000009fe131c0                ___DTORS_END___ = .

.fixup          0x000000009fe131c0        0x0
                0x000000009fe131c0                __fixup_start = .
 *(.fixup)
                0x000000009fe131c0                __fixup_end = .

.eh_frame
 *(.eh_frame)

.eh_framehdr    0x000000009fe131c0        0x0
                0x000000009fe131c0                __eh_framehdr_start = .
 *(.eh_framehdr)
                0x000000009fe131c0                __eh_framehdr_end = .

.gcc_except_table
 *(.gcc_except_table)

.bss            0x000000009fe131c0     0xcb40
                0x000000009fe131c0                . = ALIGN (0x40)
                0x000000009fe131c0                _bss = .
 *(.bss)
 *(.bss.*)
 .bss.uxIdleTaskStack.2
                0x000000009fe131c0     0x2000 main/CMakeFiles/cvirtos.elf.dir/src/main.c.obj
 .bss.uxTimerTaskStack.0
                0x000000009fe151c0     0x4000 main/CMakeFiles/cvirtos.elf.dir/src/main.c.obj
 .bss.xIdleTaskTCB.3
                0x000000009fe191c0       0xa8 main/CMakeFiles/cvirtos.elf.dir/src/main.c.obj
 .bss.xTimerTaskTCB.1
                0x000000009fe19268       0xa8 main/CMakeFiles/cvirtos.elf.dir/src/main.c.obj
 .bss.gammak    0x000000009fe19310      0x504 audio/libaudio.a(mmse.c.obj)
                0x000000009fe19310                gammak
 *fill*         0x000000009fe19814        0x4 
 .bss.ksi       0x000000009fe19818      0x504 audio/libaudio.a(mmse.c.obj)
                0x000000009fe19818                ksi
 *fill*         0x000000009fe19d1c        0x4 
 .bss.nr_fd_half
                0x000000009fe19d20      0xa08 audio/libaudio.a(mmse.c.obj)
                0x000000009fe19d20                nr_fd_half
 .bss.nr_sig    0x000000009fe1a728      0x504 audio/libaudio.a(mmse.c.obj)
                0x000000009fe1a728                nr_sig
 *fill*         0x000000009fe1ac2c        0x4 
 .bss.tmp_fft_out
                0x000000009fe1ac30      0xa08 audio/libaudio.a(mmse.c.obj)
                0x000000009fe1ac30                tmp_fft_out
 .bss.tmp_ifft_out
                0x000000009fe1b638      0xa08 audio/libaudio.a(mmse.c.obj)
                0x000000009fe1b638                tmp_ifft_out
 .bss.g_irq_action
                0x000000009fe1c040     0x1400 /root/.jenkins/workspace/cr1821_v3.0.0_release_build/freertos/cvitek/install/lib/libdriver.a(system.c.obj)
 .bss.transfer_config
                0x000000009fe1d440       0x40 /root/.jenkins/workspace/cr1821_v3.0.0_release_build/freertos/cvitek/install/lib/libdriver.a(system.c.obj)
                0x000000009fe1d440                transfer_config
 .bss.seg_list_head
                0x000000009fe1d480       0x10 /root/.jenkins/workspace/cr1821_v3.0.0_release_build/freertos/cvitek/install/lib/libdriver.a(cmpr_canvas.c.obj)
                0x000000009fe1d480                seg_list_head
 .bss.slc_list_head
                0x000000009fe1d490       0x10 /root/.jenkins/workspace/cr1821_v3.0.0_release_build/freertos/cvitek/install/lib/libdriver.a(cmpr_canvas.c.obj)
                0x000000009fe1d490                slc_list_head
 .bss.xStart    0x000000009fe1d4a0       0x10 /root/.jenkins/workspace/cr1821_v3.0.0_release_build/freertos/cvitek/install/lib/libkernel.a(heap_4.c.obj)
 .bss.xQueueRegistry
                0x000000009fe1d4b0      0x320 /root/.jenkins/workspace/cr1821_v3.0.0_release_build/freertos/cvitek/install/lib/libkernel.a(queue.c.obj)
                0x000000009fe1d4b0                xQueueRegistry
 .bss.pxReadyTasksLists
                0x000000009fe1d7d0      0x140 /root/.jenkins/workspace/cr1821_v3.0.0_release_build/freertos/cvitek/install/lib/libkernel.a(tasks.c.obj)
 .bss.xDelayedTaskList1
                0x000000009fe1d910       0x28 /root/.jenkins/workspace/cr1821_v3.0.0_release_build/freertos/cvitek/install/lib/libkernel.a(tasks.c.obj)
 .bss.xDelayedTaskList2
                0x000000009fe1d938       0x28 /root/.jenkins/workspace/cr1821_v3.0.0_release_build/freertos/cvitek/install/lib/libkernel.a(tasks.c.obj)
 .bss.xPendingReadyList
                0x000000009fe1d960       0x28 /root/.jenkins/workspace/cr1821_v3.0.0_release_build/freertos/cvitek/install/lib/libkernel.a(tasks.c.obj)
 .bss.xSuspendedTaskList
                0x000000009fe1d988       0x28 /root/.jenkins/workspace/cr1821_v3.0.0_release_build/freertos/cvitek/install/lib/libkernel.a(tasks.c.obj)
 .bss.xTasksWaitingTermination
                0x000000009fe1d9b0       0x28 /root/.jenkins/workspace/cr1821_v3.0.0_release_build/freertos/cvitek/install/lib/libkernel.a(tasks.c.obj)
 .bss.ucStaticTimerQueueStorage.1
                0x000000009fe1d9d8       0xa0 /root/.jenkins/workspace/cr1821_v3.0.0_release_build/freertos/cvitek/install/lib/libkernel.a(timers.c.obj)
 .bss.xActiveTimerList1
                0x000000009fe1da78       0x28 /root/.jenkins/workspace/cr1821_v3.0.0_release_build/freertos/cvitek/install/lib/libkernel.a(timers.c.obj)
 .bss.xActiveTimerList2
                0x000000009fe1daa0       0x28 /root/.jenkins/workspace/cr1821_v3.0.0_release_build/freertos/cvitek/install/lib/libkernel.a(timers.c.obj)
 .bss.xStaticTimerQueue.0
                0x000000009fe1dac8       0x90 /root/.jenkins/workspace/cr1821_v3.0.0_release_build/freertos/cvitek/install/lib/libkernel.a(timers.c.obj)
 *fill*         0x000000009fe1db58        0x8 
 .bss.xISRStack
                0x000000009fe1db60     0x2000 /root/.jenkins/workspace/cr1821_v3.0.0_release_build/freertos/cvitek/install/lib/libkernel.a(port.c.obj)
 *(.sbss)
 .sbss          0x000000009fe1fb60        0x4 /root/.jenkins/workspace/cr1821_v3.0.0_release_build/host-tools/gcc/riscv64-elf-x86_64/bin/../lib/gcc/riscv64-unknown-elf/10.2.0/../../../../riscv64-unknown-elf/lib/rv64imafdc/lp64d/libm.a(lib_a-s_lib_ver.o)
                0x000000009fe1fb60                __fdlib_version
 *(.sbss.*)
 *fill*         0x000000009fe1fb64        0x4 
 .sbss.mailbox_context
                0x000000009fe1fb68        0x8 comm/libcomm.a(comm_main.c.obj)
                0x000000009fe1fb68                mailbox_context
 .sbss.mbox_done_reg
                0x000000009fe1fb70        0x8 comm/libcomm.a(comm_main.c.obj)
                0x000000009fe1fb70                mbox_done_reg
 .sbss.mbox_reg
                0x000000009fe1fb78        0x8 comm/libcomm.a(comm_main.c.obj)
                0x000000009fe1fb78                mbox_reg
 .sbss.stop_ip.0
                0x000000009fe1fb80        0x4 comm/libcomm.a(comm_main.c.obj)
 *fill*         0x000000009fe1fb84        0x4 
 .sbss.xQueueRGN
                0x000000009fe1fb88        0x8 rgn/librgn.a(rgn_main.c.obj)
                0x000000009fe1fb88                xQueueRGN
 .sbss.xQueueRGNCmdqu
                0x000000009fe1fb90        0x8 rgn/librgn.a(rgn_main.c.obj)
                0x000000009fe1fb90                xQueueRGNCmdqu
 .sbss.unit_test_triggered
                0x000000009fe1fb98        0x4 audio/libaudio.a(audio_main.c.obj)
                0x000000009fe1fb98                unit_test_triggered
 *fill*         0x000000009fe1fb9c        0x4 
 .sbss.paudio_ssp_block
                0x000000009fe1fba0        0x8 audio/libaudio.a(audio_main.c.obj)
                0x000000009fe1fba0                paudio_ssp_block
 .sbss.paudio_ssp_handle
                0x000000009fe1fba8        0x8 audio/libaudio.a(audio_main.c.obj)
                0x000000009fe1fba8                paudio_ssp_handle
 .sbss.pindicator
                0x000000009fe1fbb0        0x8 audio/libaudio.a(audio_main.c.obj)
                0x000000009fe1fbb0                pindicator
 .sbss.pstSspBufTbl
                0x000000009fe1fbb8        0x8 audio/libaudio.a(audio_main.c.obj)
                0x000000009fe1fbb8                pstSspBufTbl
 .sbss.pstVqeConfig
                0x000000009fe1fbc0        0x8 audio/libaudio.a(audio_main.c.obj)
                0x000000009fe1fbc0                pstVqeConfig
 .sbss.ssp_running
                0x000000009fe1fbc8        0x1 audio/libaudio.a(audio_main.c.obj)
                0x000000009fe1fbc8                ssp_running
 *fill*         0x000000009fe1fbc9        0x7 
 .sbss.xQueueAudio
                0x000000009fe1fbd0        0x8 audio/libaudio.a(audio_main.c.obj)
                0x000000009fe1fbd0                xQueueAudio
 .sbss.xQueueAudioCmdqu
                0x000000009fe1fbd8        0x8 audio/libaudio.a(audio_main.c.obj)
                0x000000009fe1fbd8                xQueueAudioCmdqu
 .sbss.dump_uart
                0x000000009fe1fbe0        0x8 /root/.jenkins/workspace/cr1821_v3.0.0_release_build/freertos/cvitek/install/lib/libdriver.a(uart.c.obj)
                0x000000009fe1fbe0                dump_uart
 .sbss.init_enable.0
                0x000000009fe1fbe8        0x4 /root/.jenkins/workspace/cr1821_v3.0.0_release_build/freertos/cvitek/install/lib/libdriver.a(uart.c.obj)
 *fill*         0x000000009fe1fbec        0x4 
 .sbss.printf_lock
                0x000000009fe1fbf0        0x4 /root/.jenkins/workspace/cr1821_v3.0.0_release_build/freertos/cvitek/install/lib/libdriver.a(uart.c.obj)
                0x000000009fe1fbf0                printf_lock
 .sbss.lockCount
                0x000000009fe1fbf4        0x1 /root/.jenkins/workspace/cr1821_v3.0.0_release_build/freertos/cvitek/install/lib/libdriver.a(cvi_spinlock.c.obj)
 *fill*         0x000000009fe1fbf5        0x3 
 .sbss.reg_write_lock
                0x000000009fe1fbf8        0x8 /root/.jenkins/workspace/cr1821_v3.0.0_release_build/freertos/cvitek/install/lib/libdriver.a(cvi_spinlock.c.obj)
                0x000000009fe1fbf8                reg_write_lock
 .sbss.seg_init.0
                0x000000009fe1fc00        0x1 /root/.jenkins/workspace/cr1821_v3.0.0_release_build/freertos/cvitek/install/lib/libdriver.a(cmpr_canvas.c.obj)
 .sbss.slc_init.1
                0x000000009fe1fc01        0x1 /root/.jenkins/workspace/cr1821_v3.0.0_release_build/freertos/cvitek/install/lib/libdriver.a(cmpr_canvas.c.obj)
 *fill*         0x000000009fe1fc02        0x6 
 .sbss.uart     0x000000009fe1fc08        0x8 /root/.jenkins/workspace/cr1821_v3.0.0_release_build/freertos/cvitek/install/lib/libhal.a(hal_uart_dw.c.obj)
 .sbss.pxEnd    0x000000009fe1fc10        0x8 /root/.jenkins/workspace/cr1821_v3.0.0_release_build/freertos/cvitek/install/lib/libkernel.a(heap_4.c.obj)
 .sbss.xBlockAllocatedBit
                0x000000009fe1fc18        0x8 /root/.jenkins/workspace/cr1821_v3.0.0_release_build/freertos/cvitek/install/lib/libkernel.a(heap_4.c.obj)
 .sbss.xFreeBytesRemaining
                0x000000009fe1fc20        0x8 /root/.jenkins/workspace/cr1821_v3.0.0_release_build/freertos/cvitek/install/lib/libkernel.a(heap_4.c.obj)
 .sbss.xMinimumEverFreeBytesRemaining
                0x000000009fe1fc28        0x8 /root/.jenkins/workspace/cr1821_v3.0.0_release_build/freertos/cvitek/install/lib/libkernel.a(heap_4.c.obj)
 .sbss.xNumberOfSuccessfulAllocations
                0x000000009fe1fc30        0x8 /root/.jenkins/workspace/cr1821_v3.0.0_release_build/freertos/cvitek/install/lib/libkernel.a(heap_4.c.obj)
 .sbss.xNumberOfSuccessfulFrees
                0x000000009fe1fc38        0x8 /root/.jenkins/workspace/cr1821_v3.0.0_release_build/freertos/cvitek/install/lib/libkernel.a(heap_4.c.obj)
 .sbss.FreeRTOS_errno
                0x000000009fe1fc40        0x4 /root/.jenkins/workspace/cr1821_v3.0.0_release_build/freertos/cvitek/install/lib/libkernel.a(tasks.c.obj)
                0x000000009fe1fc40                FreeRTOS_errno
 *fill*         0x000000009fe1fc44        0x4 
 .sbss.pxCurrentTCB
                0x000000009fe1fc48        0x8 /root/.jenkins/workspace/cr1821_v3.0.0_release_build/freertos/cvitek/install/lib/libkernel.a(tasks.c.obj)
                0x000000009fe1fc48                pxCurrentTCB
 .sbss.pxDelayedTaskList
                0x000000009fe1fc50        0x8 /root/.jenkins/workspace/cr1821_v3.0.0_release_build/freertos/cvitek/install/lib/libkernel.a(tasks.c.obj)
 .sbss.pxOverflowDelayedTaskList
                0x000000009fe1fc58        0x8 /root/.jenkins/workspace/cr1821_v3.0.0_release_build/freertos/cvitek/install/lib/libkernel.a(tasks.c.obj)
 .sbss.uxCurrentNumberOfTasks
                0x000000009fe1fc60        0x8 /root/.jenkins/workspace/cr1821_v3.0.0_release_build/freertos/cvitek/install/lib/libkernel.a(tasks.c.obj)