
Allocating common symbols
Common symbol       size              file

tar_freq            0x4               /root/.jenkins/workspace/cr1821_v3.0.0_release_build/fsbl/build/cv1820a_wevb_0006a_spinor/bl2/phy_pll_init.o
freq_in             0x4               /root/.jenkins/workspace/cr1821_v3.0.0_release_build/fsbl/build/cv1820a_wevb_0006a_spinor/bl2/phy_pll_init.o
reg_step            0x8               /root/.jenkins/workspace/cr1821_v3.0.0_release_build/fsbl/build/cv1820a_wevb_0006a_spinor/bl2/phy_pll_init.o
pkg                 0x1               /root/.jenkins/workspace/cr1821_v3.0.0_release_build/fsbl/build/cv1820a_wevb_0006a_spinor/bl2/ddr_pkg_info.o
mod_freq            0x4               /root/.jenkins/workspace/cr1821_v3.0.0_release_build/fsbl/build/cv1820a_wevb_0006a_spinor/bl2/phy_pll_init.o
rddata              0x4               /root/.jenkins/workspace/cr1821_v3.0.0_release_build/fsbl/build/cv1820a_wevb_0006a_spinor/bl2/ddr_sys.o
ddr_vendor          0x1               /root/.jenkins/workspace/cr1821_v3.0.0_release_build/fsbl/build/cv1820a_wevb_0006a_spinor/bl2/ddr_pkg_info.o
dev_freq            0x4               /root/.jenkins/workspace/cr1821_v3.0.0_release_build/fsbl/build/cv1820a_wevb_0006a_spinor/bl2/phy_pll_init.o
reg_span            0x8               /root/.jenkins/workspace/cr1821_v3.0.0_release_build/fsbl/build/cv1820a_wevb_0006a_spinor/bl2/phy_pll_init.o
reg_set             0x8               /root/.jenkins/workspace/cr1821_v3.0.0_release_build/fsbl/build/cv1820a_wevb_0006a_spinor/bl2/phy_pll_init.o
ddr_type            0x1               /root/.jenkins/workspace/cr1821_v3.0.0_release_build/fsbl/build/cv1820a_wevb_0006a_spinor/bl2/ddr_pkg_info.o
ddr_capacity        0x1               /root/.jenkins/workspace/cr1821_v3.0.0_release_build/fsbl/build/cv1820a_wevb_0006a_spinor/bl2/ddr_pkg_info.o

Discarded input sections

 .group         0x0000000000000000        0x8 /root/.jenkins/workspace/cr1821_v3.0.0_release_build/fsbl/build/cv1820a_wevb_0006a_spinor/bl2/build_message.o
 .text          0x0000000000000000        0x0 /root/.jenkins/workspace/cr1821_v3.0.0_release_build/fsbl/build/cv1820a_wevb_0006a_spinor/bl2/build_message.o
 .data          0x0000000000000000        0x0 /root/.jenkins/workspace/cr1821_v3.0.0_release_build/fsbl/build/cv1820a_wevb_0006a_spinor/bl2/build_message.o
 .bss           0x0000000000000000        0x0 /root/.jenkins/workspace/cr1821_v3.0.0_release_build/fsbl/build/cv1820a_wevb_0006a_spinor/bl2/build_message.o
 .group         0x0000000000000000        0x8 /root/.jenkins/workspace/cr1821_v3.0.0_release_build/fsbl/build/cv1820a_wevb_0006a_spinor/bl2/cpu_helper.o
 .group         0x0000000000000000        0x8 /root/.jenkins/workspace/cr1821_v3.0.0_release_build/fsbl/build/cv1820a_wevb_0006a_spinor/bl2/cpu_helper.o
 .group         0x0000000000000000        0x8 /root/.jenkins/workspace/cr1821_v3.0.0_release_build/fsbl/build/cv1820a_wevb_0006a_spinor/bl2/cpu_helper.o
 .group         0x0000000000000000        0x8 /root/.jenkins/workspace/cr1821_v3.0.0_release_build/fsbl/build/cv1820a_wevb_0006a_spinor/bl2/cpu_helper.o
 .group         0x0000000000000000        0x8 /root/.jenkins/workspace/cr1821_v3.0.0_release_build/fsbl/build/cv1820a_wevb_0006a_spinor/bl2/cpu_helper.o
 .group         0x0000000000000000        0x8 /root/.jenkins/workspace/cr1821_v3.0.0_release_build/fsbl/build/cv1820a_wevb_0006a_spinor/bl2/cpu_helper.o
 .group         0x0000000000000000        0x8 /root/.jenkins/workspace/cr1821_v3.0.0_release_build/fsbl/build/cv1820a_wevb_0006a_spinor/bl2/cpu_helper.o
 .group         0x0000000000000000        0x8 /root/.jenkins/workspace/cr1821_v3.0.0_release_build/fsbl/build/cv1820a_wevb_0006a_spinor/bl2/cpu_helper.o
 .group         0x0000000000000000        0x8 /root/.jenkins/workspace/cr1821_v3.0.0_release_build/fsbl/build/cv1820a_wevb_0006a_spinor/bl2/cpu_helper.o
 .group         0x0000000000000000        0x8 /root/.jenkins/workspace/cr1821_v3.0.0_release_build/fsbl/build/cv1820a_wevb_0006a_spinor/bl2/cpu_helper.o
 .group         0x0000000000000000        0x8 /root/.jenkins/workspace/cr1821_v3.0.0_release_build/fsbl/build/cv1820a_wevb_0006a_spinor/bl2/cpu_helper.o
 .group         0x0000000000000000        0x8 /root/.jenkins/workspace/cr1821_v3.0.0_release_build/fsbl/build/cv1820a_wevb_0006a_spinor/bl2/cpu_helper.o
 .group         0x0000000000000000        0x8 /root/.jenkins/workspace/cr1821_v3.0.0_release_build/fsbl/build/cv1820a_wevb_0006a_spinor/bl2/cpu_helper.o
 .group         0x0000000000000000        0x8 /root/.jenkins/workspace/cr1821_v3.0.0_release_build/fsbl/build/cv1820a_wevb_0006a_spinor/bl2/cpu_helper.o
 .group         0x0000000000000000        0x8 /root/.jenkins/workspace/cr1821_v3.0.0_release_build/fsbl/build/cv1820a_wevb_0006a_spinor/bl2/cpu_helper.o
 .group         0x0000000000000000        0x8 /root/.jenkins/workspace/cr1821_v3.0.0_release_build/fsbl/build/cv1820a_wevb_0006a_spinor/bl2/cpu_helper.o
[...]
Memory Configuration

Name             Origin             Length             Attributes
RAM              0x0000000040100000 0x0000000000037000 xrw
*default*        0x0000000000000000 0xffffffffffffffff

Linker script and memory map

                0x0000000040100000                . = 0x40100000
                0x0000000000000001                ASSERT ((. == ALIGN (0x1000)), BL2_BASE address is not aligned on a page boundary.)

ro              0x0000000040100000     0xb3f6
                0x0000000040100000                __RO_START__ = .
 *bl2_entrypoint.o(.text*)
 .text.bl2_entrypoint
                0x0000000040100000       0xa0 /root/.jenkins/workspace/cr1821_v3.0.0_release_build/fsbl/build/cv1820a_wevb_0006a_spinor/bl2/bl2_entrypoint.o
                0x0000000040100000                bl2_entrypoint
                0x0000000040100020                bl2_entrypoint_real
                0x0000000040100064                call_with_eret_to_next
                0x000000004010006c                call_with_eret
 .text.disable_mmu_el3
                0x00000000401000a0       0x1c /root/.jenkins/workspace/cr1821_v3.0.0_release_build/fsbl/build/cv1820a_wevb_0006a_spinor/bl2/bl2_entrypoint.o
 .text.disable_mmu_icache_el3
                0x00000000401000bc        0x8 /root/.jenkins/workspace/cr1821_v3.0.0_release_build/fsbl/build/cv1820a_wevb_0006a_spinor/bl2/bl2_entrypoint.o
 .text.jump_bl31
                0x00000000401000c4       0x1c /root/.jenkins/workspace/cr1821_v3.0.0_release_build/fsbl/build/cv1820a_wevb_0006a_spinor/bl2/bl2_entrypoint.o
                0x00000000401000c4                jump_bl31
 *(.vectors)
 *fill*         0x00000000401000e0      0x720 
 .vectors       0x0000000040100800      0x798 /root/.jenkins/workspace/cr1821_v3.0.0_release_build/fsbl/build/cv1820a_wevb_0006a_spinor/bl2/bl2_exceptions.o
                0x0000000040100800                bl2_exceptions
 *(.text*)
 .text.sync_cache
                0x0000000040100f98        0xc /root/.jenkins/workspace/cr1821_v3.0.0_release_build/fsbl/build/cv1820a_wevb_0006a_spinor/bl2/cpu_helper.o
                0x0000000040100f98                sync_cache
 .text.cpu_report_exception
                0x0000000040100fa4        0x4 /root/.jenkins/workspace/cr1821_v3.0.0_release_build/fsbl/build/cv1820a_wevb_0006a_spinor/bl2/cpu_helper.o
                0x0000000040100fa4                cpu_report_exception
 .text.udelay   0x0000000040100fa8       0x34 /root/.jenkins/workspace/cr1821_v3.0.0_release_build/fsbl/build/cv1820a_wevb_0006a_spinor/bl2/delay_timer.o
                0x0000000040100fa8                udelay
 .text.mdelay   0x0000000040100fdc        0xc /root/.jenkins/workspace/cr1821_v3.0.0_release_build/fsbl/build/cv1820a_wevb_0006a_spinor/bl2/delay_timer.o
                0x0000000040100fdc                mdelay
 .text.read_count_tick
                0x0000000040100fe8       0x10 /root/.jenkins/workspace/cr1821_v3.0.0_release_build/fsbl/build/cv1820a_wevb_0006a_spinor/bl2/delay_timer.o
                0x0000000040100fe8                read_count_tick
 .text.switch_el3_to_el2_ns
                0x0000000040100ff8       0xe4 /root/.jenkins/workspace/cr1821_v3.0.0_release_build/fsbl/build/cv1820a_wevb_0006a_spinor/bl2/bl2_helper.o
                0x0000000040100ff8                switch_el3_to_el2_ns
 .text.jump_to_monitor
                0x00000000401010dc       0xdc /root/.jenkins/workspace/cr1821_v3.0.0_release_build/fsbl/build/cv1820a_wevb_0006a_spinor/bl2/bl2_helper.o
                0x00000000401010dc                jump_to_monitor
 .text.jump_to_loader_2nd
                0x00000000401011b8        0x4 /root/.jenkins/workspace/cr1821_v3.0.0_release_build/fsbl/build/cv1820a_wevb_0006a_spinor/bl2/bl2_helper.o
                0x00000000401011b8                jump_to_loader_2nd
 .text.bl2_smc_handler
                0x00000000401011bc       0x24 /root/.jenkins/workspace/cr1821_v3.0.0_release_build/fsbl/build/cv1820a_wevb_0006a_spinor/bl2/bl2_helper.o
                0x00000000401011bc                bl2_smc_handler
 .text.unsigned_num_print
                0x00000000401011e0       0xa4 /root/.jenkins/workspace/cr1821_v3.0.0_release_build/fsbl/build/cv1820a_wevb_0006a_spinor/bl2/tf_printf.o
 .text.tf_printf
                0x0000000040101284      0x3b0 /root/.jenkins/workspace/cr1821_v3.0.0_release_build/fsbl/build/cv1820a_wevb_0006a_spinor/bl2/tf_printf.o
                0x0000000040101284                tf_printf
 .text.__system_reset
                0x0000000040101634      0x118 /root/.jenkins/workspace/cr1821_v3.0.0_release_build/fsbl/build/cv1820a_wevb_0006a_spinor/bl2/platform.o
                0x0000000040101634                __system_reset
 .text.panic_handler
                0x000000004010174c       0x40 /root/.jenkins/workspace/cr1821_v3.0.0_release_build/fsbl/build/cv1820a_wevb_0006a_spinor/bl2/platform.o
                0x000000004010174c                panic_handler
 .text.reset_c906l
                0x000000004010178c       0x70 /root/.jenkins/workspace/cr1821_v3.0.0_release_build/fsbl/build/cv1820a_wevb_0006a_spinor/bl2/platform.o
                0x000000004010178c                reset_c906l
 .text.setup_dl_flag
                0x00000000401017fc       0x4c /root/.jenkins/workspace/cr1821_v3.0.0_release_build/fsbl/build/cv1820a_wevb_0006a_spinor/bl2/platform.o
                0x00000000401017fc                setup_dl_flag
 .text.sys_switch_all_to_pll
                0x0000000040101848       0x14 /root/.jenkins/workspace/cr1821_v3.0.0_release_build/fsbl/build/cv1820a_wevb_0006a_spinor/bl2/platform.o
                0x0000000040101848                sys_switch_all_to_pll
 .text.sys_pll_init
                0x000000004010185c      0x250 /root/.jenkins/workspace/cr1821_v3.0.0_release_build/fsbl/build/cv1820a_wevb_0006a_spinor/bl2/platform.o
                0x000000004010185c                sys_pll_init
 .text.switch_rtc_mode_1st_stage
                0x0000000040101aac       0xa8 /root/.jenkins/workspace/cr1821_v3.0.0_release_build/fsbl/build/cv1820a_wevb_0006a_spinor/bl2/platform.o
                0x0000000040101aac                switch_rtc_mode_1st_stage
 .text.switch_rtc_mode_2nd_stage
                0x0000000040101b54       0x80 /root/.jenkins/workspace/cr1821_v3.0.0_release_build/fsbl/build/cv1820a_wevb_0006a_spinor/bl2/platform.o
                0x0000000040101b54                switch_rtc_mode_2nd_stage
 .text.set_rtc_en_registers
                0x0000000040101bd4       0xf4 /root/.jenkins/workspace/cr1821_v3.0.0_release_build/fsbl/build/cv1820a_wevb_0006a_spinor/bl2/platform.o
                0x0000000040101bd4                set_rtc_en_registers
 .text.init_comm_info
                0x0000000040101cc8        0x4 /root/.jenkins/workspace/cr1821_v3.0.0_release_build/fsbl/build/cv1820a_wevb_0006a_spinor/bl2/platform.o
                0x0000000040101cc8                init_comm_info
 .text.dec_verify_image
                0x0000000040101ccc        0x8 /root/.jenkins/workspace/cr1821_v3.0.0_release_build/fsbl/build/cv1820a_wevb_0006a_spinor/bl2/security.o
                0x0000000040101ccc                dec_verify_image
 .text.memset   0x0000000040101cd4       0x7c /root/.jenkins/workspace/cr1821_v3.0.0_release_build/fsbl/build/cv1820a_wevb_0006a_spinor/bl2/mem.o
                0x0000000040101cd4                memset
 .text.memcpy   0x0000000040101d50       0x94 /root/.jenkins/workspace/cr1821_v3.0.0_release_build/fsbl/build/cv1820a_wevb_0006a_spinor/bl2/mem.o
                0x0000000040101d50                memcpy
 .text.memmove  0x0000000040101de4       0x48 /root/.jenkins/workspace/cr1821_v3.0.0_release_build/fsbl/build/cv1820a_wevb_0006a_spinor/bl2/mem.o
                0x0000000040101de4                memmove
 .text.putchar_l
                0x0000000040101e2c       0x78 /root/.jenkins/workspace/cr1821_v3.0.0_release_build/fsbl/build/cv1820a_wevb_0006a_spinor/bl2/putchar.o
                0x0000000040101e2c                putchar_l
 .text.read_time_ms
                0x0000000040101ea4       0x20 /root/.jenkins/workspace/cr1821_v3.0.0_release_build/fsbl/build/cv1820a_wevb_0006a_spinor/bl2/bl2_main.o
 .text.load_param2
                0x0000000040101ec4       0xd0 /root/.jenkins/workspace/cr1821_v3.0.0_release_build/fsbl/build/cv1820a_wevb_0006a_spinor/bl2/bl2_main.o
                0x0000000040101ec4                load_param2
 .text.load_ddr_param
                0x0000000040101f94       0xb4 /root/.jenkins/workspace/cr1821_v3.0.0_release_build/fsbl/build/cv1820a_wevb_0006a_spinor/bl2/bl2_main.o
                0x0000000040101f94                load_ddr_param
 .text.load_ddr
                0x0000000040102048       0xf4 /root/.jenkins/workspace/cr1821_v3.0.0_release_build/fsbl/build/cv1820a_wevb_0006a_spinor/bl2/bl2_main.o
                0x0000000040102048                load_ddr
 .text.load_blcp_2nd
                0x000000004010213c      0x194 /root/.jenkins/workspace/cr1821_v3.0.0_release_build/fsbl/build/cv1820a_wevb_0006a_spinor/bl2/bl2_main.o
                0x000000004010213c                load_blcp_2nd
 .text.load_monitor
                0x00000000401022d0      0x140 /root/.jenkins/workspace/cr1821_v3.0.0_release_build/fsbl/build/cv1820a_wevb_0006a_spinor/bl2/bl2_main.o
                0x00000000401022d0                load_monitor
 .text.load_loader_2nd
                0x0000000040102410      0x24c /root/.jenkins/workspace/cr1821_v3.0.0_release_build/fsbl/build/cv1820a_wevb_0006a_spinor/bl2/bl2_main.o
                0x0000000040102410                load_loader_2nd
 .text.load_rest
                0x000000004010265c      0x10c /root/.jenkins/workspace/cr1821_v3.0.0_release_build/fsbl/build/cv1820a_wevb_0006a_spinor/bl2/bl2_main.o
                0x000000004010265c                load_rest
 .text.bl2_main
                0x0000000040102768       0xc0 /root/.jenkins/workspace/cr1821_v3.0.0_release_build/fsbl/build/cv1820a_wevb_0006a_spinor/bl2/bl2_main.o
                0x0000000040102768                bl2_main
 .text.SzFree   0x0000000040102828        0x4 /root/.jenkins/workspace/cr1821_v3.0.0_release_build/fsbl/build/cv1820a_wevb_0006a_spinor/bl2/decompress.o
 .text.SzAlloc  0x000000004010282c       0x54 /root/.jenkins/workspace/cr1821_v3.0.0_release_build/fsbl/build/cv1820a_wevb_0006a_spinor/bl2/decompress.o
 .text.decompress_lzma
                0x0000000040102880      0x144 /root/.jenkins/workspace/cr1821_v3.0.0_release_build/fsbl/build/cv1820a_wevb_0006a_spinor/bl2/decompress.o
                0x0000000040102880                decompress_lzma
 .text.LZ4_malloc
                0x00000000401029c4        0xc /root/.jenkins/workspace/cr1821_v3.0.0_release_build/fsbl/build/cv1820a_wevb_0006a_spinor/bl2/decompress.o
                0x00000000401029c4                LZ4_malloc
 .text.LZ4_calloc
                0x00000000401029d0       0x3c /root/.jenkins/workspace/cr1821_v3.0.0_release_build/fsbl/build/cv1820a_wevb_0006a_spinor/bl2/decompress.o
                0x00000000401029d0                LZ4_calloc
 .text.LZ4_free
                0x0000000040102a0c        0x4 /root/.jenkins/workspace/cr1821_v3.0.0_release_build/fsbl/build/cv1820a_wevb_0006a_spinor/bl2/decompress.o
                0x0000000040102a0c                LZ4_free
 .text.decompress_lz4
                0x0000000040102a10       0xe0 /root/.jenkins/workspace/cr1821_v3.0.0_release_build/fsbl/build/cv1820a_wevb_0006a_spinor/bl2/decompress.o
                0x0000000040102a10                decompress_lz4
 .text.decompress
                0x0000000040102af0       0xbc /root/.jenkins/workspace/cr1821_v3.0.0_release_build/fsbl/build/cv1820a_wevb_0006a_spinor/bl2/decompress.o
                0x0000000040102af0                decompress
 .text.LzmaDec_WriteRem
                0x0000000040102bac       0x88 /root/.jenkins/workspace/cr1821_v3.0.0_release_build/fsbl/build/cv1820a_wevb_0006a_spinor/bl2/LzmaDec.o
 .text.LzmaDec_DecodeReal2
                0x0000000040102c34     0x1310 /root/.jenkins/workspace/cr1821_v3.0.0_release_build/fsbl/build/cv1820a_wevb_0006a_spinor/bl2/LzmaDec.o
 .text.LzmaDec_TryDummy
                0x0000000040103f44      0x614 /root/.jenkins/workspace/cr1821_v3.0.0_release_build/fsbl/build/cv1820a_wevb_0006a_spinor/bl2/LzmaDec.o
 .text.LzmaDec_Init
                0x0000000040104558       0x18 /root/.jenkins/workspace/cr1821_v3.0.0_release_build/fsbl/build/cv1820a_wevb_0006a_spinor/bl2/LzmaDec.o
                0x0000000040104558                LzmaDec_Init
 .text.LzmaDec_DecodeToDic
                0x0000000040104570      0x348 /root/.jenkins/workspace/cr1821_v3.0.0_release_build/fsbl/build/cv1820a_wevb_0006a_spinor/bl2/LzmaDec.o
                0x0000000040104570                LzmaDec_DecodeToDic
 .text.LzmaDec_FreeProbs
                0x00000000401048b8       0x30 /root/.jenkins/workspace/cr1821_v3.0.0_release_build/fsbl/build/cv1820a_wevb_0006a_spinor/bl2/LzmaDec.o
                0x00000000401048b8                LzmaDec_FreeProbs
 .text.LzmaDec_AllocateProbs2.isra.1
                0x00000000401048e8       0x88 /root/.jenkins/workspace/cr1821_v3.0.0_release_build/fsbl/build/cv1820a_wevb_0006a_spinor/bl2/LzmaDec.o
 .text.LzmaProps_Decode
                0x0000000040104970       0x88 /root/.jenkins/workspace/cr1821_v3.0.0_release_build/fsbl/build/cv1820a_wevb_0006a_spinor/bl2/LzmaDec.o
                0x0000000040104970                LzmaProps_Decode
 .text.LzmaDec_AllocateProbs
                0x00000000401049f8       0x4c /root/.jenkins/workspace/cr1821_v3.0.0_release_build/fsbl/build/cv1820a_wevb_0006a_spinor/bl2/LzmaDec.o
                0x00000000401049f8                LzmaDec_AllocateProbs
 .text.LzmaDecode
                0x0000000040104a44       0xf4 /root/.jenkins/workspace/cr1821_v3.0.0_release_build/fsbl/build/cv1820a_wevb_0006a_spinor/bl2/LzmaDec.o
                0x0000000040104a44                LzmaDecode
 .text.LZ4F_readLE32
                0x0000000040104b38       0x24 /root/.jenkins/workspace/cr1821_v3.0.0_release_build/fsbl/build/cv1820a_wevb_0006a_spinor/bl2/lz4_all.o
 .text.LZ4_decompress_safe_withSmallPrefix
                0x0000000040104b5c      0x734 /root/.jenkins/workspace/cr1821_v3.0.0_release_build/fsbl/build/cv1820a_wevb_0006a_spinor/bl2/lz4_all.o
 .text.LZ4F_updateDict
                0x0000000040105290      0x17c /root/.jenkins/workspace/cr1821_v3.0.0_release_build/fsbl/build/cv1820a_wevb_0006a_spinor/bl2/lz4_all.o
 .text.LZ4_decompress_safe
                0x000000004010540c      0x73c /root/.jenkins/workspace/cr1821_v3.0.0_release_build/fsbl/build/cv1820a_wevb_0006a_spinor/bl2/lz4_all.o
                0x000000004010540c                LZ4_decompress_safe
 .text.LZ4_decompress_safe_withPrefix64k
                0x0000000040105b48      0x768 /root/.jenkins/workspace/cr1821_v3.0.0_release_build/fsbl/build/cv1820a_wevb_0006a_spinor/bl2/lz4_all.o
                0x0000000040105b48                LZ4_decompress_safe_withPrefix64k
 .text.LZ4_decompress_safe_forceExtDict
                0x00000000401062b0      0x8e8 /root/.jenkins/workspace/cr1821_v3.0.0_release_build/fsbl/build/cv1820a_wevb_0006a_spinor/bl2/lz4_all.o
                0x00000000401062b0                LZ4_decompress_safe_forceExtDict
 .text.LZ4_decompress_safe_usingDict
                0x0000000040106b98       0x38 /root/.jenkins/workspace/cr1821_v3.0.0_release_build/fsbl/build/cv1820a_wevb_0006a_spinor/bl2/lz4_all.o
                0x0000000040106b98                LZ4_decompress_safe_usingDict
 .text.LZ4F_isError
                0x0000000040106bd0        0xc /root/.jenkins/workspace/cr1821_v3.0.0_release_build/fsbl/build/cv1820a_wevb_0006a_spinor/bl2/lz4_all.o
                0x0000000040106bd0                LZ4F_isError
 .text.LZ4F_getBlockSize
                0x0000000040106bdc       0x30 /root/.jenkins/workspace/cr1821_v3.0.0_release_build/fsbl/build/cv1820a_wevb_0006a_spinor/bl2/lz4_all.o
                0x0000000040106bdc                LZ4F_getBlockSize
 .text.LZ4F_decodeHeader
                0x0000000040106c0c      0x228 /root/.jenkins/workspace/cr1821_v3.0.0_release_build/fsbl/build/cv1820a_wevb_0006a_spinor/bl2/lz4_all.o
 .text.LZ4F_createDecompressionContext
                0x0000000040106e34       0x48 /root/.jenkins/workspace/cr1821_v3.0.0_release_build/fsbl/build/cv1820a_wevb_0006a_spinor/bl2/lz4_all.o
                0x0000000040106e34                LZ4F_createDecompressionContext
 .text.LZ4F_decompress
                0x0000000040106e7c      0x9e0 /root/.jenkins/workspace/cr1821_v3.0.0_release_build/fsbl/build/cv1820a_wevb_0006a_spinor/bl2/lz4_all.o
                0x0000000040106e7c                LZ4F_decompress
 .text.XXH32_avalanche
                0x000000004010785c       0x28 /root/.jenkins/workspace/cr1821_v3.0.0_release_build/fsbl/build/cv1820a_wevb_0006a_spinor/bl2/xxhash.o
 .text.XXH_read32
                0x0000000040107884       0x24 /root/.jenkins/workspace/cr1821_v3.0.0_release_build/fsbl/build/cv1820a_wevb_0006a_spinor/bl2/xxhash.o
 .text.XXH32_finalize.constprop.1
                0x00000000401078a8      0x3bc /root/.jenkins/workspace/cr1821_v3.0.0_release_build/fsbl/build/cv1820a_wevb_0006a_spinor/bl2/xxhash.o
 .text.XXH32    0x0000000040107c64      0x1ec /root/.jenkins/workspace/cr1821_v3.0.0_release_build/fsbl/build/cv1820a_wevb_0006a_spinor/bl2/xxhash.o
                0x0000000040107c64                XXH32
 .text.XXH32_reset
                0x0000000040107e50       0x78 /root/.jenkins/workspace/cr1821_v3.0.0_release_build/fsbl/build/cv1820a_wevb_0006a_spinor/bl2/xxhash.o
                0x0000000040107e50                XXH32_reset
 .text.XXH32_update
                0x0000000040107ec8      0x21c /root/.jenkins/workspace/cr1821_v3.0.0_release_build/fsbl/build/cv1820a_wevb_0006a_spinor/bl2/xxhash.o
                0x0000000040107ec8                XXH32_update
 .text.XXH32_digest
                0x00000000401080e4       0x54 /root/.jenkins/workspace/cr1821_v3.0.0_release_build/fsbl/build/cv1820a_wevb_0006a_spinor/bl2/xxhash.o
                0x00000000401080e4                XXH32_digest
 .text.ddr_init
                0x0000000040108138       0x44 /root/.jenkins/workspace/cr1821_v3.0.0_release_build/fsbl/build/cv1820a_wevb_0006a_spinor/bl2/ddr.o
                0x0000000040108138                ddr_init
 .text.read_ddr_pkg_info
                0x000000004010817c      0x2c4 /root/.jenkins/workspace/cr1821_v3.0.0_release_build/fsbl/build/cv1820a_wevb_0006a_spinor/bl2/ddr_pkg_info.o
                0x000000004010817c                read_ddr_pkg_info
 .text.get_ddr_vendor
                0x0000000040108440        0xc /root/.jenkins/workspace/cr1821_v3.0.0_release_build/fsbl/build/cv1820a_wevb_0006a_spinor/bl2/ddr_pkg_info.o
                0x0000000040108440                get_ddr_vendor
 .text.get_pkg  0x000000004010844c        0xc /root/.jenkins/workspace/cr1821_v3.0.0_release_build/fsbl/build/cv1820a_wevb_0006a_spinor/bl2/ddr_pkg_info.o
                0x000000004010844c                get_pkg
 .text.ddr_sys_bring_up
                0x0000000040108458      0x268 /root/.jenkins/workspace/cr1821_v3.0.0_release_build/fsbl/build/cv1820a_wevb_0006a_spinor/bl2/ddr_sys_bring_up.o
                0x0000000040108458                ddr_sys_bring_up
 .text.cvx16_bist_wr_prbs_init
                0x00000000401086c0       0x84 /root/.jenkins/workspace/cr1821_v3.0.0_release_build/fsbl/build/cv1820a_wevb_0006a_spinor/bl2/ddr_sys.o
                0x00000000401086c0                cvx16_bist_wr_prbs_init
 .text.cvx16_bist_wr_sram_init
                0x0000000040108744       0x94 /root/.jenkins/workspace/cr1821_v3.0.0_release_build/fsbl/build/cv1820a_wevb_0006a_spinor/bl2/ddr_sys.o
                0x0000000040108744                cvx16_bist_wr_sram_init
 .text.cvx16_bist_rdglvl_init
                0x00000000401087d8       0x78 /root/.jenkins/workspace/cr1821_v3.0.0_release_build/fsbl/build/cv1820a_wevb_0006a_spinor/bl2/ddr_sys.o
                0x00000000401087d8                cvx16_bist_rdglvl_init
 .text.cvx16_bist_rdlvl_init
                0x0000000040108850      0x16c /root/.jenkins/workspace/cr1821_v3.0.0_release_build/fsbl/build/cv1820a_wevb_0006a_spinor/bl2/ddr_sys.o
                0x0000000040108850                cvx16_bist_rdlvl_init
 .text.cvx16_bist_wdqlvl_init
                0x00000000401089bc      0x120 /root/.jenkins/workspace/cr1821_v3.0.0_release_build/fsbl/build/cv1820a_wevb_0006a_spinor/bl2/ddr_sys.o
                0x00000000401089bc                cvx16_bist_wdqlvl_init
 .text.cvx16_bist_wdmlvl_init
                0x0000000040108adc       0x94 /root/.jenkins/workspace/cr1821_v3.0.0_release_build/fsbl/build/cv1820a_wevb_0006a_spinor/bl2/ddr_sys.o
                0x0000000040108adc                cvx16_bist_wdmlvl_init
 .text.cvx16_bist_start_check
                0x0000000040108b70       0x88 /root/.jenkins/workspace/cr1821_v3.0.0_release_build/fsbl/build/cv1820a_wevb_0006a_spinor/bl2/ddr_sys.o
                0x0000000040108b70                cvx16_bist_start_check
 .text.cvx16_rdvld_train
                0x0000000040108bf8       0x98 /root/.jenkins/workspace/cr1821_v3.0.0_release_build/fsbl/build/cv1820a_wevb_0006a_spinor/bl2/ddr_sys.o
                0x0000000040108bf8                cvx16_rdvld_train
 .text.cvx16_dll_cal
                0x0000000040108c90       0x80 /root/.jenkins/workspace/cr1821_v3.0.0_release_build/fsbl/build/cv1820a_wevb_0006a_spinor/bl2/ddr_sys.o
                0x0000000040108c90                cvx16_dll_cal
 .text.cvx16_clk_normal
                0x0000000040108d10       0x8c /root/.jenkins/workspace/cr1821_v3.0.0_release_build/fsbl/build/cv1820a_wevb_0006a_spinor/bl2/ddr_sys.o
                0x0000000040108d10                cvx16_clk_normal
 .text.cvx16_clk_div2
                0x0000000040108d9c       0x28 /root/.jenkins/workspace/cr1821_v3.0.0_release_build/fsbl/build/cv1820a_wevb_0006a_spinor/bl2/ddr_sys.o
                0x0000000040108d9c                cvx16_clk_div2
 .text.cvx16_clk_div40
                0x0000000040108dc4       0x28 /root/.jenkins/workspace/cr1821_v3.0.0_release_build/fsbl/build/cv1820a_wevb_0006a_spinor/bl2/ddr_sys.o
                0x0000000040108dc4                cvx16_clk_div40
 .text.cvx16_chg_pll_freq
                0x0000000040108dec      0x178 /root/.jenkins/workspace/cr1821_v3.0.0_release_build/fsbl/build/cv1820a_wevb_0006a_spinor/bl2/ddr_sys.o
                0x0000000040108dec                cvx16_chg_pll_freq
 .text.cvx16_ddr_phy_power_on_seq1
                0x0000000040108f64       0x6c /root/.jenkins/workspace/cr1821_v3.0.0_release_build/fsbl/build/cv1820a_wevb_0006a_spinor/bl2/ddr_sys.o
                0x0000000040108f64                cvx16_ddr_phy_power_on_seq1
 .text.cvx16_ddr_phy_power_on_seq2
                0x0000000040108fd0       0x60 /root/.jenkins/workspace/cr1821_v3.0.0_release_build/fsbl/build/cv1820a_wevb_0006a_spinor/bl2/ddr_sys.o
                0x0000000040108fd0                cvx16_ddr_phy_power_on_seq2
 .text.cvx16_ddr_phy_power_on_seq3
                0x0000000040109030       0x64 /root/.jenkins/workspace/cr1821_v3.0.0_release_build/fsbl/build/cv1820a_wevb_0006a_spinor/bl2/ddr_sys.o
                0x0000000040109030                cvx16_ddr_phy_power_on_seq3
 .text.cvx16_wait_for_dfi_init_complete
                0x0000000040109094       0x54 /root/.jenkins/workspace/cr1821_v3.0.0_release_build/fsbl/build/cv1820a_wevb_0006a_spinor/bl2/ddr_sys.o
                0x0000000040109094                cvx16_wait_for_dfi_init_complete
 .text.cvx16_polling_dfi_init_start
                0x00000000401090e8       0x20 /root/.jenkins/workspace/cr1821_v3.0.0_release_build/fsbl/build/cv1820a_wevb_0006a_spinor/bl2/ddr_sys.o
                0x00000000401090e8                cvx16_polling_dfi_init_start
 .text.cvx16_set_dfi_init_complete
                0x0000000040109108       0x40 /root/.jenkins/workspace/cr1821_v3.0.0_release_build/fsbl/build/cv1820a_wevb_0006a_spinor/bl2/ddr_sys.o
                0x0000000040109108                cvx16_set_dfi_init_complete
 .text.cvx16_INT_ISR_08
                0x0000000040109148       0x38 /root/.jenkins/workspace/cr1821_v3.0.0_release_build/fsbl/build/cv1820a_wevb_0006a_spinor/bl2/ddr_sys.o
                0x0000000040109148                cvx16_INT_ISR_08
 .text.cvx16_polling_synp_normal_mode
                0x0000000040109180       0x28 /root/.jenkins/workspace/cr1821_v3.0.0_release_build/fsbl/build/cv1820a_wevb_0006a_spinor/bl2/ddr_sys.o
                0x0000000040109180                cvx16_polling_synp_normal_mode
 .text.cvx16_dfi_ca_park_prbs
                0x00000000401091a8       0x94 /root/.jenkins/workspace/cr1821_v3.0.0_release_build/fsbl/build/cv1820a_wevb_0006a_spinor/bl2/ddr_sys.o
                0x00000000401091a8                cvx16_dfi_ca_park_prbs
 .text.cvx16_setting_check
                0x000000004010923c       0x34 /root/.jenkins/workspace/cr1821_v3.0.0_release_build/fsbl/build/cv1820a_wevb_0006a_spinor/bl2/ddr_sys.o
                0x000000004010923c                cvx16_setting_check
 .text.cvx16_set_dfi_init_start
                0x0000000040109270       0x3c /root/.jenkins/workspace/cr1821_v3.0.0_release_build/fsbl/build/cv1820a_wevb_0006a_spinor/bl2/ddr_sys.o
                0x0000000040109270                cvx16_set_dfi_init_start
 .text.cvx16_pll_init
                0x00000000401092ac      0x100 /root/.jenkins/workspace/cr1821_v3.0.0_release_build/fsbl/build/cv1820a_wevb_0006a_spinor/bl2/ddr_sys.o
                0x00000000401092ac                cvx16_pll_init
 .text.cvx16_clk_gating_disable
                0x00000000401093ac       0x54 /root/.jenkins/workspace/cr1821_v3.0.0_release_build/fsbl/build/cv1820a_wevb_0006a_spinor/bl2/ddr_sys.o
                0x00000000401093ac                cvx16_clk_gating_disable
 .text.cvx16_clk_gating_enable
                0x0000000040109400       0x98 /root/.jenkins/workspace/cr1821_v3.0.0_release_build/fsbl/build/cv1820a_wevb_0006a_spinor/bl2/ddr_sys.o
                0x0000000040109400                cvx16_clk_gating_enable
 .text.cvx16_rdglvl_req
                0x0000000040109498      0x10c /root/.jenkins/workspace/cr1821_v3.0.0_release_build/fsbl/build/cv1820a_wevb_0006a_spinor/bl2/ddr_sys.o
                0x0000000040109498                cvx16_rdglvl_req
 .text.cvx16_rdlvl_req
                0x00000000401095a4      0x1d4 /root/.jenkins/workspace/cr1821_v3.0.0_release_build/fsbl/build/cv1820a_wevb_0006a_spinor/bl2/ddr_sys.o
                0x00000000401095a4                cvx16_rdlvl_req
 .text.cvx16_wdqlvl_req
                0x0000000040109778      0x228 /root/.jenkins/workspace/cr1821_v3.0.0_release_build/fsbl/build/cv1820a_wevb_0006a_spinor/bl2/ddr_sys.o
                0x0000000040109778                cvx16_wdqlvl_req
 .text.cvx16_en_rec_vol_mode
                0x00000000401099a0       0x2c /root/.jenkins/workspace/cr1821_v3.0.0_release_build/fsbl/build/cv1820a_wevb_0006a_spinor/bl2/ddr_sys.o
                0x00000000401099a0                cvx16_en_rec_vol_mode
 .text.ctrl_init_detect_dram_size
                0x00000000401099cc       0x30 /root/.jenkins/workspace/cr1821_v3.0.0_release_build/fsbl/build/cv1820a_wevb_0006a_spinor/bl2/ddr_sys.o
                0x00000000401099cc                ctrl_init_detect_dram_size
 .text.pll_init
                0x00000000401099fc       0xb4 /root/.jenkins/workspace/cr1821_v3.0.0_release_build/fsbl/build/cv1820a_wevb_0006a_spinor/bl2/phy_pll_init.o
                0x00000000401099fc                pll_init
 .text.cvx16_pinmux
                0x0000000040109ab0      0x3fc /root/.jenkins/workspace/cr1821_v3.0.0_release_build/fsbl/build/cv1820a_wevb_0006a_spinor/bl2/cvx16_pinmux.o
                0x0000000040109ab0                cvx16_pinmux
 .text.cvx16_dram_cap_check
                0x0000000040109eac        0x4 /root/.jenkins/workspace/cr1821_v3.0.0_release_build/fsbl/build/cv1820a_wevb_0006a_spinor/bl2/cvx16_dram_cap_check.o
                0x0000000040109eac                cvx16_dram_cap_check
 .text.ddrc_init
                0x0000000040109eb0      0x2bc /root/.jenkins/workspace/cr1821_v3.0.0_release_build/fsbl/build/cv1820a_wevb_0006a_spinor/bl2/ddrc_init.o
                0x0000000040109eb0                ddrc_init
 .text.ctrl_init_high_patch
                0x000000004010a16c       0x2c /root/.jenkins/workspace/cr1821_v3.0.0_release_build/fsbl/build/cv1820a_wevb_0006a_spinor/bl2/ddrc_init.o
                0x000000004010a16c                ctrl_init_high_patch
 .text.ctrl_init_low_patch
                0x000000004010a198       0x2c /root/.jenkins/workspace/cr1821_v3.0.0_release_build/fsbl/build/cv1820a_wevb_0006a_spinor/bl2/ddrc_init.o
                0x000000004010a198                ctrl_init_low_patch
 .text.ctrl_init_update_by_dram_size
                0x000000004010a1c4      0x290 /root/.jenkins/workspace/cr1821_v3.0.0_release_build/fsbl/build/cv1820a_wevb_0006a_spinor/bl2/ddrc_init.o
                0x000000004010a1c4                ctrl_init_update_by_dram_size
 .text.phy_init
                0x000000004010a454      0x524 /root/.jenkins/workspace/cr1821_v3.0.0_release_build/fsbl/build/cv1820a_wevb_0006a_spinor/bl2/phy_init.o
                0x000000004010a454                phy_init
 .text.smc_handler64
                0x000000004010a978       0x20 /root/.jenkins/workspace/cr1821_v3.0.0_release_build/fsbl/build/cv1820a_wevb_0006a_spinor/bl2/bl2_exceptions.o
 .text.flush_dcache_range
                0x000000004010a998       0x38 /root/.jenkins/workspace/cr1821_v3.0.0_release_build/fsbl/build/cv1820a_wevb_0006a_spinor/bl2/cache_helpers.o
                0x000000004010a998                flush_dcache_range
 .text.zeromem  0x000000004010a9d0        0x8 /root/.jenkins/workspace/cr1821_v3.0.0_release_build/fsbl/build/cv1820a_wevb_0006a_spinor/bl2/misc_helpers.o
                0x000000004010a9d0                zeromem
 .text.zeromem_dczva
                0x000000004010a9d8       0xf4 /root/.jenkins/workspace/cr1821_v3.0.0_release_build/fsbl/build/cv1820a_wevb_0006a_spinor/bl2/misc_helpers.o
                0x000000004010a9d8                zero_normalmem
 .text.console_putc
                0x000000004010aacc        0x8 /root/.jenkins/workspace/cr1821_v3.0.0_release_build/fsbl/build/cv1820a_wevb_0006a_spinor/bl2/console.o
                0x000000004010aacc                console_putc
 .text.console_flush
                0x000000004010aad4        0x8 /root/.jenkins/workspace/cr1821_v3.0.0_release_build/fsbl/build/cv1820a_wevb_0006a_spinor/bl2/console.o
                0x000000004010aad4                console_flush
 .text.console_core_putc
                0x000000004010aadc       0x44 /root/.jenkins/workspace/cr1821_v3.0.0_release_build/fsbl/build/cv1820a_wevb_0006a_spinor/bl2/16550_console_aarch64.o
                0x000000004010aadc                console_core_putc
 .text.console_core_flush
                0x000000004010ab20       0x24 /root/.jenkins/workspace/cr1821_v3.0.0_release_build/fsbl/build/cv1820a_wevb_0006a_spinor/bl2/16550_console_aarch64.o
                0x000000004010ab20                console_core_flush
 *(.rodata*)
 *fill*         0x000000004010ab44        0x4 
 .rodata.build_message
                0x000000004010ab48       0x1a /root/.jenkins/workspace/cr1821_v3.0.0_release_build/fsbl/build/cv1820a_wevb_0006a_spinor/bl2/build_message.o
                0x000000004010ab48                build_message
 *fill*         0x000000004010ab62        0x6 
 .rodata.version_string
                0x000000004010ab68        0xe /root/.jenkins/workspace/cr1821_v3.0.0_release_build/fsbl/build/cv1820a_wevb_0006a_spinor/bl2/build_message.o
                0x000000004010ab68                version_string
 .rodata        0x000000004010ab76       0x14 /root/.jenkins/workspace/cr1821_v3.0.0_release_build/fsbl/build/cv1820a_wevb_0006a_spinor/bl2/bl2_helper.o
 *fill*         0x000000004010ab8a        0x6 
 .rodata.__func__.4011
                0x000000004010ab90       0x10 /root/.jenkins/workspace/cr1821_v3.0.0_release_build/fsbl/build/cv1820a_wevb_0006a_spinor/bl2/bl2_helper.o
 .rodata.bl2_smc_handler.str1.1
                0x000000004010aba0        0x9 /root/.jenkins/workspace/cr1821_v3.0.0_release_build/fsbl/build/cv1820a_wevb_0006a_spinor/bl2/bl2_helper.o
 .rodata.switch_el3_to_el2_ns.str1.1
                0x000000004010aba9       0x1d /root/.jenkins/workspace/cr1821_v3.0.0_release_build/fsbl/build/cv1820a_wevb_0006a_spinor/bl2/bl2_helper.o
 .rodata.tf_printf.str1.1
                0x000000004010abc6        0x3 /root/.jenkins/workspace/cr1821_v3.0.0_release_build/fsbl/build/cv1820a_wevb_0006a_spinor/bl2/tf_printf.o
 .rodata.__system_reset.str1.1
                0x000000004010abc9       0x12 /root/.jenkins/workspace/cr1821_v3.0.0_release_build/fsbl/build/cv1820a_wevb_0006a_spinor/bl2/platform.o
 .rodata.panic_handler.str1.1
                0x000000004010abdb       0x15 /root/.jenkins/workspace/cr1821_v3.0.0_release_build/fsbl/build/cv1820a_wevb_0006a_spinor/bl2/platform.o
 .rodata.reset_c906l.str1.1
                0x000000004010abf0        0x8 /root/.jenkins/workspace/cr1821_v3.0.0_release_build/fsbl/build/cv1820a_wevb_0006a_spinor/bl2/platform.o
 .rodata.set_rtc_en_registers.str1.1
                0x000000004010abf8       0x27 /root/.jenkins/workspace/cr1821_v3.0.0_release_build/fsbl/build/cv1820a_wevb_0006a_spinor/bl2/platform.o
 .rodata.switch_rtc_mode_1st_stage.str1.1
                0x000000004010ac1f       0x1b /root/.jenkins/workspace/cr1821_v3.0.0_release_build/fsbl/build/cv1820a_wevb_0006a_spinor/bl2/platform.o
 .rodata.switch_rtc_mode_2nd_stage.str1.1
                0x000000004010ac3a       0x32 /root/.jenkins/workspace/cr1821_v3.0.0_release_build/fsbl/build/cv1820a_wevb_0006a_spinor/bl2/platform.o
 .rodata.sys_pll_init.str1.1
                0x000000004010ac6c       0x12 /root/.jenkins/workspace/cr1821_v3.0.0_release_build/fsbl/build/cv1820a_wevb_0006a_spinor/bl2/platform.o
 .rodata.bl2_main.str1.1
                0x000000004010ac7e       0x7e /root/.jenkins/workspace/cr1821_v3.0.0_release_build/fsbl/build/cv1820a_wevb_0006a_spinor/bl2/bl2_main.o
 .rodata.load_blcp_2nd.str1.1
                0x000000004010acfc       0xc7 /root/.jenkins/workspace/cr1821_v3.0.0_release_build/fsbl/build/cv1820a_wevb_0006a_spinor/bl2/bl2_main.o
 .rodata.load_ddr.str1.1
                0x000000004010adc3       0x4b /root/.jenkins/workspace/cr1821_v3.0.0_release_build/fsbl/build/cv1820a_wevb_0006a_spinor/bl2/bl2_main.o
 .rodata.load_ddr_param.str1.1
                0x000000004010ae0e       0x3c /root/.jenkins/workspace/cr1821_v3.0.0_release_build/fsbl/build/cv1820a_wevb_0006a_spinor/bl2/bl2_main.o
 .rodata.load_loader_2nd.str1.1
                0x000000004010ae4a       0xbd /root/.jenkins/workspace/cr1821_v3.0.0_release_build/fsbl/build/cv1820a_wevb_0006a_spinor/bl2/bl2_main.o
 .rodata.load_monitor.str1.1
                0x000000004010af07       0xbd /root/.jenkins/workspace/cr1821_v3.0.0_release_build/fsbl/build/cv1820a_wevb_0006a_spinor/bl2/bl2_main.o
 .rodata.load_param2.str1.1
                0x000000004010afc4       0x4a /root/.jenkins/workspace/cr1821_v3.0.0_release_build/fsbl/build/cv1820a_wevb_0006a_spinor/bl2/bl2_main.o
 .rodata.load_rest.str1.1
                0x000000004010b00e       0x5d /root/.jenkins/workspace/cr1821_v3.0.0_release_build/fsbl/build/cv1820a_wevb_0006a_spinor/bl2/bl2_main.o
 .rodata.SzAlloc.str1.1
                0x000000004010b06b       0x1f /root/.jenkins/workspace/cr1821_v3.0.0_release_build/fsbl/build/cv1820a_wevb_0006a_spinor/bl2/decompress.o
 *fill*         0x000000004010b08a        0x6 
 .rodata.__func__.4250
                0x000000004010b090        0x8 /root/.jenkins/workspace/cr1821_v3.0.0_release_build/fsbl/build/cv1820a_wevb_0006a_spinor/bl2/decompress.o
 .rodata.__func__.4267
                0x000000004010b098       0x10 /root/.jenkins/workspace/cr1821_v3.0.0_release_build/fsbl/build/cv1820a_wevb_0006a_spinor/bl2/decompress.o
 .rodata.decompress.str1.1
                0x000000004010b0a8       0x2e /root/.jenkins/workspace/cr1821_v3.0.0_release_build/fsbl/build/cv1820a_wevb_0006a_spinor/bl2/decompress.o
 .rodata.decompress_lz4.str1.1
                0x000000004010b0d6       0x68 /root/.jenkins/workspace/cr1821_v3.0.0_release_build/fsbl/build/cv1820a_wevb_0006a_spinor/bl2/decompress.o
 .rodata.decompress_lzma.str1.1
                0x000000004010b13e       0x86 /root/.jenkins/workspace/cr1821_v3.0.0_release_build/fsbl/build/cv1820a_wevb_0006a_spinor/bl2/decompress.o
 .rodata.LZ4F_decompress
                0x000000004010b1c4       0x1e /root/.jenkins/workspace/cr1821_v3.0.0_release_build/fsbl/build/cv1820a_wevb_0006a_spinor/bl2/lz4_all.o
 *fill*         0x000000004010b1e2        0x6 
 .rodata.blockSizes.4903
                0x000000004010b1e8       0x20 /root/.jenkins/workspace/cr1821_v3.0.0_release_build/fsbl/build/cv1820a_wevb_0006a_spinor/bl2/lz4_all.o
 .rodata.dec64table
                0x000000004010b208       0x20 /root/.jenkins/workspace/cr1821_v3.0.0_release_build/fsbl/build/cv1820a_wevb_0006a_spinor/bl2/lz4_all.o
 .rodata.inc32table
                0x000000004010b228       0x20 /root/.jenkins/workspace/cr1821_v3.0.0_release_build/fsbl/build/cv1820a_wevb_0006a_spinor/bl2/lz4_all.o
 .rodata.XXH32_finalize.constprop.1
                0x000000004010b248       0x1e /root/.jenkins/workspace/cr1821_v3.0.0_release_build/fsbl/build/cv1820a_wevb_0006a_spinor/bl2/xxhash.o
 .rodata.ddr_init.str1.1
                0x000000004010b266       0x28 /root/.jenkins/workspace/cr1821_v3.0.0_release_build/fsbl/build/cv1820a_wevb_0006a_spinor/bl2/ddr.o
 *fill*         0x000000004010b28e        0x2 
 .rodata.read_ddr_pkg_info
                0x000000004010b290        0xc /root/.jenkins/workspace/cr1821_v3.0.0_release_build/fsbl/build/cv1820a_wevb_0006a_spinor/bl2/ddr_pkg_info.o
 .rodata.read_ddr_pkg_info.str1.1
                0x000000004010b29c       0xb1 /root/.jenkins/workspace/cr1821_v3.0.0_release_build/fsbl/build/cv1820a_wevb_0006a_spinor/bl2/ddr_pkg_info.o
 .rodata.ddr_sys_bring_up.str1.1
                0x000000004010b34d       0x78 /root/.jenkins/workspace/cr1821_v3.0.0_release_build/fsbl/build/cv1820a_wevb_0006a_spinor/bl2/ddr_sys_bring_up.o
 .rodata.pll_init.str1.1
                0x000000004010b3c5       0x11 /root/.jenkins/workspace/cr1821_v3.0.0_release_build/fsbl/build/cv1820a_wevb_0006a_spinor/bl2/phy_pll_init.o
 *fill*         0x000000004010b3d6        0x2 
 .rodata.cvx16_pinmux
                0x000000004010b3d8       0x14 /root/.jenkins/workspace/cr1821_v3.0.0_release_build/fsbl/build/cv1820a_wevb_0006a_spinor/bl2/cvx16_pinmux.o
 .rodata.ctrl_init_update_by_dram_size
                0x000000004010b3ec        0xa /root/.jenkins/workspace/cr1821_v3.0.0_release_build/fsbl/build/cv1820a_wevb_0006a_spinor/bl2/ddrc_init.o
                0x000000004010b3f6                __RO_END__ = .

.iplt           0x000000004010b3f8        0x0
 .iplt          0x000000004010b3f8        0x0 /root/.jenkins/workspace/cr1821_v3.0.0_release_build/fsbl/build/cv1820a_wevb_0006a_spinor/bl2/build_message.o

.rela.dyn       0x000000004010b3f8        0x0
 .rela.iplt     0x000000004010b3f8        0x0 /root/.jenkins/workspace/cr1821_v3.0.0_release_build/fsbl/build/cv1820a_wevb_0006a_spinor/bl2/build_message.o

.data           0x000000004010b3f6      0x1ea
                0x000000004010b400                . = ALIGN (0x10)
 *fill*         0x000000004010b3f6        0xa 
                0x000000004010b400                __DATA_START__ = .
 *(.data*)
 .data.time_records
                0x000000004010b400        0x8 /root/.jenkins/workspace/cr1821_v3.0.0_release_build/fsbl/build/cv1820a_wevb_0006a_spinor/bl2/bl2_main.o
                0x000000004010b400                time_records
 .data.ddr_data_rate
                0x000000004010b408        0x4 /root/.jenkins/workspace/cr1821_v3.0.0_release_build/fsbl/build/cv1820a_wevb_0006a_spinor/bl2/ddrc_init.o
                0x000000004010b408                ddr_data_rate
 *fill*         0x000000004010b40c        0x4 
 .data.ddr_patch_regs
                0x000000004010b410      0x1c8 /root/.jenkins/workspace/cr1821_v3.0.0_release_build/fsbl/build/cv1820a_wevb_0006a_spinor/bl2/ddr_patch_regs.o
                0x000000004010b410                ddr_patch_regs
 .data.ddr_patch_regs_count
                0x000000004010b5d8        0x4 /root/.jenkins/workspace/cr1821_v3.0.0_release_build/fsbl/build/cv1820a_wevb_0006a_spinor/bl2/ddr_patch_regs.o
                0x000000004010b5d8                ddr_patch_regs_count
                0x000000004010b5e0                . = ALIGN (0x10)
 *fill*         0x000000004010b5dc        0x4 
                0x000000004010b5e0                __DATA_END__ = .

.igot.plt       0x000000004010b5e0        0x0
 .igot.plt      0x000000004010b5e0        0x0 /root/.jenkins/workspace/cr1821_v3.0.0_release_build/fsbl/build/cv1820a_wevb_0006a_spinor/bl2/build_message.o

stacks          0x000000004010b5e0     0x2020
                0x000000004010b600                . = ALIGN (0x40)
 *fill*         0x000000004010b5e0       0x20 
                0x000000004010b600                __STACKS_START__ = .
                0x000000004010d600                . = (. + 0x2000)
 *fill*         0x000000004010b600     0x2000 
                0x000000004010d600                . = ALIGN (0x40)
                0x000000004010d600                __STACKS_END__ = .

.bss            0x000000004010d600     0x50d0
                0x000000004010d600                . = ALIGN (0x10)
                0x000000004010d600                __BSS_START__ = .
 *(SORT(.bss*))
 .bss.fip_param2
                0x000000004010d600     0x1000 /root/.jenkins/workspace/cr1821_v3.0.0_release_build/fsbl/build/cv1820a_wevb_0006a_spinor/bl2/bl2_main.o
 .bss.sram_union_buf
                0x000000004010e600     0x4000 /root/.jenkins/workspace/cr1821_v3.0.0_release_build/fsbl/build/cv1820a_wevb_0006a_spinor/bl2/bl2_main.o
 .bss.next_info
                0x0000000040112600       0x88 /root/.jenkins/workspace/cr1821_v3.0.0_release_build/fsbl/build/cv1820a_wevb_0006a_spinor/bl2/bl2_helper.o
 .bss.comp_alloc_buf
                0x0000000040112688        0x8 /root/.jenkins/workspace/cr1821_v3.0.0_release_build/fsbl/build/cv1820a_wevb_0006a_spinor/bl2/decompress.o
 .bss.comp_alloc_size
                0x0000000040112690        0x8 /root/.jenkins/workspace/cr1821_v3.0.0_release_build/fsbl/build/cv1820a_wevb_0006a_spinor/bl2/decompress.o
 *(COMMON)
 COMMON         0x0000000040112698        0x4 /root/.jenkins/workspace/cr1821_v3.0.0_release_build/fsbl/build/cv1820a_wevb_0006a_spinor/bl2/ddr_pkg_info.o
                0x0000000040112698                pkg
                0x0000000040112699                ddr_vendor
                0x000000004011269a                ddr_type
                0x000000004011269b                ddr_capacity
 COMMON         0x000000004011269c        0x4 /root/.jenkins/workspace/cr1821_v3.0.0_release_build/fsbl/build/cv1820a_wevb_0006a_spinor/bl2/ddr_sys.o
                0x000000004011269c                rddata
 COMMON         0x00000000401126a0       0x28 /root/.jenkins/workspace/cr1821_v3.0.0_release_build/fsbl/build/cv1820a_wevb_0006a_spinor/bl2/phy_pll_init.o
                0x00000000401126a0                tar_freq
                0x00000000401126a4                freq_in
                0x00000000401126a8                reg_step
                0x00000000401126b0                mod_freq
                0x00000000401126b4                dev_freq
                0x00000000401126b8                reg_span
                0x00000000401126c0                reg_set
                0x00000000401126d0                . = ALIGN (0x10)
 *fill*         0x00000000401126c8        0x8 
                0x00000000401126d0                __BSS_END__ = .
                0x00000000401126d0                __BL2_END__ = .
                0x00000000000050d0                __BSS_SIZE__ = SIZEOF (.bss)
                0x0000000000000001                ASSERT ((. <= 0x40137000), BL2 image has exceeded its limit.)
                0x0000000040000100                p_rom_api_cryptodma_aes_decrypt = 0x40000100
                0x0000000040000080                p_rom_api_flash_init = 0x40000080
                0x0000000040000020                p_rom_api_get_boot_src = 0x40000020
                0x00000000400000c0                p_rom_api_get_number_of_retries = 0x400000c0
                0x00000000400000a0                p_rom_api_image_crc = 0x400000a0
                0x0000000040000060                p_rom_api_load_image = 0x40000060
                0x0000000040000040                p_rom_api_set_boot_src = 0x40000040
                0x00000000400000e0                p_rom_api_verify_rsa = 0x400000e0
LOAD /root/.jenkins/workspace/cr1821_v3.0.0_release_build/fsbl/build/cv1820a_wevb_0006a_spinor/bl2/build_message.o
LOAD /root/.jenkins/workspace/cr1821_v3.0.0_release_build/fsbl/build/cv1820a_wevb_0006a_spinor/bl2/cpu_helper.o
LOAD /root/.jenkins/workspace/cr1821_v3.0.0_release_build/fsbl/build/cv1820a_wevb_0006a_spinor/bl2/delay_timer.o
LOAD /root/.jenkins/workspace/cr1821_v3.0.0_release_build/fsbl/build/cv1820a_wevb_0006a_spinor/bl2/bl2_helper.o
LOAD /root/.jenkins/workspace/cr1821_v3.0.0_release_build/fsbl/build/cv1820a_wevb_0006a_spinor/bl2/tf_printf.o
LOAD /root/.jenkins/workspace/cr1821_v3.0.0_release_build/fsbl/build/cv1820a_wevb_0006a_spinor/bl2/platform.o
LOAD /root/.jenkins/workspace/cr1821_v3.0.0_release_build/fsbl/build/cv1820a_wevb_0006a_spinor/bl2/security.o
LOAD /root/.jenkins/workspace/cr1821_v3.0.0_release_build/fsbl/build/cv1820a_wevb_0006a_spinor/bl2/misc.o
LOAD /root/.jenkins/workspace/cr1821_v3.0.0_release_build/fsbl/build/cv1820a_wevb_0006a_spinor/bl2/assert.o
LOAD /root/.jenkins/workspace/cr1821_v3.0.0_release_build/fsbl/build/cv1820a_wevb_0006a_spinor/bl2/mem.o
LOAD /root/.jenkins/workspace/cr1821_v3.0.0_release_build/fsbl/build/cv1820a_wevb_0006a_spinor/bl2/putchar.o
LOAD /root/.jenkins/workspace/cr1821_v3.0.0_release_build/fsbl/build/cv1820a_wevb_0006a_spinor/bl2/strchr.o
LOAD /root/.jenkins/workspace/cr1821_v3.0.0_release_build/fsbl/build/cv1820a_wevb_0006a_spinor/bl2/strcmp.o
LOAD /root/.jenkins/workspace/cr1821_v3.0.0_release_build/fsbl/build/cv1820a_wevb_0006a_spinor/bl2/strlen.o
LOAD /root/.jenkins/workspace/cr1821_v3.0.0_release_build/fsbl/build/cv1820a_wevb_0006a_spinor/bl2/strncmp.o
LOAD /root/.jenkins/workspace/cr1821_v3.0.0_release_build/fsbl/build/cv1820a_wevb_0006a_spinor/bl2/strnlen.o
LOAD /root/.jenkins/workspace/cr1821_v3.0.0_release_build/fsbl/build/cv1820a_wevb_0006a_spinor/bl2/bl2_main.o
LOAD /root/.jenkins/workspace/cr1821_v3.0.0_release_build/fsbl/build/cv1820a_wevb_0006a_spinor/bl2/decompress.o
LOAD /root/.jenkins/workspace/cr1821_v3.0.0_release_build/fsbl/build/cv1820a_wevb_0006a_spinor/bl2/LzmaDec.o
LOAD /root/.jenkins/workspace/cr1821_v3.0.0_release_build/fsbl/build/cv1820a_wevb_0006a_spinor/bl2/lz4_all.o
LOAD /root/.jenkins/workspace/cr1821_v3.0.0_release_build/fsbl/build/cv1820a_wevb_0006a_spinor/bl2/xxhash.o
LOAD /root/.jenkins/workspace/cr1821_v3.0.0_release_build/fsbl/build/cv1820a_wevb_0006a_spinor/bl2/ddr.o
LOAD /root/.jenkins/workspace/cr1821_v3.0.0_release_build/fsbl/build/cv1820a_wevb_0006a_spinor/bl2/ddr_pkg_info.o
LOAD /root/.jenkins/workspace/cr1821_v3.0.0_release_build/fsbl/build/cv1820a_wevb_0006a_spinor/bl2/ddr_sys_bring_up.o
LOAD /root/.jenkins/workspace/cr1821_v3.0.0_release_build/fsbl/build/cv1820a_wevb_0006a_spinor/bl2/ddr_sys.o
LOAD /root/.jenkins/workspace/cr1821_v3.0.0_release_build/fsbl/build/cv1820a_wevb_0006a_spinor/bl2/phy_pll_init.o
LOAD /root/.jenkins/workspace/cr1821_v3.0.0_release_build/fsbl/build/cv1820a_wevb_0006a_spinor/bl2/cvx16_pinmux.o
LOAD /root/.jenkins/workspace/cr1821_v3.0.0_release_build/fsbl/build/cv1820a_wevb_0006a_spinor/bl2/cvx16_dram_cap_check.o
LOAD /root/.jenkins/workspace/cr1821_v3.0.0_release_build/fsbl/build/cv1820a_wevb_0006a_spinor/bl2/ddrc_init.o
LOAD /root/.jenkins/workspace/cr1821_v3.0.0_release_build/fsbl/build/cv1820a_wevb_0006a_spinor/bl2/phy_init.o
LOAD /root/.jenkins/workspace/cr1821_v3.0.0_release_build/fsbl/build/cv1820a_wevb_0006a_spinor/bl2/ddr_patch_regs.o
LOAD /root/.jenkins/workspace/cr1821_v3.0.0_release_build/fsbl/build/cv1820a_wevb_0006a_spinor/bl2/bl2_entrypoint.o
LOAD /root/.jenkins/workspace/cr1821_v3.0.0_release_build/fsbl/build/cv1820a_wevb_0006a_spinor/bl2/bl2_exceptions.o
LOAD /root/.jenkins/workspace/cr1821_v3.0.0_release_build/fsbl/build/cv1820a_wevb_0006a_spinor/bl2/cache_helpers.o
LOAD /root/.jenkins/workspace/cr1821_v3.0.0_release_build/fsbl/build/cv1820a_wevb_0006a_spinor/bl2/misc_helpers.o
LOAD /root/.jenkins/workspace/cr1821_v3.0.0_release_build/fsbl/build/cv1820a_wevb_0006a_spinor/bl2/console.o
LOAD /root/.jenkins/workspace/cr1821_v3.0.0_release_build/fsbl/build/cv1820a_wevb_0006a_spinor/bl2/16550_console_aarch64.o
OUTPUT(/root/.jenkins/workspace/cr1821_v3.0.0_release_build/fsbl/build/cv1820a_wevb_0006a_spinor/bl2/bl2.elf elf64-littleaarch64)

.debug_info     0x0000000000000000    0x5efc1
 .debug_info    0x0000000000000000       0x87 /root/.jenkins/workspace/cr1821_v3.0.0_release_build/fsbl/build/cv1820a_wevb_0006a_spinor/bl2/build_message.o
 .debug_info    0x0000000000000087      0x24a /root/.jenkins/workspace/cr1821_v3.0.0_release_build/fsbl/build/cv1820a_wevb_0006a_spinor/bl2/cpu_helper.o
 .debug_info    0x00000000000002d1      0x68e /root/.jenkins/workspace/cr1821_v3.0.0_release_build/fsbl/build/cv1820a_wevb_0006a_spinor/bl2/delay_timer.o
 .debug_info    0x000000000000095f      0xc0a /root/.jenkins/workspace/cr1821_v3.0.0_release_build/fsbl/build/cv1820a_wevb_0006a_spinor/bl2/bl2_helper.o
 .debug_info    0x0000000000001569      0x608 /root/.jenkins/workspace/cr1821_v3.0.0_release_build/fsbl/build/cv1820a_wevb_0006a_spinor/bl2/tf_printf.o
 .debug_info    0x0000000000001b71     0x1b10 /root/.jenkins/workspace/cr1821_v3.0.0_release_build/fsbl/build/cv1820a_wevb_0006a_spinor/bl2/platform.o
 .debug_info    0x0000000000003681      0x72f /root/.jenkins/workspace/cr1821_v3.0.0_release_build/fsbl/build/cv1820a_wevb_0006a_spinor/bl2/security.o
 .debug_info    0x0000000000003db0      0x3f4 /root/.jenkins/workspace/cr1821_v3.0.0_release_build/fsbl/build/cv1820a_wevb_0006a_spinor/bl2/mem.o
 .debug_info    0x00000000000041a4      0x41e /root/.jenkins/workspace/cr1821_v3.0.0_release_build/fsbl/build/cv1820a_wevb_0006a_spinor/bl2/putchar.o
 .debug_info    0x00000000000045c2     0x1a04 /root/.jenkins/workspace/cr1821_v3.0.0_release_build/fsbl/build/cv1820a_wevb_0006a_spinor/bl2/bl2_main.o
 .debug_info    0x0000000000005fc6      0xb04 /root/.jenkins/workspace/cr1821_v3.0.0_release_build/fsbl/build/cv1820a_wevb_0006a_spinor/bl2/decompress.o
 .debug_info    0x0000000000006aca     0x18c4 /root/.jenkins/workspace/cr1821_v3.0.0_release_build/fsbl/build/cv1820a_wevb_0006a_spinor/bl2/LzmaDec.o
 .debug_info    0x000000000000838e    0x28929 /root/.jenkins/workspace/cr1821_v3.0.0_release_build/fsbl/build/cv1820a_wevb_0006a_spinor/bl2/lz4_all.o
 .debug_info    0x0000000000030cb7     0x3db6 /root/.jenkins/workspace/cr1821_v3.0.0_release_build/fsbl/build/cv1820a_wevb_0006a_spinor/bl2/xxhash.o
 .debug_info    0x0000000000034a6d      0x317 /root/.jenkins/workspace/cr1821_v3.0.0_release_build/fsbl/build/cv1820a_wevb_0006a_spinor/bl2/ddr.o
 .debug_info    0x0000000000034d84      0x6a7 /root/.jenkins/workspace/cr1821_v3.0.0_release_build/fsbl/build/cv1820a_wevb_0006a_spinor/bl2/ddr_pkg_info.o
 .debug_info    0x000000000003542b      0xb76 /root/.jenkins/workspace/cr1821_v3.0.0_release_build/fsbl/build/cv1820a_wevb_0006a_spinor/bl2/ddr_sys_bring_up.o
 .debug_info    0x0000000000035fa1    0x23aad /root/.jenkins/workspace/cr1821_v3.0.0_release_build/fsbl/build/cv1820a_wevb_0006a_spinor/bl2/ddr_sys.o
 .debug_info    0x0000000000059a4e      0x380 /root/.jenkins/workspace/cr1821_v3.0.0_release_build/fsbl/build/cv1820a_wevb_0006a_spinor/bl2/phy_pll_init.o
 .debug_info    0x0000000000059dce     0x11df /root/.jenkins/workspace/cr1821_v3.0.0_release_build/fsbl/build/cv1820a_wevb_0006a_spinor/bl2/cvx16_pinmux.o
 .debug_info    0x000000000005afad      0x15f /root/.jenkins/workspace/cr1821_v3.0.0_release_build/fsbl/build/cv1820a_wevb_0006a_spinor/bl2/cvx16_dram_cap_check.o
 .debug_info    0x000000000005b10c     0x1ae0 /root/.jenkins/workspace/cr1821_v3.0.0_release_build/fsbl/build/cv1820a_wevb_0006a_spinor/bl2/ddrc_init.o
 .debug_info    0x000000000005cbec     0x1f57 /root/.jenkins/workspace/cr1821_v3.0.0_release_build/fsbl/build/cv1820a_wevb_0006a_spinor/bl2/phy_init.o
 .debug_info    0x000000000005eb43      0x188 /root/.jenkins/workspace/cr1821_v3.0.0_release_build/fsbl/build/cv1820a_wevb_0006a_spinor/bl2/ddr_patch_regs.o
 .debug_info    0x000000000005eccb       0x7f /root/.jenkins/workspace/cr1821_v3.0.0_release_build/fsbl/build/cv1820a_wevb_0006a_spinor/bl2/bl2_entrypoint.o
 .debug_info    0x000000000005ed4a       0x7f /root/.jenkins/workspace/cr1821_v3.0.0_release_build/fsbl/build/cv1820a_wevb_0006a_spinor/bl2/bl2_exceptions.o
 .debug_info    0x000000000005edc9       0x7e /root/.jenkins/workspace/cr1821_v3.0.0_release_build/fsbl/build/cv1820a_wevb_0006a_spinor/bl2/cache_helpers.o
 .debug_info    0x000000000005ee47       0x7d /root/.jenkins/workspace/cr1821_v3.0.0_release_build/fsbl/build/cv1820a_wevb_0006a_spinor/bl2/misc_helpers.o
 .debug_info    0x000000000005eec4       0x78 /root/.jenkins/workspace/cr1821_v3.0.0_release_build/fsbl/build/cv1820a_wevb_0006a_spinor/bl2/console.o
 .debug_info    0x000000000005ef3c       0x85 /root/.jenkins/workspace/cr1821_v3.0.0_release_build/fsbl/build/cv1820a_wevb_0006a_spinor/bl2/16550_console_aarch64.o

.debug_abbrev   0x0000000000000000     0x30fa
 .debug_abbrev  0x0000000000000000       0x46 /root/.jenkins/workspace/cr1821_v3.0.0_release_build/fsbl/build/cv1820a_wevb_0006a_spinor/bl2/build_message.o
 .debug_abbrev  0x0000000000000046       0xca /root/.jenkins/workspace/cr1821_v3.0.0_release_build/fsbl/build/cv1820a_wevb_0006a_spinor/bl2/cpu_helper.o
 .debug_abbrev  0x0000000000000110      0x1da /root/.jenkins/workspace/cr1821_v3.0.0_release_build/fsbl/build/cv1820a_wevb_0006a_spinor/bl2/delay_timer.o
 .debug_abbrev  0x00000000000002ea      0x246 /root/.jenkins/workspace/cr1821_v3.0.0_release_build/fsbl/build/cv1820a_wevb_0006a_spinor/bl2/bl2_helper.o
 .debug_abbrev  0x0000000000000530      0x1ef /root/.jenkins/workspace/cr1821_v3.0.0_release_build/fsbl/build/cv1820a_wevb_0006a_spinor/bl2/tf_printf.o
 .debug_abbrev  0x000000000000071f      0x33d /root/.jenkins/workspace/cr1821_v3.0.0_release_build/fsbl/build/cv1820a_wevb_0006a_spinor/bl2/platform.o
 .debug_abbrev  0x0000000000000a5c      0x138 /root/.jenkins/workspace/cr1821_v3.0.0_release_build/fsbl/build/cv1820a_wevb_0006a_spinor/bl2/security.o
 .debug_abbrev  0x0000000000000b94      0x10e /root/.jenkins/workspace/cr1821_v3.0.0_release_build/fsbl/build/cv1820a_wevb_0006a_spinor/bl2/mem.o
 .debug_abbrev  0x0000000000000ca2      0x17e /root/.jenkins/workspace/cr1821_v3.0.0_release_build/fsbl/build/cv1820a_wevb_0006a_spinor/bl2/putchar.o
 .debug_abbrev  0x0000000000000e20      0x3d1 /root/.jenkins/workspace/cr1821_v3.0.0_release_build/fsbl/build/cv1820a_wevb_0006a_spinor/bl2/bl2_main.o
 .debug_abbrev  0x00000000000011f1      0x30c /root/.jenkins/workspace/cr1821_v3.0.0_release_build/fsbl/build/cv1820a_wevb_0006a_spinor/bl2/decompress.o
 .debug_abbrev  0x00000000000014fd      0x40a /root/.jenkins/workspace/cr1821_v3.0.0_release_build/fsbl/build/cv1820a_wevb_0006a_spinor/bl2/LzmaDec.o
 .debug_abbrev  0x0000000000001907      0x5cb /root/.jenkins/workspace/cr1821_v3.0.0_release_build/fsbl/build/cv1820a_wevb_0006a_spinor/bl2/lz4_all.o
 .debug_abbrev  0x0000000000001ed2      0x475 /root/.jenkins/workspace/cr1821_v3.0.0_release_build/fsbl/build/cv1820a_wevb_0006a_spinor/bl2/xxhash.o
 .debug_abbrev  0x0000000000002347      0x102 /root/.jenkins/workspace/cr1821_v3.0.0_release_build/fsbl/build/cv1820a_wevb_0006a_spinor/bl2/ddr.o
 .debug_abbrev  0x0000000000002449      0x1b4 /root/.jenkins/workspace/cr1821_v3.0.0_release_build/fsbl/build/cv1820a_wevb_0006a_spinor/bl2/ddr_pkg_info.o
 .debug_abbrev  0x00000000000025fd      0x20b /root/.jenkins/workspace/cr1821_v3.0.0_release_build/fsbl/build/cv1820a_wevb_0006a_spinor/bl2/ddr_sys_bring_up.o
 .debug_abbrev  0x0000000000002808      0x3aa /root/.jenkins/workspace/cr1821_v3.0.0_release_build/fsbl/build/cv1820a_wevb_0006a_spinor/bl2/ddr_sys.o
 .debug_abbrev  0x0000000000002bb2       0xe9 /root/.jenkins/workspace/cr1821_v3.0.0_release_build/fsbl/build/cv1820a_wevb_0006a_spinor/bl2/phy_pll_init.o
 .debug_abbrev  0x0000000000002c9b       0xd6 /root/.jenkins/workspace/cr1821_v3.0.0_release_build/fsbl/build/cv1820a_wevb_0006a_spinor/bl2/cvx16_pinmux.o
 .debug_abbrev  0x0000000000002d71       0x74 /root/.jenkins/workspace/cr1821_v3.0.0_release_build/fsbl/build/cv1820a_wevb_0006a_spinor/bl2/cvx16_dram_cap_check.o
 .debug_abbrev  0x0000000000002de5      0x15d /root/.jenkins/workspace/cr1821_v3.0.0_release_build/fsbl/build/cv1820a_wevb_0006a_spinor/bl2/ddrc_init.o
 .debug_abbrev  0x0000000000002f42       0xbd /root/.jenkins/workspace/cr1821_v3.0.0_release_build/fsbl/build/cv1820a_wevb_0006a_spinor/bl2/phy_init.o
 .debug_abbrev  0x0000000000002fff       0x8f /root/.jenkins/workspace/cr1821_v3.0.0_release_build/fsbl/build/cv1820a_wevb_0006a_spinor/bl2/ddr_patch_regs.o
 .debug_abbrev  0x000000000000308e       0x12 /root/.jenkins/workspace/cr1821_v3.0.0_release_build/fsbl/build/cv1820a_wevb_0006a_spinor/bl2/bl2_entrypoint.o
 .debug_abbrev  0x00000000000030a0       0x12 /root/.jenkins/workspace/cr1821_v3.0.0_release_build/fsbl/build/cv1820a_wevb_0006a_spinor/bl2/bl2_exceptions.o
 .debug_abbrev  0x00000000000030b2       0x12 /root/.jenkins/workspace/cr1821_v3.0.0_release_build/fsbl/build/cv1820a_wevb_0006a_spinor/bl2/cache_helpers.o
 .debug_abbrev  0x00000000000030c4       0x12 /root/.jenkins/workspace/cr1821_v3.0.0_release_build/fsbl/build/cv1820a_wevb_0006a_spinor/bl2/misc_helpers.o
 .debug_abbrev  0x00000000000030d6       0x12 /root/.jenkins/workspace/cr1821_v3.0.0_release_build/fsbl/build/cv1820a_wevb_0006a_spinor/bl2/console.o
 .debug_abbrev  0x00000000000030e8       0x12 /root/.jenkins/workspace/cr1821_v3.0.0_release_build/fsbl/build/cv1820a_wevb_0006a_spinor/bl2/16550_console_aarch64.o

.debug_aranges  0x0000000000000000     0x18f0
 .debug_aranges
                0x0000000000000000       0x20 /root/.jenkins/workspace/cr1821_v3.0.0_release_build/fsbl/build/cv1820a_wevb_0006a_spinor/bl2/build_message.o
 .debug_aranges
                0x0000000000000020       0x40 /root/.jenkins/workspace/cr1821_v3.0.0_release_build/fsbl/build/cv1820a_wevb_0006a_spinor/bl2/cpu_helper.o
 .debug_aranges
                0x0000000000000060       0x90 /root/.jenkins/workspace/cr1821_v3.0.0_release_build/fsbl/build/cv1820a_wevb_0006a_spinor/bl2/delay_timer.o
 .debug_aranges
                0x00000000000000f0       0x60 /root/.jenkins/workspace/cr1821_v3.0.0_release_build/fsbl/build/cv1820a_wevb_0006a_spinor/bl2/bl2_helper.o
 .debug_aranges
                0x0000000000000150       0x50 /root/.jenkins/workspace/cr1821_v3.0.0_release_build/fsbl/build/cv1820a_wevb_0006a_spinor/bl2/tf_printf.o
 .debug_aranges
                0x00000000000001a0       0xd0 /root/.jenkins/workspace/cr1821_v3.0.0_release_build/fsbl/build/cv1820a_wevb_0006a_spinor/bl2/platform.o
 .debug_aranges
                0x0000000000000270       0x30 /root/.jenkins/workspace/cr1821_v3.0.0_release_build/fsbl/build/cv1820a_wevb_0006a_spinor/bl2/security.o
 .debug_aranges
                0x00000000000002a0       0x80 /root/.jenkins/workspace/cr1821_v3.0.0_release_build/fsbl/build/cv1820a_wevb_0006a_spinor/bl2/mem.o
 .debug_aranges
                0x0000000000000320       0x30 /root/.jenkins/workspace/cr1821_v3.0.0_release_build/fsbl/build/cv1820a_wevb_0006a_spinor/bl2/putchar.o
 .debug_aranges
                0x0000000000000350       0xc0 /root/.jenkins/workspace/cr1821_v3.0.0_release_build/fsbl/build/cv1820a_wevb_0006a_spinor/bl2/bl2_main.o
 .debug_aranges
                0x0000000000000410       0xa0 /root/.jenkins/workspace/cr1821_v3.0.0_release_build/fsbl/build/cv1820a_wevb_0006a_spinor/bl2/decompress.o
 .debug_aranges
                0x00000000000004b0      0x100 /root/.jenkins/workspace/cr1821_v3.0.0_release_build/fsbl/build/cv1820a_wevb_0006a_spinor/bl2/LzmaDec.o
 .debug_aranges
                0x00000000000005b0      0x7f0 /root/.jenkins/workspace/cr1821_v3.0.0_release_build/fsbl/build/cv1820a_wevb_0006a_spinor/bl2/lz4_all.o
 .debug_aranges
                0x0000000000000da0      0x1c0 /root/.jenkins/workspace/cr1821_v3.0.0_release_build/fsbl/build/cv1820a_wevb_0006a_spinor/bl2/xxhash.o
 .debug_aranges
                0x0000000000000f60       0x30 /root/.jenkins/workspace/cr1821_v3.0.0_release_build/fsbl/build/cv1820a_wevb_0006a_spinor/bl2/ddr.o
 .debug_aranges
                0x0000000000000f90       0x70 /root/.jenkins/workspace/cr1821_v3.0.0_release_build/fsbl/build/cv1820a_wevb_0006a_spinor/bl2/ddr_pkg_info.o
 .debug_aranges
                0x0000000000001000       0x30 /root/.jenkins/workspace/cr1821_v3.0.0_release_build/fsbl/build/cv1820a_wevb_0006a_spinor/bl2/ddr_sys_bring_up.o
 .debug_aranges
                0x0000000000001030      0x4e0 /root/.jenkins/workspace/cr1821_v3.0.0_release_build/fsbl/build/cv1820a_wevb_0006a_spinor/bl2/ddr_sys.o
 .debug_aranges
                0x0000000000001510       0x30 /root/.jenkins/workspace/cr1821_v3.0.0_release_build/fsbl/build/cv1820a_wevb_0006a_spinor/bl2/phy_pll_init.o
 .debug_aranges
                0x0000000000001540       0x30 /root/.jenkins/workspace/cr1821_v3.0.0_release_build/fsbl/build/cv1820a_wevb_0006a_spinor/bl2/cvx16_pinmux.o
 .debug_aranges
                0x0000000000001570       0x30 /root/.jenkins/workspace/cr1821_v3.0.0_release_build/fsbl/build/cv1820a_wevb_0006a_spinor/bl2/cvx16_dram_cap_check.o
 .debug_aranges
                0x00000000000015a0       0x60 /root/.jenkins/workspace/cr1821_v3.0.0_release_build/fsbl/build/cv1820a_wevb_0006a_spinor/bl2/ddrc_init.o
 .debug_aranges
                0x0000000000001600       0x30 /root/.jenkins/workspace/cr1821_v3.0.0_release_build/fsbl/build/cv1820a_wevb_0006a_spinor/bl2/phy_init.o
 .debug_aranges
                0x0000000000001630       0x20 /root/.jenkins/workspace/cr1821_v3.0.0_release_build/fsbl/build/cv1820a_wevb_0006a_spinor/bl2/ddr_patch_regs.o
 .debug_aranges
                0x0000000000001650       0x60 /root/.jenkins/workspace/cr1821_v3.0.0_release_build/fsbl/build/cv1820a_wevb_0006a_spinor/bl2/bl2_entrypoint.o
 .debug_aranges
                0x00000000000016b0       0x40 /root/.jenkins/workspace/cr1821_v3.0.0_release_build/fsbl/build/cv1820a_wevb_0006a_spinor/bl2/bl2_exceptions.o
 .debug_aranges
                0x00000000000016f0       0xb0 /root/.jenkins/workspace/cr1821_v3.0.0_release_build/fsbl/build/cv1820a_wevb_0006a_spinor/bl2/cache_helpers.o
 .debug_aranges
                0x00000000000017a0       0x70 /root/.jenkins/workspace/cr1821_v3.0.0_release_build/fsbl/build/cv1820a_wevb_0006a_spinor/bl2/misc_helpers.o
 .debug_aranges
                0x0000000000001810       0x70 /root/.jenkins/workspace/cr1821_v3.0.0_release_build/fsbl/build/cv1820a_wevb_0006a_spinor/bl2/console.o
 .debug_aranges
                0x0000000000001880       0x70 /root/.jenkins/workspace/cr1821_v3.0.0_release_build/fsbl/build/cv1820a_wevb_0006a_spinor/bl2/16550_console_aarch64.o

.debug_macro    0x0000000000000000     0x567e
 .debug_macro   0x0000000000000000       0x11 /root/.jenkins/workspace/cr1821_v3.0.0_release_build/fsbl/build/cv1820a_wevb_0006a_spinor/bl2/build_message.o
 .debug_macro   0x0000000000000011      0x6fa /root/.jenkins/workspace/cr1821_v3.0.0_release_build/fsbl/build/cv1820a_wevb_0006a_spinor/bl2/build_message.o
 .debug_macro   0x000000000000070b      0x12f /root/.jenkins/workspace/cr1821_v3.0.0_release_build/fsbl/build/cv1820a_wevb_0006a_spinor/bl2/cpu_helper.o
 .debug_macro   0x000000000000083a      0x700 /root/.jenkins/workspace/cr1821_v3.0.0_release_build/fsbl/build/cv1820a_wevb_0006a_spinor/bl2/cpu_helper.o
 .debug_macro   0x0000000000000f3a      0x276 /root/.jenkins/workspace/cr1821_v3.0.0_release_build/fsbl/build/cv1820a_wevb_0006a_spinor/bl2/cpu_helper.o
 .debug_macro   0x00000000000011b0       0x11 /root/.jenkins/workspace/cr1821_v3.0.0_release_build/fsbl/build/cv1820a_wevb_0006a_spinor/bl2/cpu_helper.o
 .debug_macro   0x00000000000011c1      0x187 /root/.jenkins/workspace/cr1821_v3.0.0_release_build/fsbl/build/cv1820a_wevb_0006a_spinor/bl2/cpu_helper.o
 .debug_macro   0x0000000000001348       0x46 /root/.jenkins/workspace/cr1821_v3.0.0_release_build/fsbl/build/cv1820a_wevb_0006a_spinor/bl2/cpu_helper.o
 .debug_macro   0x000000000000138e       0x16 /root/.jenkins/workspace/cr1821_v3.0.0_release_build/fsbl/build/cv1820a_wevb_0006a_spinor/bl2/cpu_helper.o
 .debug_macro   0x00000000000013a4       0x28 /root/.jenkins/workspace/cr1821_v3.0.0_release_build/fsbl/build/cv1820a_wevb_0006a_spinor/bl2/cpu_helper.o
 .debug_macro   0x00000000000013cc       0x1c /root/.jenkins/workspace/cr1821_v3.0.0_release_build/fsbl/build/cv1820a_wevb_0006a_spinor/bl2/cpu_helper.o
 .debug_macro   0x00000000000013e8      0x1af /root/.jenkins/workspace/cr1821_v3.0.0_release_build/fsbl/build/cv1820a_wevb_0006a_spinor/bl2/cpu_helper.o
 .debug_macro   0x0000000000001597       0x82 /root/.jenkins/workspace/cr1821_v3.0.0_release_build/fsbl/build/cv1820a_wevb_0006a_spinor/bl2/cpu_helper.o
 .debug_macro   0x0000000000001619      0x8a6 /root/.jenkins/workspace/cr1821_v3.0.0_release_build/fsbl/build/cv1820a_wevb_0006a_spinor/bl2/cpu_helper.o
 .debug_macro   0x0000000000001ebf       0x64 /root/.jenkins/workspace/cr1821_v3.0.0_release_build/fsbl/build/cv1820a_wevb_0006a_spinor/bl2/cpu_helper.o
 .debug_macro   0x0000000000001f23       0xc5 /root/.jenkins/workspace/cr1821_v3.0.0_release_build/fsbl/build/cv1820a_wevb_0006a_spinor/bl2/cpu_helper.o
 .debug_macro   0x0000000000001fe8       0xae /root/.jenkins/workspace/cr1821_v3.0.0_release_build/fsbl/build/cv1820a_wevb_0006a_spinor/bl2/cpu_helper.o
 .debug_macro   0x0000000000002096      0x21f /root/.jenkins/workspace/cr1821_v3.0.0_release_build/fsbl/build/cv1820a_wevb_0006a_spinor/bl2/cpu_helper.o
 .debug_macro   0x00000000000022b5       0xca /root/.jenkins/workspace/cr1821_v3.0.0_release_build/fsbl/build/cv1820a_wevb_0006a_spinor/bl2/cpu_helper.o
 .debug_macro   0x000000000000237f       0xfa /root/.jenkins/workspace/cr1821_v3.0.0_release_build/fsbl/build/cv1820a_wevb_0006a_spinor/bl2/cpu_helper.o
 .debug_macro   0x0000000000002479      0x1e0 /root/.jenkins/workspace/cr1821_v3.0.0_release_build/fsbl/build/cv1820a_wevb_0006a_spinor/bl2/cpu_helper.o
 .debug_macro   0x0000000000002659      0x135 /root/.jenkins/workspace/cr1821_v3.0.0_release_build/fsbl/build/cv1820a_wevb_0006a_spinor/bl2/delay_timer.o
 .debug_macro   0x000000000000278e      0x17d /root/.jenkins/workspace/cr1821_v3.0.0_release_build/fsbl/build/cv1820a_wevb_0006a_spinor/bl2/bl2_helper.o
 .debug_macro   0x000000000000290b       0x28 /root/.jenkins/workspace/cr1821_v3.0.0_release_build/fsbl/build/cv1820a_wevb_0006a_spinor/bl2/bl2_helper.o
 .debug_macro   0x0000000000002933      0x163 /root/.jenkins/workspace/cr1821_v3.0.0_release_build/fsbl/build/cv1820a_wevb_0006a_spinor/bl2/tf_printf.o
 .debug_macro   0x0000000000002a96       0xa6 /root/.jenkins/workspace/cr1821_v3.0.0_release_build/fsbl/build/cv1820a_wevb_0006a_spinor/bl2/tf_printf.o
 .debug_macro   0x0000000000002b3c       0xb8 /root/.jenkins/workspace/cr1821_v3.0.0_release_build/fsbl/build/cv1820a_wevb_0006a_spinor/bl2/tf_printf.o
 .debug_macro   0x0000000000002bf4       0x2e /root/.jenkins/workspace/cr1821_v3.0.0_release_build/fsbl/build/cv1820a_wevb_0006a_spinor/bl2/tf_printf.o
 .debug_macro   0x0000000000002c22      0x168 /root/.jenkins/workspace/cr1821_v3.0.0_release_build/fsbl/build/cv1820a_wevb_0006a_spinor/bl2/platform.o
 .debug_macro   0x0000000000002d8a       0xcc /root/.jenkins/workspace/cr1821_v3.0.0_release_build/fsbl/build/cv1820a_wevb_0006a_spinor/bl2/platform.o
 .debug_macro   0x0000000000002e56       0x16 /root/.jenkins/workspace/cr1821_v3.0.0_release_build/fsbl/build/cv1820a_wevb_0006a_spinor/bl2/platform.o
 .debug_macro   0x0000000000002e6c      0x277 /root/.jenkins/workspace/cr1821_v3.0.0_release_build/fsbl/build/cv1820a_wevb_0006a_spinor/bl2/platform.o
 .debug_macro   0x00000000000030e3       0x8e /root/.jenkins/workspace/cr1821_v3.0.0_release_build/fsbl/build/cv1820a_wevb_0006a_spinor/bl2/platform.o
 .debug_macro   0x0000000000003171       0xe2 /root/.jenkins/workspace/cr1821_v3.0.0_release_build/fsbl/build/cv1820a_wevb_0006a_spinor/bl2/platform.o
 .debug_macro   0x0000000000003253      0x142 /root/.jenkins/workspace/cr1821_v3.0.0_release_build/fsbl/build/cv1820a_wevb_0006a_spinor/bl2/security.o
 .debug_macro   0x0000000000003395       0x9b /root/.jenkins/workspace/cr1821_v3.0.0_release_build/fsbl/build/cv1820a_wevb_0006a_spinor/bl2/mem.o
 .debug_macro   0x0000000000003430      0x138 /root/.jenkins/workspace/cr1821_v3.0.0_release_build/fsbl/build/cv1820a_wevb_0006a_spinor/bl2/putchar.o
 .debug_macro   0x0000000000003568       0x16 /root/.jenkins/workspace/cr1821_v3.0.0_release_build/fsbl/build/cv1820a_wevb_0006a_spinor/bl2/putchar.o
 .debug_macro   0x000000000000357e       0x1c /root/.jenkins/workspace/cr1821_v3.0.0_release_build/fsbl/build/cv1820a_wevb_0006a_spinor/bl2/putchar.o
 .debug_macro   0x000000000000359a       0xbe /root/.jenkins/workspace/cr1821_v3.0.0_release_build/fsbl/build/cv1820a_wevb_0006a_spinor/bl2/putchar.o
 .debug_macro   0x0000000000003658      0x187 /root/.jenkins/workspace/cr1821_v3.0.0_release_build/fsbl/build/cv1820a_wevb_0006a_spinor/bl2/bl2_main.o
 .debug_macro   0x00000000000037df       0x16 /root/.jenkins/workspace/cr1821_v3.0.0_release_build/fsbl/build/cv1820a_wevb_0006a_spinor/bl2/bl2_main.o
 .debug_macro   0x00000000000037f5       0x40 /root/.jenkins/workspace/cr1821_v3.0.0_release_build/fsbl/build/cv1820a_wevb_0006a_spinor/bl2/bl2_main.o
 .debug_macro   0x0000000000003835       0x1c /root/.jenkins/workspace/cr1821_v3.0.0_release_build/fsbl/build/cv1820a_wevb_0006a_spinor/bl2/bl2_main.o
 .debug_macro   0x0000000000003851      0x159 /root/.jenkins/workspace/cr1821_v3.0.0_release_build/fsbl/build/cv1820a_wevb_0006a_spinor/bl2/decompress.o
 .debug_macro   0x00000000000039aa      0x16b /root/.jenkins/workspace/cr1821_v3.0.0_release_build/fsbl/build/cv1820a_wevb_0006a_spinor/bl2/decompress.o
 .debug_macro   0x0000000000003b15       0x16 /root/.jenkins/workspace/cr1821_v3.0.0_release_build/fsbl/build/cv1820a_wevb_0006a_spinor/bl2/decompress.o
 .debug_macro   0x0000000000003b2b       0x61 /root/.jenkins/workspace/cr1821_v3.0.0_release_build/fsbl/build/cv1820a_wevb_0006a_spinor/bl2/decompress.o
 .debug_macro   0x0000000000003b8c      0x325 /root/.jenkins/workspace/cr1821_v3.0.0_release_build/fsbl/build/cv1820a_wevb_0006a_spinor/bl2/LzmaDec.o
 .debug_macro   0x0000000000003eb1      0x2ef /root/.jenkins/workspace/cr1821_v3.0.0_release_build/fsbl/build/cv1820a_wevb_0006a_spinor/bl2/lz4_all.o
 .debug_macro   0x00000000000041a0       0xa8 /root/.jenkins/workspace/cr1821_v3.0.0_release_build/fsbl/build/cv1820a_wevb_0006a_spinor/bl2/lz4_all.o
 .debug_macro   0x0000000000004248       0x27 /root/.jenkins/workspace/cr1821_v3.0.0_release_build/fsbl/build/cv1820a_wevb_0006a_spinor/bl2/lz4_all.o
 .debug_macro   0x000000000000426f       0x62 /root/.jenkins/workspace/cr1821_v3.0.0_release_build/fsbl/build/cv1820a_wevb_0006a_spinor/bl2/lz4_all.o
 .debug_macro   0x00000000000042d1       0x7d /root/.jenkins/workspace/cr1821_v3.0.0_release_build/fsbl/build/cv1820a_wevb_0006a_spinor/bl2/lz4_all.o
 .debug_macro   0x000000000000434e       0x2c /root/.jenkins/workspace/cr1821_v3.0.0_release_build/fsbl/build/cv1820a_wevb_0006a_spinor/bl2/lz4_all.o
 .debug_macro   0x000000000000437a      0x1c9 /root/.jenkins/workspace/cr1821_v3.0.0_release_build/fsbl/build/cv1820a_wevb_0006a_spinor/bl2/xxhash.o
 .debug_macro   0x0000000000004543       0x52 /root/.jenkins/workspace/cr1821_v3.0.0_release_build/fsbl/build/cv1820a_wevb_0006a_spinor/bl2/xxhash.o
 .debug_macro   0x0000000000004595       0x16 /root/.jenkins/workspace/cr1821_v3.0.0_release_build/fsbl/build/cv1820a_wevb_0006a_spinor/bl2/xxhash.o
 .debug_macro   0x00000000000045ab      0x138 /root/.jenkins/workspace/cr1821_v3.0.0_release_build/fsbl/build/cv1820a_wevb_0006a_spinor/bl2/ddr.o
 .debug_macro   0x00000000000046e3      0x118 /root/.jenkins/workspace/cr1821_v3.0.0_release_build/fsbl/build/cv1820a_wevb_0006a_spinor/bl2/ddr_pkg_info.o
 .debug_macro   0x00000000000047fb       0x1c /root/.jenkins/workspace/cr1821_v3.0.0_release_build/fsbl/build/cv1820a_wevb_0006a_spinor/bl2/ddr_pkg_info.o
 .debug_macro   0x0000000000004817      0x1d3 /root/.jenkins/workspace/cr1821_v3.0.0_release_build/fsbl/build/cv1820a_wevb_0006a_spinor/bl2/ddr_pkg_info.o
 .debug_macro   0x00000000000049ea      0x172 /root/.jenkins/workspace/cr1821_v3.0.0_release_build/fsbl/build/cv1820a_wevb_0006a_spinor/bl2/ddr_sys_bring_up.o
 .debug_macro   0x0000000000004b5c       0xa6 /root/.jenkins/workspace/cr1821_v3.0.0_release_build/fsbl/build/cv1820a_wevb_0006a_spinor/bl2/ddr_sys_bring_up.o
 .debug_macro   0x0000000000004c02      0x499 /root/.jenkins/workspace/cr1821_v3.0.0_release_build/fsbl/build/cv1820a_wevb_0006a_spinor/bl2/ddr_sys_bring_up.o
 .debug_macro   0x000000000000509b       0xe0 /root/.jenkins/workspace/cr1821_v3.0.0_release_build/fsbl/build/cv1820a_wevb_0006a_spinor/bl2/ddr_sys.o
 .debug_macro   0x000000000000517b      0x12d /root/.jenkins/workspace/cr1821_v3.0.0_release_build/fsbl/build/cv1820a_wevb_0006a_spinor/bl2/phy_pll_init.o
 .debug_macro   0x00000000000052a8       0xac /root/.jenkins/workspace/cr1821_v3.0.0_release_build/fsbl/build/cv1820a_wevb_0006a_spinor/bl2/phy_pll_init.o
 .debug_macro   0x0000000000005354       0xa1 /root/.jenkins/workspace/cr1821_v3.0.0_release_build/fsbl/build/cv1820a_wevb_0006a_spinor/bl2/cvx16_pinmux.o
 .debug_macro   0x00000000000053f5       0x98 /root/.jenkins/workspace/cr1821_v3.0.0_release_build/fsbl/build/cv1820a_wevb_0006a_spinor/bl2/cvx16_dram_cap_check.o
 .debug_macro   0x000000000000548d       0xaa /root/.jenkins/workspace/cr1821_v3.0.0_release_build/fsbl/build/cv1820a_wevb_0006a_spinor/bl2/ddrc_init.o
 .debug_macro   0x0000000000005537       0xa1 /root/.jenkins/workspace/cr1821_v3.0.0_release_build/fsbl/build/cv1820a_wevb_0006a_spinor/bl2/phy_init.o
 .debug_macro   0x00000000000055d8       0xa6 /root/.jenkins/workspace/cr1821_v3.0.0_release_build/fsbl/build/cv1820a_wevb_0006a_spinor/bl2/ddr_patch_regs.o

.debug_line     0x0000000000000000    0x13c83
 .debug_line    0x0000000000000000       0x2c /root/.jenkins/workspace/cr1821_v3.0.0_release_build/fsbl/build/cv1820a_wevb_0006a_spinor/bl2/build_message.o
 .debug_line    0x000000000000002c      0x207 /root/.jenkins/workspace/cr1821_v3.0.0_release_build/fsbl/build/cv1820a_wevb_0006a_spinor/bl2/cpu_helper.o
 .debug_line    0x0000000000000233      0x2ff /root/.jenkins/workspace/cr1821_v3.0.0_release_build/fsbl/build/cv1820a_wevb_0006a_spinor/bl2/delay_timer.o
 .debug_line    0x0000000000000532      0x2ec /root/.jenkins/workspace/cr1821_v3.0.0_release_build/fsbl/build/cv1820a_wevb_0006a_spinor/bl2/bl2_helper.o
 .debug_line    0x000000000000081e      0x321 /root/.jenkins/workspace/cr1821_v3.0.0_release_build/fsbl/build/cv1820a_wevb_0006a_spinor/bl2/tf_printf.o
 .debug_line    0x0000000000000b3f      0x60a /root/.jenkins/workspace/cr1821_v3.0.0_release_build/fsbl/build/cv1820a_wevb_0006a_spinor/bl2/platform.o
 .debug_line    0x0000000000001149      0x212 /root/.jenkins/workspace/cr1821_v3.0.0_release_build/fsbl/build/cv1820a_wevb_0006a_spinor/bl2/security.o
 .debug_line    0x000000000000135b      0x208 /root/.jenkins/workspace/cr1821_v3.0.0_release_build/fsbl/build/cv1820a_wevb_0006a_spinor/bl2/mem.o
 .debug_line    0x0000000000001563      0x20b /root/.jenkins/workspace/cr1821_v3.0.0_release_build/fsbl/build/cv1820a_wevb_0006a_spinor/bl2/putchar.o
 .debug_line    0x000000000000176e      0x4e3 /root/.jenkins/workspace/cr1821_v3.0.0_release_build/fsbl/build/cv1820a_wevb_0006a_spinor/bl2/bl2_main.o
 .debug_line    0x0000000000001c51      0x33f /root/.jenkins/workspace/cr1821_v3.0.0_release_build/fsbl/build/cv1820a_wevb_0006a_spinor/bl2/decompress.o
 .debug_line    0x0000000000001f90      0x85e /root/.jenkins/workspace/cr1821_v3.0.0_release_build/fsbl/build/cv1820a_wevb_0006a_spinor/bl2/LzmaDec.o
 .debug_line    0x00000000000027ee     0x698c /root/.jenkins/workspace/cr1821_v3.0.0_release_build/fsbl/build/cv1820a_wevb_0006a_spinor/bl2/lz4_all.o
 .debug_line    0x000000000000917a      0xb62 /root/.jenkins/workspace/cr1821_v3.0.0_release_build/fsbl/build/cv1820a_wevb_0006a_spinor/bl2/xxhash.o
 .debug_line    0x0000000000009cdc      0x21e /root/.jenkins/workspace/cr1821_v3.0.0_release_build/fsbl/build/cv1820a_wevb_0006a_spinor/bl2/ddr.o
 .debug_line    0x0000000000009efa      0x2ec /root/.jenkins/workspace/cr1821_v3.0.0_release_build/fsbl/build/cv1820a_wevb_0006a_spinor/bl2/ddr_pkg_info.o
 .debug_line    0x000000000000a1e6      0x34e /root/.jenkins/workspace/cr1821_v3.0.0_release_build/fsbl/build/cv1820a_wevb_0006a_spinor/bl2/ddr_sys_bring_up.o
 .debug_line    0x000000000000a534     0x8853 /root/.jenkins/workspace/cr1821_v3.0.0_release_build/fsbl/build/cv1820a_wevb_0006a_spinor/bl2/ddr_sys.o
 .debug_line    0x0000000000012d87      0x25a /root/.jenkins/workspace/cr1821_v3.0.0_release_build/fsbl/build/cv1820a_wevb_0006a_spinor/bl2/phy_pll_init.o
 .debug_line    0x0000000000012fe1      0x168 /root/.jenkins/workspace/cr1821_v3.0.0_release_build/fsbl/build/cv1820a_wevb_0006a_spinor/bl2/cvx16_pinmux.o
 .debug_line    0x0000000000013149      0x13c /root/.jenkins/workspace/cr1821_v3.0.0_release_build/fsbl/build/cv1820a_wevb_0006a_spinor/bl2/cvx16_dram_cap_check.o
 .debug_line    0x0000000000013285      0x222 /root/.jenkins/workspace/cr1821_v3.0.0_release_build/fsbl/build/cv1820a_wevb_0006a_spinor/bl2/ddrc_init.o
 .debug_line    0x00000000000134a7      0x18c /root/.jenkins/workspace/cr1821_v3.0.0_release_build/fsbl/build/cv1820a_wevb_0006a_spinor/bl2/phy_init.o
 .debug_line    0x0000000000013633      0x15c /root/.jenkins/workspace/cr1821_v3.0.0_release_build/fsbl/build/cv1820a_wevb_0006a_spinor/bl2/ddr_patch_regs.o
 .debug_line    0x000000000001378f       0xb9 /root/.jenkins/workspace/cr1821_v3.0.0_release_build/fsbl/build/cv1820a_wevb_0006a_spinor/bl2/bl2_entrypoint.o
 .debug_line    0x0000000000013848       0xb2 /root/.jenkins/workspace/cr1821_v3.0.0_release_build/fsbl/build/cv1820a_wevb_0006a_spinor/bl2/bl2_exceptions.o
 .debug_line    0x00000000000138fa      0x114 /root/.jenkins/workspace/cr1821_v3.0.0_release_build/fsbl/build/cv1820a_wevb_0006a_spinor/bl2/cache_helpers.o
 .debug_line    0x0000000000013a0e       0xf0 /root/.jenkins/workspace/cr1821_v3.0.0_release_build/fsbl/build/cv1820a_wevb_0006a_spinor/bl2/misc_helpers.o
 .debug_line    0x0000000000013afe       0xa0 /root/.jenkins/workspace/cr1821_v3.0.0_release_build/fsbl/build/cv1820a_wevb_0006a_spinor/bl2/console.o
 .debug_line    0x0000000000013b9e       0xe5 /root/.jenkins/workspace/cr1821_v3.0.0_release_build/fsbl/build/cv1820a_wevb_0006a_spinor/bl2/16550_console_aarch64.o

.debug_str      0x0000000000000000    0x153b4
 .debug_str     0x0000000000000000     0x1f62 /root/.jenkins/workspace/cr1821_v3.0.0_release_build/fsbl/build/cv1820a_wevb_0006a_spinor/bl2/build_message.o
                                       0x1f7d (size before relaxing)
 .debug_str     0x0000000000001f62     0x758c /root/.jenkins/workspace/cr1821_v3.0.0_release_build/fsbl/build/cv1820a_wevb_0006a_spinor/bl2/cpu_helper.o
                                       0x95e9 (size before relaxing)
 .debug_str     0x00000000000094ee      0x137 /root/.jenkins/workspace/cr1821_v3.0.0_release_build/fsbl/build/cv1820a_wevb_0006a_spinor/bl2/delay_timer.o
                                       0x970d (size before relaxing)
 .debug_str     0x0000000000009625      0x492 /root/.jenkins/workspace/cr1821_v3.0.0_release_build/fsbl/build/cv1820a_wevb_0006a_spinor/bl2/bl2_helper.o
                                       0x9abe (size before relaxing)
 .debug_str     0x0000000000009ab7      0x815 /root/.jenkins/workspace/cr1821_v3.0.0_release_build/fsbl/build/cv1820a_wevb_0006a_spinor/bl2/tf_printf.o
                                       0x9e01 (size before relaxing)
 .debug_str     0x000000000000a2cc      0xd21 /root/.jenkins/workspace/cr1821_v3.0.0_release_build/fsbl/build/cv1820a_wevb_0006a_spinor/bl2/platform.o
                                       0xa37b (size before relaxing)
 .debug_str     0x000000000000afed      0x2fd /root/.jenkins/workspace/cr1821_v3.0.0_release_build/fsbl/build/cv1820a_wevb_0006a_spinor/bl2/security.o
                                       0x9dd9 (size before relaxing)
 .debug_str     0x000000000000b2ea       0x87 /root/.jenkins/workspace/cr1821_v3.0.0_release_build/fsbl/build/cv1820a_wevb_0006a_spinor/bl2/mem.o
                                       0x3cbe (size before relaxing)
 .debug_str     0x000000000000b371       0x58 /root/.jenkins/workspace/cr1821_v3.0.0_release_build/fsbl/build/cv1820a_wevb_0006a_spinor/bl2/putchar.o
                                       0x96ed (size before relaxing)
 .debug_str     0x000000000000b3c9      0x4f1 /root/.jenkins/workspace/cr1821_v3.0.0_release_build/fsbl/build/cv1820a_wevb_0006a_spinor/bl2/bl2_main.o
                                       0xa17b (size before relaxing)
 .debug_str     0x000000000000b8ba      0xc11 /root/.jenkins/workspace/cr1821_v3.0.0_release_build/fsbl/build/cv1820a_wevb_0006a_spinor/bl2/decompress.o
                                       0xa764 (size before relaxing)
 .debug_str     0x000000000000c4cb     0x12b1 /root/.jenkins/workspace/cr1821_v3.0.0_release_build/fsbl/build/cv1820a_wevb_0006a_spinor/bl2/LzmaDec.o
                                       0xb69a (size before relaxing)
 .debug_str     0x000000000000d77c     0x3afb /root/.jenkins/workspace/cr1821_v3.0.0_release_build/fsbl/build/cv1820a_wevb_0006a_spinor/bl2/lz4_all.o
                                       0x7c00 (size before relaxing)
 .debug_str     0x0000000000011277      0x8f3 /root/.jenkins/workspace/cr1821_v3.0.0_release_build/fsbl/build/cv1820a_wevb_0006a_spinor/bl2/xxhash.o
                                       0xa0e9 (size before relaxing)
 .debug_str     0x0000000000011b6a       0x4f /root/.jenkins/workspace/cr1821_v3.0.0_release_build/fsbl/build/cv1820a_wevb_0006a_spinor/bl2/ddr.o
                                       0x9845 (size before relaxing)
 .debug_str     0x0000000000011bb9       0x81 /root/.jenkins/workspace/cr1821_v3.0.0_release_build/fsbl/build/cv1820a_wevb_0006a_spinor/bl2/ddr_pkg_info.o
                                       0x9900 (size before relaxing)
 .debug_str     0x0000000000011c3a     0x2c05 /root/.jenkins/workspace/cr1821_v3.0.0_release_build/fsbl/build/cv1820a_wevb_0006a_spinor/bl2/ddr_sys_bring_up.o
                                       0xc491 (size before relaxing)
 .debug_str     0x000000000001483f      0xa5f /root/.jenkins/workspace/cr1821_v3.0.0_release_build/fsbl/build/cv1820a_wevb_0006a_spinor/bl2/ddr_sys.o
                                       0x7fdd (size before relaxing)
 .debug_str     0x000000000001529e       0x1d /root/.jenkins/workspace/cr1821_v3.0.0_release_build/fsbl/build/cv1820a_wevb_0006a_spinor/bl2/phy_pll_init.o
                                       0xbec8 (size before relaxing)
 .debug_str     0x00000000000152bb       0x1d /root/.jenkins/workspace/cr1821_v3.0.0_release_build/fsbl/build/cv1820a_wevb_0006a_spinor/bl2/cvx16_pinmux.o
                                       0x46c8 (size before relaxing)
 .debug_str     0x00000000000152d8       0x25 /root/.jenkins/workspace/cr1821_v3.0.0_release_build/fsbl/build/cv1820a_wevb_0006a_spinor/bl2/cvx16_dram_cap_check.o
                                       0x4492 (size before relaxing)
 .debug_str     0x00000000000152fd       0x4d /root/.jenkins/workspace/cr1821_v3.0.0_release_build/fsbl/build/cv1820a_wevb_0006a_spinor/bl2/ddrc_init.o
                                       0x6bb9 (size before relaxing)
 .debug_str     0x000000000001534a       0x32 /root/.jenkins/workspace/cr1821_v3.0.0_release_build/fsbl/build/cv1820a_wevb_0006a_spinor/bl2/phy_init.o
                                       0x6a90 (size before relaxing)
 .debug_str     0x000000000001537c       0x38 /root/.jenkins/workspace/cr1821_v3.0.0_release_build/fsbl/build/cv1820a_wevb_0006a_spinor/bl2/ddr_patch_regs.o
                                       0x4a48 (size before relaxing)

.comment        0x0000000000000000       0x2d
 .comment       0x0000000000000000       0x2d /root/.jenkins/workspace/cr1821_v3.0.0_release_build/fsbl/build/cv1820a_wevb_0006a_spinor/bl2/build_message.o
                                         0x2e (size before relaxing)
 .comment       0x000000000000002d       0x2e /root/.jenkins/workspace/cr1821_v3.0.0_release_build/fsbl/build/cv1820a_wevb_0006a_spinor/bl2/cpu_helper.o
 .comment       0x000000000000002d       0x2e /root/.jenkins/workspace/cr1821_v3.0.0_release_build/fsbl/build/cv1820a_wevb_0006a_spinor/bl2/delay_timer.o
 .comment       0x000000000000002d       0x2e /root/.jenkins/workspace/cr1821_v3.0.0_release_build/fsbl/build/cv1820a_wevb_0006a_spinor/bl2/bl2_helper.o
 .comment       0x000000000000002d       0x2e /root/.jenkins/workspace/cr1821_v3.0.0_release_build/fsbl/build/cv1820a_wevb_0006a_spinor/bl2/tf_printf.o
 .comment       0x000000000000002d       0x2e /root/.jenkins/workspace/cr1821_v3.0.0_release_build/fsbl/build/cv1820a_wevb_0006a_spinor/bl2/platform.o
 .comment       0x000000000000002d       0x2e /root/.jenkins/workspace/cr1821_v3.0.0_release_build/fsbl/build/cv1820a_wevb_0006a_spinor/bl2/security.o
 .comment       0x000000000000002d       0x2e /root/.jenkins/workspace/cr1821_v3.0.0_release_build/fsbl/build/cv1820a_wevb_0006a_spinor/bl2/mem.o
 .comment       0x000000000000002d       0x2e /root/.jenkins/workspace/cr1821_v3.0.0_release_build/fsbl/build/cv1820a_wevb_0006a_spinor/bl2/putchar.o
 .comment       0x000000000000002d       0x2e /root/.jenkins/workspace/cr1821_v3.0.0_release_build/fsbl/build/cv1820a_wevb_0006a_spinor/bl2/bl2_main.o
 .comment       0x000000000000002d       0x2e /root/.jenkins/workspace/cr1821_v3.0.0_release_build/fsbl/build/cv1820a_wevb_0006a_spinor/bl2/decompress.o
 .comment       0x000000000000002d       0x2e /root/.jenkins/workspace/cr1821_v3.0.0_release_build/fsbl/build/cv1820a_wevb_0006a_spinor/bl2/LzmaDec.o
 .comment       0x000000000000002d       0x2e /root/.jenkins/workspace/cr1821_v3.0.0_release_build/fsbl/build/cv1820a_wevb_0006a_spinor/bl2/lz4_all.o
 .comment       0x000000000000002d       0x2e /root/.jenkins/workspace/cr1821_v3.0.0_release_build/fsbl/build/cv1820a_wevb_0006a_spinor/bl2/xxhash.o
 .comment       0x000000000000002d       0x2e /root/.jenkins/workspace/cr1821_v3.0.0_release_build/fsbl/build/cv1820a_wevb_0006a_spinor/bl2/ddr.o
 .comment       0x000000000000002d       0x2e /root/.jenkins/workspace/cr1821_v3.0.0_release_build/fsbl/build/cv1820a_wevb_0006a_spinor/bl2/ddr_pkg_info.o
 .comment       0x000000000000002d       0x2e /root/.jenkins/workspace/cr1821_v3.0.0_release_build/fsbl/build/cv1820a_wevb_0006a_spinor/bl2/ddr_sys_bring_up.o
 .comment       0x000000000000002d       0x2e /root/.jenkins/workspace/cr1821_v3.0.0_release_build/fsbl/build/cv1820a_wevb_0006a_spinor/bl2/ddr_sys.o
 .comment       0x000000000000002d       0x2e /root/.jenkins/workspace/cr1821_v3.0.0_release_build/fsbl/build/cv1820a_wevb_0006a_spinor/bl2/phy_pll_init.o
 .comment       0x000000000000002d       0x2e /root/.jenkins/workspace/cr1821_v3.0.0_release_build/fsbl/build/cv1820a_wevb_0006a_spinor/bl2/cvx16_pinmux.o
 .comment       0x000000000000002d       0x2e /root/.jenkins/workspace/cr1821_v3.0.0_release_build/fsbl/build/cv1820a_wevb_0006a_spinor/bl2/cvx16_dram_cap_check.o
 .comment       0x000000000000002d       0x2e /root/.jenkins/workspace/cr1821_v3.0.0_release_build/fsbl/build/cv1820a_wevb_0006a_spinor/bl2/ddrc_init.o
 .comment       0x000000000000002d       0x2e /root/.jenkins/workspace/cr1821_v3.0.0_release_build/fsbl/build/cv1820a_wevb_0006a_spinor/bl2/phy_init.o
 .comment       0x000000000000002d       0x2e /root/.jenkins/workspace/cr1821_v3.0.0_release_build/fsbl/build/cv1820a_wevb_0006a_spinor/bl2/ddr_patch_regs.o

.note.GNU-stack
                0x0000000000000000        0x0
 .note.GNU-stack
                0x0000000000000000        0x0 /root/.jenkins/workspace/cr1821_v3.0.0_release_build/fsbl/build/cv1820a_wevb_0006a_spinor/bl2/build_message.o
 .note.GNU-stack
                0x0000000000000000        0x0 /root/.jenkins/workspace/cr1821_v3.0.0_release_build/fsbl/build/cv1820a_wevb_0006a_spinor/bl2/cpu_helper.o
 .note.GNU-stack
                0x0000000000000000        0x0 /root/.jenkins/workspace/cr1821_v3.0.0_release_build/fsbl/build/cv1820a_wevb_0006a_spinor/bl2/delay_timer.o
 .note.GNU-stack
                0x0000000000000000        0x0 /root/.jenkins/workspace/cr1821_v3.0.0_release_build/fsbl/build/cv1820a_wevb_0006a_spinor/bl2/bl2_helper.o
 .note.GNU-stack
                0x0000000000000000        0x0 /root/.jenkins/workspace/cr1821_v3.0.0_release_build/fsbl/build/cv1820a_wevb_0006a_spinor/bl2/tf_printf.o
 .note.GNU-stack
                0x0000000000000000        0x0 /root/.jenkins/workspace/cr1821_v3.0.0_release_build/fsbl/build/cv1820a_wevb_0006a_spinor/bl2/platform.o
 .note.GNU-stack
                0x0000000000000000        0x0 /root/.jenkins/workspace/cr1821_v3.0.0_release_build/fsbl/build/cv1820a_wevb_0006a_spinor/bl2/security.o
 .note.GNU-stack
                0x0000000000000000        0x0 /root/.jenkins/workspace/cr1821_v3.0.0_release_build/fsbl/build/cv1820a_wevb_0006a_spinor/bl2/mem.o
 .note.GNU-stack
                0x0000000000000000        0x0 /root/.jenkins/workspace/cr1821_v3.0.0_release_build/fsbl/build/cv1820a_wevb_0006a_spinor/bl2/putchar.o
 .note.GNU-stack
                0x0000000000000000        0x0 /root/.jenkins/workspace/cr1821_v3.0.0_release_build/fsbl/build/cv1820a_wevb_0006a_spinor/bl2/bl2_main.o
 .note.GNU-stack
                0x0000000000000000        0x0 /root/.jenkins/workspace/cr1821_v3.0.0_release_build/fsbl/build/cv1820a_wevb_0006a_spinor/bl2/decompress.o
 .note.GNU-stack
                0x0000000000000000        0x0 /root/.jenkins/workspace/cr1821_v3.0.0_release_build/fsbl/build/cv1820a_wevb_0006a_spinor/bl2/LzmaDec.o
 .note.GNU-stack
                0x0000000000000000        0x0 /root/.jenkins/workspace/cr1821_v3.0.0_release_build/fsbl/build/cv1820a_wevb_0006a_spinor/bl2/lz4_all.o
 .note.GNU-stack
                0x0000000000000000        0x0 /root/.jenkins/workspace/cr1821_v3.0.0_release_build/fsbl/build/cv1820a_wevb_0006a_spinor/bl2/xxhash.o
 .note.GNU-stack
                0x0000000000000000        0x0 /root/.jenkins/workspace/cr1821_v3.0.0_release_build/fsbl/build/cv1820a_wevb_0006a_spinor/bl2/ddr.o
 .note.GNU-stack
                0x0000000000000000        0x0 /root/.jenkins/workspace/cr1821_v3.0.0_release_build/fsbl/build/cv1820a_wevb_0006a_spinor/bl2/ddr_pkg_info.o
 .note.GNU-stack
                0x0000000000000000        0x0 /root/.jenkins/workspace/cr1821_v3.0.0_release_build/fsbl/build/cv1820a_wevb_0006a_spinor/bl2/ddr_sys_bring_up.o
 .note.GNU-stack
                0x0000000000000000        0x0 /root/.jenkins/workspace/cr1821_v3.0.0_release_build/fsbl/build/cv1820a_wevb_0006a_spinor/bl2/ddr_sys.o
 .note.GNU-stack
                0x0000000000000000        0x0 /root/.jenkins/workspace/cr1821_v3.0.0_release_build/fsbl/build/cv1820a_wevb_0006a_spinor/bl2/phy_pll_init.o
 .note.GNU-stack
                0x0000000000000000        0x0 /root/.jenkins/workspace/cr1821_v3.0.0_release_build/fsbl/build/cv1820a_wevb_0006a_spinor/bl2/cvx16_pinmux.o
 .note.GNU-stack
                0x0000000000000000        0x0 /root/.jenkins/workspace/cr1821_v3.0.0_release_build/fsbl/build/cv1820a_wevb_0006a_spinor/bl2/cvx16_dram_cap_check.o
 .note.GNU-stack
                0x0000000000000000        0x0 /root/.jenkins/workspace/cr1821_v3.0.0_release_build/fsbl/build/cv1820a_wevb_0006a_spinor/bl2/ddrc_init.o
 .note.GNU-stack
                0x0000000000000000        0x0 /root/.jenkins/workspace/cr1821_v3.0.0_release_build/fsbl/build/cv1820a_wevb_0006a_spinor/bl2/phy_init.o
 .note.GNU-stack
                0x0000000000000000        0x0 /root/.jenkins/workspace/cr1821_v3.0.0_release_build/fsbl/build/cv1820a_wevb_0006a_spinor/bl2/ddr_patch_regs.o

.debug_ranges   0x0000000000000000    0x26ab0
 .debug_ranges  0x0000000000000000       0x30 /root/.jenkins/workspace/cr1821_v3.0.0_release_build/fsbl/build/cv1820a_wevb_0006a_spinor/bl2/cpu_helper.o
 .debug_ranges  0x0000000000000030       0xb0 /root/.jenkins/workspace/cr1821_v3.0.0_release_build/fsbl/build/cv1820a_wevb_0006a_spinor/bl2/delay_timer.o
 .debug_ranges  0x00000000000000e0       0x50 /root/.jenkins/workspace/cr1821_v3.0.0_release_build/fsbl/build/cv1820a_wevb_0006a_spinor/bl2/bl2_helper.o
 .debug_ranges  0x0000000000000130       0xa0 /root/.jenkins/workspace/cr1821_v3.0.0_release_build/fsbl/build/cv1820a_wevb_0006a_spinor/bl2/tf_printf.o
 .debug_ranges  0x00000000000001d0      0x770 /root/.jenkins/workspace/cr1821_v3.0.0_release_build/fsbl/build/cv1820a_wevb_0006a_spinor/bl2/platform.o
 .debug_ranges  0x0000000000000940       0x20 /root/.jenkins/workspace/cr1821_v3.0.0_release_build/fsbl/build/cv1820a_wevb_0006a_spinor/bl2/security.o
 .debug_ranges  0x0000000000000960      0x120 /root/.jenkins/workspace/cr1821_v3.0.0_release_build/fsbl/build/cv1820a_wevb_0006a_spinor/bl2/mem.o
 .debug_ranges  0x0000000000000a80       0x20 /root/.jenkins/workspace/cr1821_v3.0.0_release_build/fsbl/build/cv1820a_wevb_0006a_spinor/bl2/putchar.o
 .debug_ranges  0x0000000000000aa0      0x140 /root/.jenkins/workspace/cr1821_v3.0.0_release_build/fsbl/build/cv1820a_wevb_0006a_spinor/bl2/bl2_main.o
 .debug_ranges  0x0000000000000be0      0x110 /root/.jenkins/workspace/cr1821_v3.0.0_release_build/fsbl/build/cv1820a_wevb_0006a_spinor/bl2/decompress.o
 .debug_ranges  0x0000000000000cf0      0x930 /root/.jenkins/workspace/cr1821_v3.0.0_release_build/fsbl/build/cv1820a_wevb_0006a_spinor/bl2/LzmaDec.o
 .debug_ranges  0x0000000000001620    0x18160 /root/.jenkins/workspace/cr1821_v3.0.0_release_build/fsbl/build/cv1820a_wevb_0006a_spinor/bl2/lz4_all.o
 .debug_ranges  0x0000000000019780     0x2120 /root/.jenkins/workspace/cr1821_v3.0.0_release_build/fsbl/build/cv1820a_wevb_0006a_spinor/bl2/xxhash.o
 .debug_ranges  0x000000000001b8a0       0x20 /root/.jenkins/workspace/cr1821_v3.0.0_release_build/fsbl/build/cv1820a_wevb_0006a_spinor/bl2/ddr.o
 .debug_ranges  0x000000000001b8c0       0xc0 /root/.jenkins/workspace/cr1821_v3.0.0_release_build/fsbl/build/cv1820a_wevb_0006a_spinor/bl2/ddr_pkg_info.o
 .debug_ranges  0x000000000001b980      0x130 /root/.jenkins/workspace/cr1821_v3.0.0_release_build/fsbl/build/cv1820a_wevb_0006a_spinor/bl2/ddr_sys_bring_up.o